Component: ARM Compiler 5.06 update 7 (build 960) Tool: armlink [4d3601]

==============================================================================

Section Cross References

    startup_lpc17xx.o(STACK) refers (Special) to heapauxi.o(.text) for __use_two_region_memory
    startup_lpc17xx.o(HEAP) refers (Special) to heapauxi.o(.text) for __use_two_region_memory
    startup_lpc17xx.o(RESET) refers (Special) to heapauxi.o(.text) for __use_two_region_memory
    startup_lpc17xx.o(RESET) refers to startup_lpc17xx.o(STACK) for __initial_sp
    startup_lpc17xx.o(RESET) refers to startup_lpc17xx.o(.text) for Reset_Handler
    startup_lpc17xx.o(RESET) refers to irq_timer.o(.text) for TIMER0_IRQHandler
    startup_lpc17xx.o(RESET) refers to irq_button.o(.text) for EINT0_IRQHandler
    startup_lpc17xx.o(RESET) refers to irq_adc.o(.text) for ADC_IRQHandler
    startup_lpc17xx.o(RESET) refers to irq_rit.o(.text) for RIT_IRQHandler
    startup_lpc17xx.o(.ARM.__at_0x02FC) refers (Special) to heapauxi.o(.text) for __use_two_region_memory
    startup_lpc17xx.o(.text) refers (Special) to heapauxi.o(.text) for __use_two_region_memory
    startup_lpc17xx.o(.text) refers to __main.o(!!!main) for __main
    startup_lpc17xx.o(.text) refers to startup_lpc17xx.o(HEAP) for Heap_Mem
    startup_lpc17xx.o(.text) refers to startup_lpc17xx.o(STACK) for Stack_Mem
    pong.o(.text) refers to _printf_percent.o(.ARM.Collect$$_printf_percent$$00000000) for _printf_percent
    pong.o(.text) refers to _printf_d.o(.ARM.Collect$$_printf_percent$$00000009) for _printf_d
    pong.o(.text) refers to _printf_dec.o(.text) for _printf_int_dec
    pong.o(.text) refers to sin.o(i.sin) for sin
    pong.o(.text) refers to d2f.o(x$fpl$d2f) for __aeabi_d2f
    pong.o(.text) refers to cos.o(i.cos) for cos
    pong.o(.text) refers to glcd.o(.text) for LCD_Clear
    pong.o(.text) refers to f2d.o(x$fpl$f2d) for __aeabi_f2d
    pong.o(.text) refers to floor.o(i.floor) for floor
    pong.o(.text) refers to dfixu.o(x$fpl$dfixu) for __aeabi_d2uiz
    pong.o(.text) refers to noretval__2sprintf.o(.text) for __2sprintf
    pong.o(.text) refers to lib_timer.o(.text) for enable_timer
    pong.o(.text) refers to lib_rit.o(.text) for disable_RIT
    pong.o(.text) refers to fflt_clz.o(x$fpl$fflt) for __aeabi_i2f
    pong.o(.text) refers to frleqf.o(x$fpl$frleqf) for __aeabi_cfrcmple
    pong.o(.text) refers to fleqf.o(x$fpl$fleqf) for __aeabi_cfcmple
    pong.o(.text) refers to dleqf.o(x$fpl$dleqf) for __aeabi_cdcmple
    pong.o(.text) refers to drleqf.o(x$fpl$drleqf) for __aeabi_cdrcmple
    pong.o(.text) refers to daddsub_clz.o(x$fpl$dsub) for __aeabi_dsub
    pong.o(.text) refers to daddsub_clz.o(x$fpl$dadd) for __aeabi_dadd
    pong.o(.text) refers to fmod.o(i.fmod) for fmod
    pong.o(.text) refers to fflt_clz.o(x$fpl$ffltu) for __aeabi_ui2f
    pong.o(.text) refers to faddsub_clz.o(x$fpl$fadd) for __aeabi_fadd
    pong.o(.text) refers to pong.o(.data) for ball_x
    pong.o(.text) refers to dflt_clz.o(x$fpl$dfltu) for __aeabi_ui2d
    pong.o(.text) refers to dfix.o(x$fpl$dfix) for __aeabi_d2iz
    pong.o(.text) refers to ffix.o(x$fpl$ffix) for __aeabi_f2iz
    pong.o(.text) refers to faddsub_clz.o(x$fpl$fsub) for __aeabi_fsub
    pong.o(.text) refers to fdiv.o(x$fpl$fdiv) for __aeabi_fdiv
    pong.o(.text) refers to faddsub_clz.o(x$fpl$frsb) for __aeabi_frsub
    pong.o(.text) refers to dflt_clz.o(x$fpl$dflt) for __aeabi_i2d
    pong.o(.text) refers to dmul.o(x$fpl$dmul) for __aeabi_dmul
    pong.o(.text) refers to ddiv.o(x$fpl$ddiv) for __aeabi_ddiv
    sample.o(.text) refers to system_lpc17xx.o(.text) for SystemInit
    sample.o(.text) refers to glcd.o(.text) for LCD_Initialization
    sample.o(.text) refers to lib_button.o(.text) for BUTTON_init
    sample.o(.text) refers to lib_adc.o(.text) for ADC_init
    sample.o(.text) refers to lib_rit.o(.text) for init_RIT
    sample.o(.text) refers to lib_timer.o(.text) for init_timer
    sample.o(.text) refers to pong.o(.text) for pong_init
    system_lpc17xx.o(.text) refers to system_lpc17xx.o(.data) for SystemFrequency
    funct_led.o(.text) refers to funct_led.o(.constdata) for led_mask
    funct_led.o(.text) refers to lib_led.o(.data) for led_value
    lib_led.o(.text) refers to lib_led.o(.data) for led_value
    irq_button.o(.text) refers to irq_rit.o(.data) for down_INT0
    irq_timer.o(.text) refers to frleqf.o(x$fpl$frleqf) for __aeabi_cfrcmple
    irq_timer.o(.text) refers to pong.o(.text) for manage_loosing
    irq_timer.o(.text) refers to dflt_clz.o(x$fpl$dflt) for __aeabi_i2d
    irq_timer.o(.text) refers to f2d.o(x$fpl$f2d) for __aeabi_f2d
    irq_timer.o(.text) refers to floor.o(i.floor) for floor
    irq_timer.o(.text) refers to daddsub_clz.o(x$fpl$dadd) for __aeabi_dadd
    irq_timer.o(.text) refers to dfixu.o(x$fpl$dfixu) for __aeabi_d2uiz
    irq_timer.o(.text) refers to glcd.o(.text) for LCD_SetPoint
    irq_timer.o(.text) refers to fmul.o(x$fpl$fmul) for __aeabi_fmul
[...]
    retnan.o(x$fpl$retnan) refers to trapv.o(x$fpl$trapveneer) for __fpl_cmpreturn
    rtexit2.o(.ARM.Collect$$rtexit$$00000003) refers to libshutdown.o(.ARM.Collect$$libshutdown$$00000000) for __rt_lib_shutdown
    rtexit2.o(.ARM.Collect$$rtexit$$00000004) refers to sys_exit.o(.text) for _sys_exit
    rtexit2.o(.ARM.exidx) refers to rtexit2.o(.ARM.Collect$$rtexit$$00000001) for .ARM.Collect$$rtexit$$00000001
    rtexit2.o(.ARM.exidx) refers to rtexit2.o(.ARM.Collect$$rtexit$$00000003) for .ARM.Collect$$rtexit$$00000003
    rtexit2.o(.ARM.exidx) refers to rtexit2.o(.ARM.Collect$$rtexit$$00000004) for .ARM.Collect$$rtexit$$00000004
    argv_veneer.o(.emb_text) refers to no_argv.o(.text) for __ARM_get_argv
    trapv.o(x$fpl$trapveneer) refers (Special) to usenofp.o(x$fpl$usenofp) for __I$use$fp
    sys_exit.o(.text) refers (Special) to use_no_semi.o(.text) for __I$use$semihosting
    sys_exit.o(.text) refers (Special) to indicate_semi.o(.text) for __semihosting_library_function
    _get_argv_nomalloc.o(.text) refers (Special) to hrguard.o(.text) for __heap_region$guard
    _get_argv_nomalloc.o(.text) refers to defsig_rtmem_outer.o(.text) for __rt_SIGRTMEM
    _get_argv_nomalloc.o(.text) refers to sys_command.o(.text) for _sys_command_string
    libshutdown.o(.ARM.Collect$$libshutdown$$00000000) refers (Special) to libshutdown2.o(.ARM.Collect$$libshutdown$$00000004) for __rt_lib_shutdown_cpp_1
    libshutdown.o(.ARM.Collect$$libshutdown$$00000000) refers (Special) to libshutdown2.o(.ARM.Collect$$libshutdown$$00000002) for __rt_lib_shutdown_fini_1
    libshutdown.o(.ARM.Collect$$libshutdown$$00000000) refers (Special) to libshutdown2.o(.ARM.Collect$$libshutdown$$00000009) for __rt_lib_shutdown_fp_trap_1
    libshutdown.o(.ARM.Collect$$libshutdown$$00000000) refers (Special) to libshutdown2.o(.ARM.Collect$$libshutdown$$00000011) for __rt_lib_shutdown_heap_1
    libshutdown.o(.ARM.Collect$$libshutdown$$00000000) refers (Special) to libshutdown2.o(.ARM.Collect$$libshutdown$$00000012) for __rt_lib_shutdown_return
    libshutdown.o(.ARM.Collect$$libshutdown$$00000000) refers (Special) to libshutdown2.o(.ARM.Collect$$libshutdown$$0000000C) for __rt_lib_shutdown_signal_1
    libshutdown.o(.ARM.Collect$$libshutdown$$00000000) refers (Special) to libshutdown2.o(.ARM.Collect$$libshutdown$$00000006) for __rt_lib_shutdown_stdio_1
    libshutdown.o(.ARM.Collect$$libshutdown$$00000000) refers (Special) to libshutdown2.o(.ARM.Collect$$libshutdown$$0000000E) for __rt_lib_shutdown_user_alloc_1
    sys_command.o(.text) refers (Special) to use_no_semi.o(.text) for __I$use$semihosting
    sys_command.o(.text) refers (Special) to indicate_semi.o(.text) for __semihosting_library_function
    defsig_rtmem_outer.o(.text) refers to defsig_rtmem_inner.o(.text) for __rt_SIGRTMEM_inner
    defsig_rtmem_outer.o(.text) refers to defsig_exit.o(.text) for __sig_exit
    defsig_rtmem_formal.o(.text) refers to rt_raise.o(.text) for __rt_raise
    rt_raise.o(.text) refers to __raise.o(.text) for __raise
    rt_raise.o(.text) refers to sys_exit.o(.text) for _sys_exit
    defsig_exit.o(.text) refers to sys_exit.o(.text) for _sys_exit
    defsig_rtmem_inner.o(.text) refers to defsig_general.o(.text) for __default_signal_display
    __raise.o(.text) refers to defsig.o(CL$$defsig) for __default_signal_handler
    defsig_general.o(.text) refers to sys_wrch.o(.text) for _ttywrch
    sys_wrch.o(.text) refers (Special) to use_no_semi.o(.text) for __I$use$semihosting
    sys_wrch.o(.text) refers (Special) to indicate_semi.o(.text) for __semihosting_library_function
    defsig.o(CL$$defsig) refers to defsig_rtmem_inner.o(.text) for __rt_SIGRTMEM_inner
    defsig_abrt_inner.o(.text) refers to defsig_general.o(.text) for __default_signal_display
    defsig_fpe_inner.o(.text) refers to defsig_general.o(.text) for __default_signal_display
    defsig_rtred_inner.o(.text) refers to defsig_general.o(.text) for __default_signal_display
    defsig_stak_inner.o(.text) refers to defsig_general.o(.text) for __default_signal_display
    defsig_pvfn_inner.o(.text) refers to defsig_general.o(.text) for __default_signal_display
    defsig_cppl_inner.o(.text) refers to defsig_general.o(.text) for __default_signal_display
    defsig_segv_inner.o(.text) refers to defsig_general.o(.text) for __default_signal_display
    defsig_other.o(.text) refers to defsig_general.o(.text) for __default_signal_display


==============================================================================

Removing Unused input sections from the image.

    Removing pong.o(.rev16_text), (4 bytes).
    Removing pong.o(.revsh_text), (4 bytes).
    Removing pong.o(.rrx_text), (6 bytes).
    Removing sample.o(.rev16_text), (4 bytes).
    Removing sample.o(.revsh_text), (4 bytes).
    Removing sample.o(.rrx_text), (6 bytes).
    Removing core_cm3.o(.emb_text), (32 bytes).
    Removing system_lpc17xx.o(.rev16_text), (4 bytes).
    Removing system_lpc17xx.o(.revsh_text), (4 bytes).
    Removing system_lpc17xx.o(.rrx_text), (6 bytes).
    Removing funct_led.o(.rev16_text), (4 bytes).
    Removing funct_led.o(.revsh_text), (4 bytes).
    Removing funct_led.o(.rrx_text), (6 bytes).
    Removing funct_led.o(.text), (108 bytes).
    Removing funct_led.o(.constdata), (32 bytes).
    Removing lib_led.o(.rev16_text), (4 bytes).
    Removing lib_led.o(.revsh_text), (4 bytes).
    Removing lib_led.o(.rrx_text), (6 bytes).
    Removing lib_led.o(.text), (64 bytes).
    Removing lib_led.o(.data), (1 bytes).
    Removing irq_button.o(.rev16_text), (4 bytes).
    Removing irq_button.o(.revsh_text), (4 bytes).
    Removing irq_button.o(.rrx_text), (6 bytes).
    Removing lib_button.o(.rev16_text), (4 bytes).
    Removing lib_button.o(.revsh_text), (4 bytes).
    Removing lib_button.o(.rrx_text), (6 bytes).
    Removing irq_timer.o(.rev16_text), (4 bytes).
    Removing irq_timer.o(.revsh_text), (4 bytes).
    Removing irq_timer.o(.rrx_text), (6 bytes).
    Removing lib_timer.o(.rev16_text), (4 bytes).
    Removing lib_timer.o(.revsh_text), (4 bytes).
    Removing lib_timer.o(.rrx_text), (6 bytes).
    Removing irq_rit.o(.rev16_text), (4 bytes).
    Removing irq_rit.o(.revsh_text), (4 bytes).
    Removing irq_rit.o(.rrx_text), (6 bytes).
    Removing lib_rit.o(.rev16_text), (4 bytes).
    Removing lib_rit.o(.revsh_text), (4 bytes).
    Removing lib_rit.o(.rrx_text), (6 bytes).
    Removing irq_adc.o(.rev16_text), (4 bytes).
    Removing irq_adc.o(.revsh_text), (4 bytes).
    Removing irq_adc.o(.rrx_text), (6 bytes).
    Removing lib_adc.o(.rev16_text), (4 bytes).
    Removing lib_adc.o(.revsh_text), (4 bytes).
    Removing lib_adc.o(.rrx_text), (6 bytes).
    Removing glcd.o(.rev16_text), (4 bytes).
    Removing glcd.o(.revsh_text), (4 bytes).
    Removing glcd.o(.rrx_text), (6 bytes).
    Removing hzlib.o(.text), (52 bytes).
    Removing hzlib.o(.constdata), (216576 bytes).

49 unused section(s) (total 217061 bytes) removed from the image.

==============================================================================

Image Symbol Table

    Local Symbols

    Symbol Name                              Value     Ov Type        Size  Object(Section)

    RESET                                    0x00000000   Section      204  startup_lpc17xx.o(RESET)
    ../clib/angel/boardlib.s                 0x00000000   Number         0  boardinit1.o ABSOLUTE
    ../clib/angel/boardlib.s                 0x00000000   Number         0  boardinit2.o ABSOLUTE
    ../clib/angel/boardlib.s                 0x00000000   Number         0  boardinit3.o ABSOLUTE
    ../clib/angel/boardlib.s                 0x00000000   Number         0  boardshut.o ABSOLUTE
    ../clib/angel/handlers.s                 0x00000000   Number         0  __scatter_zi.o ABSOLUTE
    ../clib/angel/handlers.s                 0x00000000   Number         0  __scatter_copy.o ABSOLUTE
    ../clib/angel/kernel.s                   0x00000000   Number         0  __rtentry.o ABSOLUTE
    ../clib/angel/kernel.s                   0x00000000   Number         0  rtexit.o ABSOLUTE
    ../clib/angel/kernel.s                   0x00000000   Number         0  rtexit2.o ABSOLUTE
    ../clib/angel/kernel.s                   0x00000000   Number         0  __rtentry2.o ABSOLUTE
    ../clib/angel/kernel.s                   0x00000000   Number         0  __rtentry4.o ABSOLUTE
    ../clib/angel/rt.s                       0x00000000   Number         0  rt_errno_addr.o ABSOLUTE
    ../clib/angel/rt.s                       0x00000000   Number         0  rt_raise.o ABSOLUTE
    ../clib/angel/rt.s                       0x00000000   Number         0  rt_errno_addr_intlibspace.o ABSOLUTE
    ../clib/angel/scatter.s                  0x00000000   Number         0  __scatter.o ABSOLUTE
    ../clib/angel/startup.s                  0x00000000   Number         0  __main.o ABSOLUTE
    ../clib/angel/sys.s                      0x00000000   Number         0  use_no_semi.o ABSOLUTE
    ../clib/angel/sys.s                      0x00000000   Number         0  indicate_semi.o ABSOLUTE
    ../clib/angel/sys.s                      0x00000000   Number         0  libspace.o ABSOLUTE
    ../clib/angel/sys.s                      0x00000000   Number         0  sys_stackheap_outer.o ABSOLUTE
    ../clib/angel/sysapp.c                   0x00000000   Number         0  sys_command.o ABSOLUTE
    ../clib/angel/sysapp.c                   0x00000000   Number         0  sys_exit.o ABSOLUTE
    ../clib/angel/sysapp.c                   0x00000000   Number         0  sys_wrch.o ABSOLUTE
    ../clib/armsys.c                         0x00000000   Number         0  argv_veneer.o ABSOLUTE
    ../clib/armsys.c                         0x00000000   Number         0  argv_veneer.o ABSOLUTE
    ../clib/armsys.c                         0x00000000   Number         0  _get_argv_nomalloc.o ABSOLUTE
    ../clib/armsys.c                         0x00000000   Number         0  no_argv.o ABSOLUTE
    ../clib/fenv.c                           0x00000000   Number         0  _rserrno.o ABSOLUTE
    ../clib/heapalloc.c                      0x00000000   Number         0  hrguard.o ABSOLUTE
    ../clib/heapaux.c                        0x00000000   Number         0  heapauxi.o ABSOLUTE
    ../clib/libinit.s                        0x00000000   Number         0  libshutdown.o ABSOLUTE
    ../clib/libinit.s                        0x00000000   Number         0  libinit.o ABSOLUTE
    ../clib/libinit.s                        0x00000000   Number         0  libinit2.o ABSOLUTE
    ../clib/libinit.s                        0x00000000   Number         0  libshutdown2.o ABSOLUTE
    ../clib/memcpset.s                       0x00000000   Number         0  rt_memcpy_w.o ABSOLUTE
    ../clib/memcpset.s                       0x00000000   Number         0  rt_memcpy_v6.o ABSOLUTE
    ../clib/printf.c                         0x00000000   Number         0  _sputc.o ABSOLUTE
    ../clib/printf.c                         0x00000000   Number         0  _printf_char_common.o ABSOLUTE
    ../clib/printf.c                         0x00000000   Number         0  _printf_intcommon.o ABSOLUTE
    ../clib/printf.c                         0x00000000   Number         0  __printf_ss.o ABSOLUTE
    ../clib/printf.c                         0x00000000   Number         0  __printf_nopercent.o ABSOLUTE
    ../clib/printf.c                         0x00000000   Number         0  __printf_wp.o ABSOLUTE
    ../clib/printf.c                         0x00000000   Number         0  __printf_flags_ss.o ABSOLUTE
    ../clib/printf.c                         0x00000000   Number         0  __printf_flags_ss_wp.o ABSOLUTE
    ../clib/printf.c                         0x00000000   Number         0  __2sprintf.o ABSOLUTE
    ../clib/printf.c                         0x00000000   Number         0  noretval__2sprintf.o ABSOLUTE
    ../clib/printf.c                         0x00000000   Number         0  __printf.o ABSOLUTE
    ../clib/printf.c                         0x00000000   Number         0  _printf_dec.o ABSOLUTE
    ../clib/printf.c                         0x00000000   Number         0  __printf_flags.o ABSOLUTE
    ../clib/printf.c                         0x00000000   Number         0  __printf_ss_wp.o ABSOLUTE
    ../clib/printf.c                         0x00000000   Number         0  __printf_flags_wp.o ABSOLUTE
    ../clib/printf_percent.s                 0x00000000   Number         0  _printf_percent_end.o ABSOLUTE
    ../clib/printf_percent.s                 0x00000000   Number         0  _printf_percent.o ABSOLUTE
    ../clib/printf_percent.s                 0x00000000   Number         0  _printf_d.o ABSOLUTE
    ../clib/signal.c                         0x00000000   Number         0  defsig_segv_inner.o ABSOLUTE
    ../clib/signal.c                         0x00000000   Number         0  defsig_rtmem_formal.o ABSOLUTE
    ../clib/signal.c                         0x00000000   Number         0  defsig_rtmem_inner.o ABSOLUTE
    ../clib/signal.c                         0x00000000   Number         0  defsig_rtmem_outer.o ABSOLUTE
    ../clib/signal.c                         0x00000000   Number         0  defsig_general.o ABSOLUTE
    ../clib/signal.c                         0x00000000   Number         0  __raise.o ABSOLUTE
    ../clib/signal.c                         0x00000000   Number         0  defsig_rtred_inner.o ABSOLUTE
    ../clib/signal.c                         0x00000000   Number         0  defsig_stak_inner.o ABSOLUTE
    ../clib/signal.c                         0x00000000   Number         0  defsig_pvfn_inner.o ABSOLUTE
    ../clib/signal.c                         0x00000000   Number         0  defsig_cppl_inner.o ABSOLUTE
    ../clib/signal.c                         0x00000000   Number         0  defsig_abrt_inner.o ABSOLUTE
    ../clib/signal.c                         0x00000000   Number         0  defsig_fpe_inner.o ABSOLUTE
    ../clib/signal.c                         0x00000000   Number         0  defsig_exit.o ABSOLUTE
    ../clib/signal.c                         0x00000000   Number         0  defsig_other.o ABSOLUTE
    ../clib/signal.s                         0x00000000   Number         0  defsig.o ABSOLUTE
    ../clib/stdlib.c                         0x00000000   Number         0  exit.o ABSOLUTE
    ../fplib/d2f.s                           0x00000000   Number         0  d2f.o ABSOLUTE
    ../fplib/daddsub.s                       0x00000000   Number         0  daddsub_clz.o ABSOLUTE
    ../fplib/dcheck1.s                       0x00000000   Number         0  dcheck1.o ABSOLUTE
    ../fplib/dcmpi.s                         0x00000000   Number         0  dcmpi.o ABSOLUTE
    ../fplib/ddiv.s                          0x00000000   Number         0  ddiv.o ABSOLUTE
    ../fplib/dfix.s                          0x00000000   Number         0  dfix.o ABSOLUTE
    ../fplib/dfixu.s                         0x00000000   Number         0  dfixu.o ABSOLUTE
    ../fplib/dflt.s                          0x00000000   Number         0  dflt_clz.o ABSOLUTE
    ../fplib/dleqf.s                         0x00000000   Number         0  dleqf.o ABSOLUTE
    ../fplib/dmul.s                          0x00000000   Number         0  dmul.o ABSOLUTE
    ../fplib/dnaninf.s                       0x00000000   Number         0  dnaninf.o ABSOLUTE
    ../fplib/drem.s                          0x00000000   Number         0  drem_clz.o ABSOLUTE
    ../fplib/dretinf.s                       0x00000000   Number         0  dretinf.o ABSOLUTE
    ../fplib/drleqf.s                        0x00000000   Number         0  drleqf.o ABSOLUTE
    ../fplib/f2d.s                           0x00000000   Number         0  f2d.o ABSOLUTE
    ../fplib/faddsub.s                       0x00000000   Number         0  faddsub_clz.o ABSOLUTE
    ../fplib/fcmpi.s                         0x00000000   Number         0  fcmpi.o ABSOLUTE
    ../fplib/fdiv.s                          0x00000000   Number         0  fdiv.o ABSOLUTE
    ../fplib/ffix.s                          0x00000000   Number         0  ffix.o ABSOLUTE
    ../fplib/fflt.s                          0x00000000   Number         0  fflt_clz.o ABSOLUTE
    ../fplib/fleqf.s                         0x00000000   Number         0  fleqf.o ABSOLUTE
    ../fplib/fmul.s                          0x00000000   Number         0  fmul.o ABSOLUTE
    ../fplib/fnaninf.s                       0x00000000   Number         0  fnaninf.o ABSOLUTE
    ../fplib/fpinit.s                        0x00000000   Number         0  fpinit.o ABSOLUTE
    ../fplib/fretinf.s                       0x00000000   Number         0  fretinf.o ABSOLUTE
    ../fplib/frleqf.s                        0x00000000   Number         0  frleqf.o ABSOLUTE
    ../fplib/retnan.s                        0x00000000   Number         0  retnan.o ABSOLUTE
    ../fplib/scalbn.s                        0x00000000   Number         0  scalbn.o ABSOLUTE
    ../fplib/trapv.s                         0x00000000   Number         0  trapv.o ABSOLUTE
    ../fplib/usenofp.s                       0x00000000   Number         0  usenofp.o ABSOLUTE
    ../mathlib/cos.c                         0x00000000   Number         0  cos_x.o ABSOLUTE
    ../mathlib/cos.c                         0x00000000   Number         0  cos.o ABSOLUTE
    ../mathlib/cos_i.c                       0x00000000   Number         0  cos_i.o ABSOLUTE
    ../mathlib/dunder.c                      0x00000000   Number         0  dunder.o ABSOLUTE
    ../mathlib/floor.c                       0x00000000   Number         0  floor.o ABSOLUTE
    ../mathlib/fmod.c                        0x00000000   Number         0  fmod_x.o ABSOLUTE
    ../mathlib/fmod.c                        0x00000000   Number         0  fmod.o ABSOLUTE
    ../mathlib/fpclassify.c                  0x00000000   Number         0  fpclassify.o ABSOLUTE
    ../mathlib/poly.c                        0x00000000   Number         0  poly.o ABSOLUTE
    ../mathlib/rred.c                        0x00000000   Number         0  rred.o ABSOLUTE
    ../mathlib/sin.c                         0x00000000   Number         0  sin.o ABSOLUTE
    ../mathlib/sin.c                         0x00000000   Number         0  sin_x.o ABSOLUTE
    ../mathlib/sin_i.c                       0x00000000   Number         0  sin_i.o ABSOLUTE
    ../mathlib/sin_i.c                       0x00000000   Number         0  sin_i_x.o ABSOLUTE
    GLCD\AsciiLib.c                          0x00000000   Number         0  asciilib.o ABSOLUTE
    GLCD\GLCD.c                              0x00000000   Number         0  glcd.o ABSOLUTE
    GLCD\HzLib.c                             0x00000000   Number         0  hzlib.o ABSOLUTE
    GLCD\\GLCD.c                             0x00000000   Number         0  glcd.o ABSOLUTE
    RIT\IRQ_RIT.c                            0x00000000   Number         0  irq_rit.o ABSOLUTE
    RIT\\IRQ_RIT.c                           0x00000000   Number         0  irq_rit.o ABSOLUTE
    RIT\\lib_RIT.c                           0x00000000   Number         0  lib_rit.o ABSOLUTE
    RIT\lib_RIT.c                            0x00000000   Number         0  lib_rit.o ABSOLUTE
    adc\IRQ_adc.c                            0x00000000   Number         0  irq_adc.o ABSOLUTE
    adc\\IRQ_adc.c                           0x00000000   Number         0  irq_adc.o ABSOLUTE
    adc\\lib_adc.c                           0x00000000   Number         0  lib_adc.o ABSOLUTE
    adc\lib_adc.c                            0x00000000   Number         0  lib_adc.o ABSOLUTE
    button_EXINT\IRQ_button.c                0x00000000   Number         0  irq_button.o ABSOLUTE
    button_EXINT\\IRQ_button.c               0x00000000   Number         0  irq_button.o ABSOLUTE
    button_EXINT\\lib_button.c               0x00000000   Number         0  lib_button.o ABSOLUTE
    button_EXINT\lib_button.c                0x00000000   Number         0  lib_button.o ABSOLUTE
    core_cm3.c                               0x00000000   Number         0  core_cm3.o ABSOLUTE
    core_cm3.c                               0x00000000   Number         0  core_cm3.o ABSOLUTE
    dc.s                                     0x00000000   Number         0  dc.o ABSOLUTE
    led\\funct_led.c                         0x00000000   Number         0  funct_led.o ABSOLUTE
    led\\lib_led.c                           0x00000000   Number         0  lib_led.o ABSOLUTE
    led\funct_led.c                          0x00000000   Number         0  funct_led.o ABSOLUTE
    led\lib_led.c                            0x00000000   Number         0  lib_led.o ABSOLUTE
    pong\\pong.c                             0x00000000   Number         0  pong.o ABSOLUTE
    pong\pong.c                              0x00000000   Number         0  pong.o ABSOLUTE
    sample.c                                 0x00000000   Number         0  sample.o ABSOLUTE
    sample.c                                 0x00000000   Number         0  sample.o ABSOLUTE
    startup_LPC17xx.s                        0x00000000   Number         0  startup_lpc17xx.o ABSOLUTE
    system_LPC17xx.c                         0x00000000   Number         0  system_lpc17xx.o ABSOLUTE
    system_LPC17xx.c                         0x00000000   Number         0  system_lpc17xx.o ABSOLUTE
    timer\IRQ_timer.c                        0x00000000   Number         0  irq_timer.o ABSOLUTE
    timer\\IRQ_timer.c                       0x00000000   Number         0  irq_timer.o ABSOLUTE
    timer\\lib_timer.c                       0x00000000   Number         0  lib_timer.o ABSOLUTE
    timer\lib_timer.c                        0x00000000   Number         0  lib_timer.o ABSOLUTE
    !!!main                                  0x000000cc   Section        8  __main.o(!!!main)
    !!!scatter                               0x000000d4   Section       52  __scatter.o(!!!scatter)
    !!handler_copy                           0x00000108   Section       26  __scatter_copy.o(!!handler_copy)
    !!handler_zi                             0x00000124   Section       28  __scatter_zi.o(!!handler_zi)
    .ARM.Collect$$_printf_percent$$00000000  0x00000140   Section        0  _printf_percent.o(.ARM.Collect$$_printf_percent$$00000000)
    .ARM.Collect$$_printf_percent$$00000009  0x00000140   Section        6  _printf_d.o(.ARM.Collect$$_printf_percent$$00000009)
    .ARM.Collect$$_printf_percent$$00000017  0x00000146   Section        4  _printf_percent_end.o(.ARM.Collect$$_printf_percent$$00000017)
    .ARM.Collect$$libinit$$00000000          0x0000014a   Section        2  libinit.o(.ARM.Collect$$libinit$$00000000)
    .ARM.Collect$$libinit$$00000002          0x0000014c   Section        0  libinit2.o(.ARM.Collect$$libinit$$00000002)
    .ARM.Collect$$libinit$$00000004          0x0000014c   Section        0  libinit2.o(.ARM.Collect$$libinit$$00000004)
    .ARM.Collect$$libinit$$0000000A          0x0000014c   Section        0  libinit2.o(.ARM.Collect$$libinit$$0000000A)
    .ARM.Collect$$libinit$$0000000C          0x0000014c   Section        0  libinit2.o(.ARM.Collect$$libinit$$0000000C)
    .ARM.Collect$$libinit$$0000000E          0x0000014c   Section        0  libinit2.o(.ARM.Collect$$libinit$$0000000E)
    .ARM.Collect$$libinit$$00000011          0x0000014c   Section        0  libinit2.o(.ARM.Collect$$libinit$$00000011)
    .ARM.Collect$$libinit$$00000013          0x0000014c   Section        0  libinit2.o(.ARM.Collect$$libinit$$00000013)
    .ARM.Collect$$libinit$$00000015          0x0000014c   Section        0  libinit2.o(.ARM.Collect$$libinit$$00000015)
    .ARM.Collect$$libinit$$00000017          0x0000014c   Section        0  libinit2.o(.ARM.Collect$$libinit$$00000017)
    .ARM.Collect$$libinit$$00000019          0x0000014c   Section        0  libinit2.o(.ARM.Collect$$libinit$$00000019)
    .ARM.Collect$$libinit$$0000001B          0x0000014c   Section        0  libinit2.o(.ARM.Collect$$libinit$$0000001B)
    .ARM.Collect$$libinit$$0000001D          0x0000014c   Section        0  libinit2.o(.ARM.Collect$$libinit$$0000001D)
    .ARM.Collect$$libinit$$0000001F          0x0000014c   Section        0  libinit2.o(.ARM.Collect$$libinit$$0000001F)
    .ARM.Collect$$libinit$$00000021          0x0000014c   Section        0  libinit2.o(.ARM.Collect$$libinit$$00000021)
    .ARM.Collect$$libinit$$00000023          0x0000014c   Section        0  libinit2.o(.ARM.Collect$$libinit$$00000023)
    .ARM.Collect$$libinit$$00000025          0x0000014c   Section        0  libinit2.o(.ARM.Collect$$libinit$$00000025)
    .ARM.Collect$$libinit$$0000002C          0x0000014c   Section        0  libinit2.o(.ARM.Collect$$libinit$$0000002C)
    .ARM.Collect$$libinit$$0000002E          0x0000014c   Section        0  libinit2.o(.ARM.Collect$$libinit$$0000002E)
    .ARM.Collect$$libinit$$00000030          0x0000014c   Section        0  libinit2.o(.ARM.Collect$$libinit$$00000030)
    .ARM.Collect$$libinit$$00000032          0x0000014c   Section        0  libinit2.o(.ARM.Collect$$libinit$$00000032)
    .ARM.Collect$$libinit$$00000033          0x0000014c   Section        2  libinit2.o(.ARM.Collect$$libinit$$00000033)
    .ARM.Collect$$libshutdown$$00000000      0x0000014e   Section        2  libshutdown.o(.ARM.Collect$$libshutdown$$00000000)
    .ARM.Collect$$libshutdown$$00000002      0x00000150   Section        0  libshutdown2.o(.ARM.Collect$$libshutdown$$00000002)
    .ARM.Collect$$libshutdown$$00000004      0x00000150   Section        0  libshutdown2.o(.ARM.Collect$$libshutdown$$00000004)
    .ARM.Collect$$libshutdown$$00000006      0x00000150   Section        0  libshutdown2.o(.ARM.Collect$$libshutdown$$00000006)
    .ARM.Collect$$libshutdown$$00000009      0x00000150   Section        0  libshutdown2.o(.ARM.Collect$$libshutdown$$00000009)
    .ARM.Collect$$libshutdown$$0000000C      0x00000150   Section        0  libshutdown2.o(.ARM.Collect$$libshutdown$$0000000C)
    .ARM.Collect$$libshutdown$$0000000E      0x00000150   Section        0  libshutdown2.o(.ARM.Collect$$libshutdown$$0000000E)
    .ARM.Collect$$libshutdown$$00000011      0x00000150   Section        0  libshutdown2.o(.ARM.Collect$$libshutdown$$00000011)
    .ARM.Collect$$libshutdown$$00000012      0x00000150   Section        2  libshutdown2.o(.ARM.Collect$$libshutdown$$00000012)
    .ARM.Collect$$rtentry$$00000000          0x00000152   Section        0  __rtentry.o(.ARM.Collect$$rtentry$$00000000)
    .ARM.Collect$$rtentry$$00000002          0x00000152   Section        0  __rtentry2.o(.ARM.Collect$$rtentry$$00000002)
    .ARM.Collect$$rtentry$$00000004          0x00000152   Section        6  __rtentry4.o(.ARM.Collect$$rtentry$$00000004)
    .ARM.Collect$$rtentry$$00000009          0x00000158   Section        0  __rtentry2.o(.ARM.Collect$$rtentry$$00000009)
    .ARM.Collect$$rtentry$$0000000A          0x00000158   Section        4  __rtentry2.o(.ARM.Collect$$rtentry$$0000000A)
    .ARM.Collect$$rtentry$$0000000C          0x0000015c   Section        0  __rtentry2.o(.ARM.Collect$$rtentry$$0000000C)
    .ARM.Collect$$rtentry$$0000000D          0x0000015c   Section        8  __rtentry2.o(.ARM.Collect$$rtentry$$0000000D)
    .ARM.Collect$$rtexit$$00000000           0x00000164   Section        2  rtexit.o(.ARM.Collect$$rtexit$$00000000)
    .ARM.Collect$$rtexit$$00000002           0x00000166   Section        0  rtexit2.o(.ARM.Collect$$rtexit$$00000002)
    .ARM.Collect$$rtexit$$00000003           0x00000166   Section        4  rtexit2.o(.ARM.Collect$$rtexit$$00000003)
    .ARM.Collect$$rtexit$$00000004           0x0000016a   Section        6  rtexit2.o(.ARM.Collect$$rtexit$$00000004)
    .text                                    0x00000170   Section       52  startup_lpc17xx.o(.text)
    .text                                    0x000001a4   Section        0  sample.o(.text)
    .text                                    0x00000204   Section        0  irq_button.o(.text)
    __NVIC_DisableIRQ                        0x00000205   Thumb Code    30  irq_button.o(.text)
    .text                                    0x000002bc   Section        0  asciilib.o(.text)
    .text                                    0x000002dc   Section        0  heapauxi.o(.text)
    .text                                    0x000002e2   Section        0  _rserrno.o(.text)
    .text                                    0x000002f8   Section        2  use_no_semi.o(.text)
    .text                                    0x000002fa   Section        0  indicate_semi.o(.text)
    x$fpl$usenofp                            0x000002fa   Section        0  usenofp.o(x$fpl$usenofp)
    .ARM.__at_0x02FC                         0x000002fc   Section        4  startup_lpc17xx.o(.ARM.__at_0x02FC)
    .text                                    0x00000300   Section        0  pong.o(.text)
    .text                                    0x0000095c   Section        0  system_lpc17xx.o(.text)
    .text                                    0x00000b88   Section        0  lib_button.o(.text)
    __NVIC_EnableIRQ                         0x00000b89   Thumb Code    34  lib_button.o(.text)
    __NVIC_SetPriority                       0x00000bab   Thumb Code    32  lib_button.o(.text)
    .text                                    0x00000c5c   Section        0  irq_timer.o(.text)
    .text                                    0x00000ef0   Section        0  lib_timer.o(.text)
    __NVIC_EnableIRQ                         0x00000ef1   Thumb Code    34  lib_timer.o(.text)
    .text                                    0x0000102c   Section        0  irq_rit.o(.text)
    __NVIC_EnableIRQ                         0x0000102d   Thumb Code    34  irq_rit.o(.text)
    .text                                    0x00001228   Section        0  lib_rit.o(.text)
    .text                                    0x000012bc   Section        0  irq_adc.o(.text)
    .text                                    0x00001334   Section        0  lib_adc.o(.text)
    .text                                    0x000013c4   Section        0  glcd.o(.text)
    LCD_Configuration                        0x000013c5   Thumb Code    20  glcd.o(.text)
    wait_delay                               0x000013d9   Thumb Code    12  glcd.o(.text)
    LCD_SetCursor                            0x000013e5   Thumb Code  1356  glcd.o(.text)
    delay_ms                                 0x00001931   Thumb Code    30  glcd.o(.text)
    LCD_BGR2RGB                              0x00004e2d   Thumb Code    26  glcd.o(.text)
    .text                                    0x00005508   Section        0  noretval__2sprintf.o(.text)
    .text                                    0x00005530   Section        0  __printf.o(.text)
    .text                                    0x00005598   Section        0  _printf_dec.o(.text)
    .text                                    0x00005610   Section      138  rt_memcpy_v6.o(.text)
    .text                                    0x0000569a   Section        0  _printf_intcommon.o(.text)
    .text                                    0x0000574c   Section        0  _printf_char_common.o(.text)
    _printf_input_char                       0x0000574d   Thumb Code    10  _printf_char_common.o(.text)
    .text                                    0x0000577c   Section        0  _sputc.o(.text)
    .text                                    0x00005786   Section      100  rt_memcpy_w.o(.text)
    .text                                    0x000057ec   Section        8  rt_errno_addr_intlibspace.o(.text)
    .text                                    0x000057f4   Section        8  libspace.o(.text)
    .text                                    0x000057fc   Section       74  sys_stackheap_outer.o(.text)
    .text                                    0x00005846   Section        0  exit.o(.text)
    .text                                    0x00005858   Section        0  sys_exit.o(.text)
    i.__ARM_fpclassify                       0x00005864   Section        0  fpclassify.o(i.__ARM_fpclassify)
    i.__ieee754_rem_pio2                     0x0000588c   Section        0  rred.o(i.__ieee754_rem_pio2)
    i.__kernel_cos                           0x00005c14   Section        0  cos_i.o(i.__kernel_cos)
    i.__kernel_poly                          0x00005d10   Section        0  poly.o(i.__kernel_poly)
    i.__kernel_sin                           0x00005dbc   Section        0  sin_i.o(i.__kernel_sin)
    i.__mathlib_dbl_infnan                   0x00005ea8   Section        0  dunder.o(i.__mathlib_dbl_infnan)
    i.__mathlib_dbl_invalid                  0x00005eae   Section        0  dunder.o(i.__mathlib_dbl_invalid)
    i.__mathlib_dbl_underflow                0x00005ebc   Section        0  dunder.o(i.__mathlib_dbl_underflow)
    i.cos                                    0x00005ecc   Section        0  cos.o(i.cos)
    i.floor                                  0x00005f68   Section        0  floor.o(i.floor)
    i.fmod                                   0x00006044   Section        0  fmod.o(i.fmod)
    i.sin                                    0x000060d8   Section        0  sin.o(i.sin)
    x$fpl$d2f                                0x00006178   Section       98  d2f.o(x$fpl$d2f)
    x$fpl$dadd                               0x000061dc   Section      336  daddsub_clz.o(x$fpl$dadd)
    _dadd1                                   0x000061ed   Thumb Code     0  daddsub_clz.o(x$fpl$dadd)
    x$fpl$dcheck1                            0x0000632c   Section       16  dcheck1.o(x$fpl$dcheck1)
    x$fpl$dcmpinf                            0x0000633c   Section       24  dcmpi.o(x$fpl$dcmpinf)
    x$fpl$ddiv                               0x00006354   Section      688  ddiv.o(x$fpl$ddiv)
    ddiv_entry                               0x0000635b   Thumb Code     0  ddiv.o(x$fpl$ddiv)
    x$fpl$dfix                               0x00006604   Section       94  dfix.o(x$fpl$dfix)
    x$fpl$dfixu                              0x00006664   Section       90  dfixu.o(x$fpl$dfixu)
    x$fpl$dflt                               0x000066be   Section       46  dflt_clz.o(x$fpl$dflt)
    x$fpl$dfltu                              0x000066ec   Section       38  dflt_clz.o(x$fpl$dfltu)
    x$fpl$dleqf                              0x00006714   Section      120  dleqf.o(x$fpl$dleqf)
    x$fpl$dmul                               0x0000678c   Section      340  dmul.o(x$fpl$dmul)
    x$fpl$dnaninf                            0x000068e0   Section      156  dnaninf.o(x$fpl$dnaninf)
    x$fpl$drem                               0x0000697c   Section      336  drem_clz.o(x$fpl$drem)
    x$fpl$dretinf                            0x00006acc   Section       12  dretinf.o(x$fpl$dretinf)
    x$fpl$drleqf                             0x00006ad8   Section      108  drleqf.o(x$fpl$drleqf)
    x$fpl$drsb                               0x00006b44   Section       22  daddsub_clz.o(x$fpl$drsb)
    x$fpl$dsub                               0x00006b5c   Section      468  daddsub_clz.o(x$fpl$dsub)
    _dsub1                                   0x00006b6d   Thumb Code     0  daddsub_clz.o(x$fpl$dsub)
    x$fpl$f2d                                0x00006d30   Section       86  f2d.o(x$fpl$f2d)
    x$fpl$fadd                               0x00006d88   Section      196  faddsub_clz.o(x$fpl$fadd)
    _fadd1                                   0x00006d97   Thumb Code     0  faddsub_clz.o(x$fpl$fadd)
    x$fpl$fcmpinf                            0x00006e4c   Section       24  fcmpi.o(x$fpl$fcmpinf)
    x$fpl$fdiv                               0x00006e64   Section      388  fdiv.o(x$fpl$fdiv)
    _fdiv1                                   0x00006e65   Thumb Code     0  fdiv.o(x$fpl$fdiv)
    x$fpl$ffix                               0x00006fe8   Section       54  ffix.o(x$fpl$ffix)
    x$fpl$fflt                               0x00007020   Section       48  fflt_clz.o(x$fpl$fflt)
    x$fpl$ffltu                              0x00007050   Section       38  fflt_clz.o(x$fpl$ffltu)
    x$fpl$fleqf                              0x00007078   Section      104  fleqf.o(x$fpl$fleqf)
    x$fpl$fmul                               0x000070e0   Section      258  fmul.o(x$fpl$fmul)
    x$fpl$fnaninf                            0x000071e2   Section      140  fnaninf.o(x$fpl$fnaninf)
    x$fpl$fretinf                            0x0000726e   Section       10  fretinf.o(x$fpl$fretinf)
    x$fpl$frleqf                             0x00007278   Section       98  frleqf.o(x$fpl$frleqf)
    x$fpl$frsb                               0x000072da   Section       20  faddsub_clz.o(x$fpl$frsb)
    x$fpl$fsub                               0x000072f0   Section      234  faddsub_clz.o(x$fpl$fsub)
    _fsub1                                   0x000072ff   Thumb Code     0  faddsub_clz.o(x$fpl$fsub)
    x$fpl$retnan                             0x000073da   Section      100  retnan.o(x$fpl$retnan)
    x$fpl$scalbn                             0x0000743e   Section       92  scalbn.o(x$fpl$scalbn)
    x$fpl$trapveneer                         0x0000749a   Section       48  trapv.o(x$fpl$trapveneer)
    .constdata                               0x000074ca   Section     1520  asciilib.o(.constdata)
    AsciiLib                                 0x000074ca   Data        1520  asciilib.o(.constdata)
    .constdata                               0x00007ac0   Section       48  cos_i.o(.constdata)
    C                                        0x00007ac0   Data          48  cos_i.o(.constdata)
    .constdata                               0x00007af0   Section      200  rred.o(.constdata)
    pio2s                                    0x00007af0   Data          48  rred.o(.constdata)
    twooverpi                                0x00007b20   Data         152  rred.o(.constdata)
    .constdata                               0x00007bb8   Section       40  sin_i.o(.constdata)
    S                                        0x00007bb8   Data          40  sin_i.o(.constdata)
    STACK                                    0x10000000   Section      512  startup_lpc17xx.o(STACK)
    Stack_Mem                                0x10000000   Data         512  startup_lpc17xx.o(STACK)
    __initial_sp                             0x10000200   Data           0  startup_lpc17xx.o(STACK)
    .data                                    0x2007c000   Section       48  pong.o(.data)
    .data                                    0x2007c030   Section        4  system_lpc17xx.o(.data)
    .data                                    0x2007c034   Section       96  irq_timer.o(.data)
    ticks                                    0x2007c090   Data           4  irq_timer.o(.data)
    .data                                    0x2007c094   Section       12  irq_rit.o(.data)
    .data                                    0x2007c0a0   Section        4  irq_adc.o(.data)
    .data                                    0x2007c0a4   Section        1  glcd.o(.data)
    LCD_Code                                 0x2007c0a4   Data           1  glcd.o(.data)
    .bss                                     0x2007c0a8   Section       50  irq_timer.o(.bss)
    .bss                                     0x2007c0dc   Section       96  libspace.o(.bss)
    HEAP                                     0x2007c140   Section        0  startup_lpc17xx.o(HEAP)
    Heap_Mem                                 0x2007c140   Data           0  startup_lpc17xx.o(HEAP)

    Global Symbols

    Symbol Name                              Value     Ov Type        Size  Object(Section)

    BuildAttributes$$THM_ISAv4$P$D$K$B$S$PE$A:L22UL41UL21$X:L11$S22US41US21$IEEE1$IW$USESV6$~STKCKD$USESV7$~SHL$OTIME$ROPI$IEEEX$EBA8$UX$STANDARDLIB$REQ8$PRES8$EABIv2 0x00000000   Number         0  anon$$obj.o ABSOLUTE
    __ARM_use_no_argv                        0x00000000   Number         0  sample.o ABSOLUTE
    __Vectors                                0x00000000   Data           4  startup_lpc17xx.o(RESET)
    __ARM_exceptions_init                     - Undefined Weak Reference
    __alloca_initialize                       - Undefined Weak Reference
    __arm_fini_                               - Undefined Weak Reference
    __arm_preinit_                            - Undefined Weak Reference
    __cpp_initialize__aeabi_                  - Undefined Weak Reference
    __cxa_finalize                            - Undefined Weak Reference
    __rt_locale                               - Undefined Weak Reference
    __sigvec_lookup                           - Undefined Weak Reference
    _atexit_init                              - Undefined Weak Reference
    _call_atexit_fns                          - Undefined Weak Reference
    _clock_init                               - Undefined Weak Reference
    _fp_trap_init                             - Undefined Weak Reference
    _fp_trap_shutdown                         - Undefined Weak Reference
    _get_lc_collate                           - Undefined Weak Reference
    _get_lc_ctype                             - Undefined Weak Reference
    _get_lc_monetary                          - Undefined Weak Reference
    _get_lc_numeric                           - Undefined Weak Reference
    _get_lc_time                              - Undefined Weak Reference
    _getenv_init                              - Undefined Weak Reference
    _handle_redirection                       - Undefined Weak Reference
    _init_alloc                               - Undefined Weak Reference
    _init_user_alloc                          - Undefined Weak Reference
    _initio                                   - Undefined Weak Reference
    _printf_post_padding                      - Undefined Weak Reference
    _printf_pre_padding                       - Undefined Weak Reference
    _printf_truncate_signed                   - Undefined Weak Reference
    _printf_truncate_unsigned                 - Undefined Weak Reference
    _rand_init                                - Undefined Weak Reference
    _signal_finish                            - Undefined Weak Reference
    _signal_init                              - Undefined Weak Reference
    _terminate_alloc                          - Undefined Weak Reference
    _terminate_user_alloc                     - Undefined Weak Reference
    _terminateio                              - Undefined Weak Reference
    __main                                   0x000000cd   Thumb Code     8  __main.o(!!!main)
    __scatterload                            0x000000d5   Thumb Code     0  __scatter.o(!!!scatter)
    __scatterload_rt2                        0x000000d5   Thumb Code    44  __scatter.o(!!!scatter)
    __scatterload_rt2_thumb_only             0x000000d5   Thumb Code     0  __scatter.o(!!!scatter)
    __scatterload_null                       0x000000e3   Thumb Code     0  __scatter.o(!!!scatter)
    __scatterload_copy                       0x00000109   Thumb Code    26  __scatter_copy.o(!!handler_copy)
    __scatterload_zeroinit                   0x00000125   Thumb Code    28  __scatter_zi.o(!!handler_zi)
    _printf_d                                0x00000141   Thumb Code     0  _printf_d.o(.ARM.Collect$$_printf_percent$$00000009)
    _printf_percent                          0x00000141   Thumb Code     0  _printf_percent.o(.ARM.Collect$$_printf_percent$$00000000)
    _printf_percent_end                      0x00000147   Thumb Code     0  _printf_percent_end.o(.ARM.Collect$$_printf_percent$$00000017)
    __rt_lib_init                            0x0000014b   Thumb Code     0  libinit.o(.ARM.Collect$$libinit$$00000000)
    __rt_lib_init_alloca_1                   0x0000014d   Thumb Code     0  libinit2.o(.ARM.Collect$$libinit$$0000002E)
    __rt_lib_init_argv_1                     0x0000014d   Thumb Code     0  libinit2.o(.ARM.Collect$$libinit$$0000002C)
    __rt_lib_init_atexit_1                   0x0000014d   Thumb Code     0  libinit2.o(.ARM.Collect$$libinit$$0000001B)
    __rt_lib_init_clock_1                    0x0000014d   Thumb Code     0  libinit2.o(.ARM.Collect$$libinit$$00000021)
    __rt_lib_init_cpp_1                      0x0000014d   Thumb Code     0  libinit2.o(.ARM.Collect$$libinit$$00000032)
    __rt_lib_init_exceptions_1               0x0000014d   Thumb Code     0  libinit2.o(.ARM.Collect$$libinit$$00000030)
    __rt_lib_init_fp_1                       0x0000014d   Thumb Code     0  libinit2.o(.ARM.Collect$$libinit$$00000002)
    __rt_lib_init_fp_trap_1                  0x0000014d   Thumb Code     0  libinit2.o(.ARM.Collect$$libinit$$0000001F)
    __rt_lib_init_getenv_1                   0x0000014d   Thumb Code     0  libinit2.o(.ARM.Collect$$libinit$$00000023)
    __rt_lib_init_heap_1                     0x0000014d   Thumb Code     0  libinit2.o(.ARM.Collect$$libinit$$0000000A)
    __rt_lib_init_lc_collate_1               0x0000014d   Thumb Code     0  libinit2.o(.ARM.Collect$$libinit$$00000011)
    __rt_lib_init_lc_ctype_1                 0x0000014d   Thumb Code     0  libinit2.o(.ARM.Collect$$libinit$$00000013)
    __rt_lib_init_lc_monetary_1              0x0000014d   Thumb Code     0  libinit2.o(.ARM.Collect$$libinit$$00000015)
    __rt_lib_init_lc_numeric_1               0x0000014d   Thumb Code     0  libinit2.o(.ARM.Collect$$libinit$$00000017)
    __rt_lib_init_lc_time_1                  0x0000014d   Thumb Code     0  libinit2.o(.ARM.Collect$$libinit$$00000019)
    __rt_lib_init_preinit_1                  0x0000014d   Thumb Code     0  libinit2.o(.ARM.Collect$$libinit$$00000004)
    __rt_lib_init_rand_1                     0x0000014d   Thumb Code     0  libinit2.o(.ARM.Collect$$libinit$$0000000E)
    __rt_lib_init_return                     0x0000014d   Thumb Code     0  libinit2.o(.ARM.Collect$$libinit$$00000033)
    __rt_lib_init_signal_1                   0x0000014d   Thumb Code     0  libinit2.o(.ARM.Collect$$libinit$$0000001D)
    __rt_lib_init_stdio_1                    0x0000014d   Thumb Code     0  libinit2.o(.ARM.Collect$$libinit$$00000025)
    __rt_lib_init_user_alloc_1               0x0000014d   Thumb Code     0  libinit2.o(.ARM.Collect$$libinit$$0000000C)
    __rt_lib_shutdown                        0x0000014f   Thumb Code     0  libshutdown.o(.ARM.Collect$$libshutdown$$00000000)
    __rt_lib_shutdown_cpp_1                  0x00000151   Thumb Code     0  libshutdown2.o(.ARM.Collect$$libshutdown$$00000004)
    __rt_lib_shutdown_fini_1                 0x00000151   Thumb Code     0  libshutdown2.o(.ARM.Collect$$libshutdown$$00000002)
    __rt_lib_shutdown_fp_trap_1              0x00000151   Thumb Code     0  libshutdown2.o(.ARM.Collect$$libshutdown$$00000009)
    __rt_lib_shutdown_heap_1                 0x00000151   Thumb Code     0  libshutdown2.o(.ARM.Collect$$libshutdown$$00000011)
    __rt_lib_shutdown_return                 0x00000151   Thumb Code     0  libshutdown2.o(.ARM.Collect$$libshutdown$$00000012)
    __rt_lib_shutdown_signal_1               0x00000151   Thumb Code     0  libshutdown2.o(.ARM.Collect$$libshutdown$$0000000C)
    __rt_lib_shutdown_stdio_1                0x00000151   Thumb Code     0  libshutdown2.o(.ARM.Collect$$libshutdown$$00000006)
    __rt_lib_shutdown_user_alloc_1           0x00000151   Thumb Code     0  libshutdown2.o(.ARM.Collect$$libshutdown$$0000000E)
    __rt_entry                               0x00000153   Thumb Code     0  __rtentry.o(.ARM.Collect$$rtentry$$00000000)
    __rt_entry_presh_1                       0x00000153   Thumb Code     0  __rtentry2.o(.ARM.Collect$$rtentry$$00000002)
    __rt_entry_sh                            0x00000153   Thumb Code     0  __rtentry4.o(.ARM.Collect$$rtentry$$00000004)
    __rt_entry_li                            0x00000159   Thumb Code     0  __rtentry2.o(.ARM.Collect$$rtentry$$0000000A)
    __rt_entry_postsh_1                      0x00000159   Thumb Code     0  __rtentry2.o(.ARM.Collect$$rtentry$$00000009)
    __rt_entry_main                          0x0000015d   Thumb Code     0  __rtentry2.o(.ARM.Collect$$rtentry$$0000000D)
    __rt_entry_postli_1                      0x0000015d   Thumb Code     0  __rtentry2.o(.ARM.Collect$$rtentry$$0000000C)
    __rt_exit                                0x00000165   Thumb Code     0  rtexit.o(.ARM.Collect$$rtexit$$00000000)
    __rt_exit_ls                             0x00000167   Thumb Code     0  rtexit2.o(.ARM.Collect$$rtexit$$00000003)
    __rt_exit_prels_1                        0x00000167   Thumb Code     0  rtexit2.o(.ARM.Collect$$rtexit$$00000002)
    __rt_exit_exit                           0x0000016b   Thumb Code     0  rtexit2.o(.ARM.Collect$$rtexit$$00000004)
    Reset_Handler                            0x00000171   Thumb Code     4  startup_lpc17xx.o(.text)
    NMI_Handler                              0x00000175   Thumb Code     2  startup_lpc17xx.o(.text)
    HardFault_Handler                        0x00000177   Thumb Code     2  startup_lpc17xx.o(.text)
    MemManage_Handler                        0x00000179   Thumb Code     2  startup_lpc17xx.o(.text)
    BusFault_Handler                         0x0000017b   Thumb Code     2  startup_lpc17xx.o(.text)
    UsageFault_Handler                       0x0000017d   Thumb Code     2  startup_lpc17xx.o(.text)
    SVC_Handler                              0x0000017f   Thumb Code     2  startup_lpc17xx.o(.text)
    DebugMon_Handler                         0x00000181   Thumb Code     2  startup_lpc17xx.o(.text)
    PendSV_Handler                           0x00000183   Thumb Code     2  startup_lpc17xx.o(.text)
    SysTick_Handler                          0x00000185   Thumb Code     2  startup_lpc17xx.o(.text)
    BOD_IRQHandler                           0x00000187   Thumb Code     0  startup_lpc17xx.o(.text)
    CANActivity_IRQHandler                   0x00000187   Thumb Code     0  startup_lpc17xx.o(.text)
    CAN_IRQHandler                           0x00000187   Thumb Code     0  startup_lpc17xx.o(.text)
    DMA_IRQHandler                           0x00000187   Thumb Code     0  startup_lpc17xx.o(.text)
    EINT3_IRQHandler                         0x00000187   Thumb Code     0  startup_lpc17xx.o(.text)
    ENET_IRQHandler                          0x00000187   Thumb Code     0  startup_lpc17xx.o(.text)
    I2C0_IRQHandler                          0x00000187   Thumb Code     0  startup_lpc17xx.o(.text)
    I2C1_IRQHandler                          0x00000187   Thumb Code     0  startup_lpc17xx.o(.text)
    I2C2_IRQHandler                          0x00000187   Thumb Code     0  startup_lpc17xx.o(.text)
    I2S_IRQHandler                           0x00000187   Thumb Code     0  startup_lpc17xx.o(.text)
    MCPWM_IRQHandler                         0x00000187   Thumb Code     0  startup_lpc17xx.o(.text)
    PLL0_IRQHandler                          0x00000187   Thumb Code     0  startup_lpc17xx.o(.text)
    PLL1_IRQHandler                          0x00000187   Thumb Code     0  startup_lpc17xx.o(.text)
    PWM1_IRQHandler                          0x00000187   Thumb Code     0  startup_lpc17xx.o(.text)
    QEI_IRQHandler                           0x00000187   Thumb Code     0  startup_lpc17xx.o(.text)
    RTC_IRQHandler                           0x00000187   Thumb Code     0  startup_lpc17xx.o(.text)
    SPI_IRQHandler                           0x00000187   Thumb Code     0  startup_lpc17xx.o(.text)
    SSP0_IRQHandler                          0x00000187   Thumb Code     0  startup_lpc17xx.o(.text)
    SSP1_IRQHandler                          0x00000187   Thumb Code     0  startup_lpc17xx.o(.text)
    UART0_IRQHandler                         0x00000187   Thumb Code     0  startup_lpc17xx.o(.text)
    UART1_IRQHandler                         0x00000187   Thumb Code     0  startup_lpc17xx.o(.text)
    UART2_IRQHandler                         0x00000187   Thumb Code     0  startup_lpc17xx.o(.text)
    UART3_IRQHandler                         0x00000187   Thumb Code     0  startup_lpc17xx.o(.text)
    USBActivity_IRQHandler                   0x00000187   Thumb Code     0  startup_lpc17xx.o(.text)
    USB_IRQHandler                           0x00000187   Thumb Code     0  startup_lpc17xx.o(.text)
    WDT_IRQHandler                           0x00000187   Thumb Code     0  startup_lpc17xx.o(.text)
    __user_initial_stackheap                 0x00000189   Thumb Code     0  startup_lpc17xx.o(.text)
    main                                     0x000001a5   Thumb Code    82  sample.o(.text)
    EINT0_IRQHandler                         0x00000223   Thumb Code    42  irq_button.o(.text)
    EINT1_IRQHandler                         0x0000024d   Thumb Code    42  irq_button.o(.text)
    EINT2_IRQHandler                         0x00000277   Thumb Code    42  irq_button.o(.text)
    GetASCIICode                             0x000002bd   Thumb Code    26  asciilib.o(.text)
    __use_two_region_memory                  0x000002dd   Thumb Code     2  heapauxi.o(.text)
    __rt_heap_escrow$2region                 0x000002df   Thumb Code     2  heapauxi.o(.text)
    __rt_heap_expand$2region                 0x000002e1   Thumb Code     2  heapauxi.o(.text)
    __read_errno                             0x000002e3   Thumb Code    10  _rserrno.o(.text)
    __set_errno                              0x000002ed   Thumb Code    12  _rserrno.o(.text)
    __I$use$semihosting                      0x000002f9   Thumb Code     0  use_no_semi.o(.text)
    __use_no_semihosting_swi                 0x000002f9   Thumb Code     2  use_no_semi.o(.text)
    __I$use$fp                               0x000002fa   Number         0  usenofp.o(x$fpl$usenofp)
    __semihosting_library_function           0x000002fb   Thumb Code     0  indicate_semi.o(.text)
    pong_init                                0x00000301   Thumb Code   316  pong.o(.text)
    clamp                                    0x0000043d   Thumb Code    68  pong.o(.text)
    manage_loosing                           0x00000481   Thumb Code    90  pong.o(.text)
    emit_tone                                0x000004db   Thumb Code    32  pong.o(.text)
    manage_bounce                            0x000004fb   Thumb Code  1058  pong.o(.text)
    SystemInit                               0x0000095d   Thumb Code   526  system_lpc17xx.o(.text)
    BUTTON_init                              0x00000bcb   Thumb Code   124  lib_button.o(.text)
    TIMER0_IRQHandler                        0x00000c5d   Thumb Code   492  irq_timer.o(.text)
    TIMER1_IRQHandler                        0x00000e49   Thumb Code    14  irq_timer.o(.text)
    TIMER2_IRQHandler                        0x00000e57   Thumb Code    84  irq_timer.o(.text)
    TIMER3_IRQHandler                        0x00000eab   Thumb Code     8  irq_timer.o(.text)
    enable_timer                             0x00000f13   Thumb Code    48  lib_timer.o(.text)
    disable_timer                            0x00000f43   Thumb Code    48  lib_timer.o(.text)
    reset_timer                              0x00000f73   Thumb Code    66  lib_timer.o(.text)
    init_timer                               0x00000fb5   Thumb Code   106  lib_timer.o(.text)
    RIT_IRQHandler                           0x0000104f   Thumb Code   386  irq_rit.o(.text)
    enable_RIT                               0x00001229   Thumb Code    14  lib_rit.o(.text)
    disable_RIT                              0x00001237   Thumb Code    14  lib_rit.o(.text)
    reset_RIT                                0x00001245   Thumb Code     8  lib_rit.o(.text)
    init_RIT                                 0x0000124d   Thumb Code    98  lib_rit.o(.text)
    ADC_IRQHandler                           0x000012bd   Thumb Code   104  irq_adc.o(.text)
    ADC_init                                 0x00001335   Thumb Code   110  lib_adc.o(.text)
    ADC_start_conversion                     0x000013a3   Thumb Code    14  lib_adc.o(.text)
    LCD_Initialization                       0x0000194f   Thumb Code 12014  glcd.o(.text)
    LCD_Clear                                0x0000483d   Thumb Code  1520  glcd.o(.text)
    LCD_GetPoint                             0x00004e47   Thumb Code   994  glcd.o(.text)
    LCD_SetPoint                             0x00005229   Thumb Code   206  glcd.o(.text)
    LCD_DrawLine                             0x000052f7   Thumb Code   250  glcd.o(.text)
    PutChar                                  0x000053f1   Thumb Code   100  glcd.o(.text)
    GUI_Text                                 0x00005455   Thumb Code    80  glcd.o(.text)
    LCD_DrawRect                             0x000054a5   Thumb Code   100  glcd.o(.text)
    __2sprintf                               0x00005509   Thumb Code    34  noretval__2sprintf.o(.text)
    __printf                                 0x00005531   Thumb Code   104  __printf.o(.text)
    _printf_int_dec                          0x00005599   Thumb Code   104  _printf_dec.o(.text)
    __aeabi_memcpy                           0x00005611   Thumb Code     0  rt_memcpy_v6.o(.text)
    __rt_memcpy                              0x00005611   Thumb Code   138  rt_memcpy_v6.o(.text)
    _memcpy_lastbytes                        0x00005677   Thumb Code     0  rt_memcpy_v6.o(.text)
    _printf_int_common                       0x0000569b   Thumb Code   178  _printf_intcommon.o(.text)
    _printf_char_common                      0x00005757   Thumb Code    32  _printf_char_common.o(.text)
    _sputc                                   0x0000577d   Thumb Code    10  _sputc.o(.text)
    __aeabi_memcpy4                          0x00005787   Thumb Code     0  rt_memcpy_w.o(.text)
    __aeabi_memcpy8                          0x00005787   Thumb Code     0  rt_memcpy_w.o(.text)
    __rt_memcpy_w                            0x00005787   Thumb Code   100  rt_memcpy_w.o(.text)
    _memcpy_lastbytes_aligned                0x000057cf   Thumb Code     0  rt_memcpy_w.o(.text)
    __aeabi_errno_addr                       0x000057ed   Thumb Code     8  rt_errno_addr_intlibspace.o(.text)
    __errno$intlibspace                      0x000057ed   Thumb Code     0  rt_errno_addr_intlibspace.o(.text)
    __rt_errno_addr$intlibspace              0x000057ed   Thumb Code     0  rt_errno_addr_intlibspace.o(.text)
    __user_libspace                          0x000057f5   Thumb Code     8  libspace.o(.text)
    __user_perproc_libspace                  0x000057f5   Thumb Code     0  libspace.o(.text)
    __user_perthread_libspace                0x000057f5   Thumb Code     0  libspace.o(.text)
    __user_setup_stackheap                   0x000057fd   Thumb Code    74  sys_stackheap_outer.o(.text)
    exit                                     0x00005847   Thumb Code    18  exit.o(.text)
    _sys_exit                                0x00005859   Thumb Code     8  sys_exit.o(.text)
    __ARM_fpclassify                         0x00005865   Thumb Code    40  fpclassify.o(i.__ARM_fpclassify)
    __ieee754_rem_pio2                       0x0000588d   Thumb Code   828  rred.o(i.__ieee754_rem_pio2)
    __kernel_cos                             0x00005c15   Thumb Code   230  cos_i.o(i.__kernel_cos)
    __kernel_poly                            0x00005d11   Thumb Code   170  poly.o(i.__kernel_poly)
    __kernel_sin                             0x00005dbd   Thumb Code   224  sin_i.o(i.__kernel_sin)
    __mathlib_dbl_infnan                     0x00005ea9   Thumb Code     6  dunder.o(i.__mathlib_dbl_infnan)
    __mathlib_dbl_invalid                    0x00005eaf   Thumb Code    12  dunder.o(i.__mathlib_dbl_invalid)
    __mathlib_dbl_underflow                  0x00005ebd   Thumb Code    10  dunder.o(i.__mathlib_dbl_underflow)
    cos                                      0x00005ecd   Thumb Code   148  cos.o(i.cos)
    floor                                    0x00005f69   Thumb Code   204  floor.o(i.floor)
    fmod                                     0x00006045   Thumb Code   144  fmod.o(i.fmod)
    sin                                      0x000060d9   Thumb Code   150  sin.o(i.sin)
    __aeabi_d2f                              0x00006179   Thumb Code     0  d2f.o(x$fpl$d2f)
    _d2f                                     0x00006179   Thumb Code    98  d2f.o(x$fpl$d2f)
    __aeabi_dadd                             0x000061dd   Thumb Code     0  daddsub_clz.o(x$fpl$dadd)
    _dadd                                    0x000061dd   Thumb Code   332  daddsub_clz.o(x$fpl$dadd)
    __fpl_dcheck_NaN1                        0x0000632d   Thumb Code    10  dcheck1.o(x$fpl$dcheck1)
    __fpl_dcmp_Inf                           0x0000633d   Thumb Code    24  dcmpi.o(x$fpl$dcmpinf)
    __aeabi_ddiv                             0x00006355   Thumb Code     0  ddiv.o(x$fpl$ddiv)
    _ddiv                                    0x00006355   Thumb Code   552  ddiv.o(x$fpl$ddiv)
    __aeabi_d2iz                             0x00006605   Thumb Code     0  dfix.o(x$fpl$dfix)
    _dfix                                    0x00006605   Thumb Code    94  dfix.o(x$fpl$dfix)
    __aeabi_d2uiz                            0x00006665   Thumb Code     0  dfixu.o(x$fpl$dfixu)
    _dfixu                                   0x00006665   Thumb Code    90  dfixu.o(x$fpl$dfixu)
    __aeabi_i2d                              0x000066bf   Thumb Code     0  dflt_clz.o(x$fpl$dflt)
    _dflt                                    0x000066bf   Thumb Code    46  dflt_clz.o(x$fpl$dflt)
    __aeabi_ui2d                             0x000066ed   Thumb Code     0  dflt_clz.o(x$fpl$dfltu)
    _dfltu                                   0x000066ed   Thumb Code    38  dflt_clz.o(x$fpl$dfltu)
    __aeabi_cdcmple                          0x00006715   Thumb Code     0  dleqf.o(x$fpl$dleqf)
    _dcmple                                  0x00006715   Thumb Code   120  dleqf.o(x$fpl$dleqf)
    __fpl_dcmple_InfNaN                      0x00006777   Thumb Code     0  dleqf.o(x$fpl$dleqf)
    __aeabi_dmul                             0x0000678d   Thumb Code     0  dmul.o(x$fpl$dmul)
    _dmul                                    0x0000678d   Thumb Code   332  dmul.o(x$fpl$dmul)
    __fpl_dnaninf                            0x000068e1   Thumb Code   156  dnaninf.o(x$fpl$dnaninf)
    _drem                                    0x0000697d   Thumb Code   328  drem_clz.o(x$fpl$drem)
    __fpl_dretinf                            0x00006acd   Thumb Code    12  dretinf.o(x$fpl$dretinf)
    __aeabi_cdrcmple                         0x00006ad9   Thumb Code     0  drleqf.o(x$fpl$drleqf)
    _drcmple                                 0x00006ad9   Thumb Code   108  drleqf.o(x$fpl$drleqf)
    __aeabi_drsub                            0x00006b45   Thumb Code     0  daddsub_clz.o(x$fpl$drsb)
    _drsb                                    0x00006b45   Thumb Code    22  daddsub_clz.o(x$fpl$drsb)
    __aeabi_dsub                             0x00006b5d   Thumb Code     0  daddsub_clz.o(x$fpl$dsub)
    _dsub                                    0x00006b5d   Thumb Code   464  daddsub_clz.o(x$fpl$dsub)
    __aeabi_f2d                              0x00006d31   Thumb Code     0  f2d.o(x$fpl$f2d)
    _f2d                                     0x00006d31   Thumb Code    86  f2d.o(x$fpl$f2d)
    __aeabi_fadd                             0x00006d89   Thumb Code     0  faddsub_clz.o(x$fpl$fadd)
    _fadd                                    0x00006d89   Thumb Code   196  faddsub_clz.o(x$fpl$fadd)
    __fpl_fcmp_Inf                           0x00006e4d   Thumb Code    24  fcmpi.o(x$fpl$fcmpinf)
    __aeabi_fdiv                             0x00006e65   Thumb Code     0  fdiv.o(x$fpl$fdiv)
    _fdiv                                    0x00006e65   Thumb Code   384  fdiv.o(x$fpl$fdiv)
    __aeabi_f2iz                             0x00006fe9   Thumb Code     0  ffix.o(x$fpl$ffix)
    _ffix                                    0x00006fe9   Thumb Code    54  ffix.o(x$fpl$ffix)
    __aeabi_i2f                              0x00007021   Thumb Code     0  fflt_clz.o(x$fpl$fflt)
    _fflt                                    0x00007021   Thumb Code    48  fflt_clz.o(x$fpl$fflt)
    __aeabi_ui2f                             0x00007051   Thumb Code     0  fflt_clz.o(x$fpl$ffltu)
    _ffltu                                   0x00007051   Thumb Code    38  fflt_clz.o(x$fpl$ffltu)
    __aeabi_cfcmple                          0x00007079   Thumb Code     0  fleqf.o(x$fpl$fleqf)
    _fcmple                                  0x00007079   Thumb Code   104  fleqf.o(x$fpl$fleqf)
    __fpl_fcmple_InfNaN                      0x000070cb   Thumb Code     0  fleqf.o(x$fpl$fleqf)
    __aeabi_fmul                             0x000070e1   Thumb Code     0  fmul.o(x$fpl$fmul)
    _fmul                                    0x000070e1   Thumb Code   258  fmul.o(x$fpl$fmul)
    __fpl_fnaninf                            0x000071e3   Thumb Code   140  fnaninf.o(x$fpl$fnaninf)
    __fpl_fretinf                            0x0000726f   Thumb Code    10  fretinf.o(x$fpl$fretinf)
    __aeabi_cfrcmple                         0x00007279   Thumb Code     0  frleqf.o(x$fpl$frleqf)
    _frcmple                                 0x00007279   Thumb Code    98  frleqf.o(x$fpl$frleqf)
    __aeabi_frsub                            0x000072db   Thumb Code     0  faddsub_clz.o(x$fpl$frsb)
    _frsb                                    0x000072db   Thumb Code    20  faddsub_clz.o(x$fpl$frsb)
    __aeabi_fsub                             0x000072f1   Thumb Code     0  faddsub_clz.o(x$fpl$fsub)
    _fsub                                    0x000072f1   Thumb Code   234  faddsub_clz.o(x$fpl$fsub)
    __fpl_return_NaN                         0x000073db   Thumb Code   100  retnan.o(x$fpl$retnan)
    __ARM_scalbn                             0x0000743f   Thumb Code    92  scalbn.o(x$fpl$scalbn)
    __fpl_cmpreturn                          0x0000749b   Thumb Code    48  trapv.o(x$fpl$trapveneer)
    Region$$Table$$Base                      0x00007be0   Number         0  anon$$obj.o(Region$$Table)
    Region$$Table$$Limit                     0x00007c10   Number         0  anon$$obj.o(Region$$Table)
    paddle_x                                 0x2007c000   Data           2  pong.o(.data)
    paddle_y                                 0x2007c002   Data           2  pong.o(.data)
    ball_x                                   0x2007c004   Data           4  pong.o(.data)
    ball_y                                   0x2007c008   Data           4  pong.o(.data)
    dir_angle                                0x2007c010   Data           8  pong.o(.data)
    sin_dir_angle                            0x2007c018   Data           4  pong.o(.data)
    cos_dir_angle                            0x2007c01c   Data           4  pong.o(.data)
    points                                   0x2007c020   Data           4  pong.o(.data)
    max_score                                0x2007c024   Data           4  pong.o(.data)
    enable_int0                              0x2007c028   Data           1  pong.o(.data)
    enable_int1                              0x2007c029   Data           1  pong.o(.data)
    enable_key2                              0x2007c02a   Data           1  pong.o(.data)
    spin_speed                               0x2007c02c   Data           4  pong.o(.data)
    SystemFrequency                          0x2007c030   Data           4  system_lpc17xx.o(.data)
    SinTable                                 0x2007c034   Data          90  irq_timer.o(.data)
    num_sin                                  0x2007c08e   Data           2  irq_timer.o(.data)
    down_INT0                                0x2007c094   Data           4  irq_rit.o(.data)
    down_KEY1                                0x2007c098   Data           4  irq_rit.o(.data)
    down_KEY2                                0x2007c09c   Data           4  irq_rit.o(.data)
    AD_current                               0x2007c0a0   Data           2  irq_adc.o(.data)
    current_slot                             0x2007c0a2   Data           2  irq_adc.o(.data)
    old_pixels                               0x2007c0a8   Data          50  irq_timer.o(.bss)
    __libspace_start                         0x2007c0dc   Data          96  libspace.o(.bss)
    __temporary_stack_top$libspace           0x2007c13c   Data           0  libspace.o(.bss)



==============================================================================

Memory Map of the image

  Image Entry point : 0x000000cd

  Load Region LR_IROM1 (Base: 0x00000000, Size: 0x00007cb8, Max: 0x00080000, ABSOLUTE)

    Execution Region ER_IROM1 (Exec base: 0x00000000, Load base: 0x00000000, Size: 0x00007c10, Max: 0x00080000, ABSOLUTE)

    Exec Addr    Load Addr    Size         Type   Attr      Idx    E Section Name        Object

    0x00000000   0x00000000   0x000000cc   Data   RO            3    RESET               startup_lpc17xx.o
    0x000000cc   0x000000cc   0x00000008   Code   RO          583  * !!!main             c_w.l(__main.o)
    0x000000d4   0x000000d4   0x00000034   Code   RO          903    !!!scatter          c_w.l(__scatter.o)
    0x00000108   0x00000108   0x0000001a   Code   RO          905    !!handler_copy      c_w.l(__scatter_copy.o)
    0x00000122   0x00000122   0x00000002   PAD
    0x00000124   0x00000124   0x0000001c   Code   RO          907    !!handler_zi        c_w.l(__scatter_zi.o)
    0x00000140   0x00000140   0x00000000   Code   RO          578    .ARM.Collect$$_printf_percent$$00000000  c_w.l(_printf_percent.o)
    0x00000140   0x00000140   0x00000006   Code   RO          577    .ARM.Collect$$_printf_percent$$00000009  c_w.l(_printf_d.o)
    0x00000146   0x00000146   0x00000004   Code   RO          682    .ARM.Collect$$_printf_percent$$00000017  c_w.l(_printf_percent_end.o)
    0x0000014a   0x0000014a   0x00000002   Code   RO          768    .ARM.Collect$$libinit$$00000000  c_w.l(libinit.o)
    0x0000014c   0x0000014c   0x00000000   Code   RO          774    .ARM.Collect$$libinit$$00000002  c_w.l(libinit2.o)
    0x0000014c   0x0000014c   0x00000000   Code   RO          776    .ARM.Collect$$libinit$$00000004  c_w.l(libinit2.o)
    0x0000014c   0x0000014c   0x00000000   Code   RO          779    .ARM.Collect$$libinit$$0000000A  c_w.l(libinit2.o)
    0x0000014c   0x0000014c   0x00000000   Code   RO          781    .ARM.Collect$$libinit$$0000000C  c_w.l(libinit2.o)
    0x0000014c   0x0000014c   0x00000000   Code   RO          783    .ARM.Collect$$libinit$$0000000E  c_w.l(libinit2.o)
    0x0000014c   0x0000014c   0x00000000   Code   RO          786    .ARM.Collect$$libinit$$00000011  c_w.l(libinit2.o)
    0x0000014c   0x0000014c   0x00000000   Code   RO          788    .ARM.Collect$$libinit$$00000013  c_w.l(libinit2.o)
    0x0000014c   0x0000014c   0x00000000   Code   RO          790    .ARM.Collect$$libinit$$00000015  c_w.l(libinit2.o)
    0x0000014c   0x0000014c   0x00000000   Code   RO          792    .ARM.Collect$$libinit$$00000017  c_w.l(libinit2.o)
    0x0000014c   0x0000014c   0x00000000   Code   RO          794    .ARM.Collect$$libinit$$00000019  c_w.l(libinit2.o)
    0x0000014c   0x0000014c   0x00000000   Code   RO          796    .ARM.Collect$$libinit$$0000001B  c_w.l(libinit2.o)
    0x0000014c   0x0000014c   0x00000000   Code   RO          798    .ARM.Collect$$libinit$$0000001D  c_w.l(libinit2.o)
    0x0000014c   0x0000014c   0x00000000   Code   RO          800    .ARM.Collect$$libinit$$0000001F  c_w.l(libinit2.o)
    0x0000014c   0x0000014c   0x00000000   Code   RO          802    .ARM.Collect$$libinit$$00000021  c_w.l(libinit2.o)
    0x0000014c   0x0000014c   0x00000000   Code   RO          804    .ARM.Collect$$libinit$$00000023  c_w.l(libinit2.o)
    0x0000014c   0x0000014c   0x00000000   Code   RO          806    .ARM.Collect$$libinit$$00000025  c_w.l(libinit2.o)
    0x0000014c   0x0000014c   0x00000000   Code   RO          810    .ARM.Collect$$libinit$$0000002C  c_w.l(libinit2.o)
    0x0000014c   0x0000014c   0x00000000   Code   RO          812    .ARM.Collect$$libinit$$0000002E  c_w.l(libinit2.o)
    0x0000014c   0x0000014c   0x00000000   Code   RO          814    .ARM.Collect$$libinit$$00000030  c_w.l(libinit2.o)
    0x0000014c   0x0000014c   0x00000000   Code   RO          816    .ARM.Collect$$libinit$$00000032  c_w.l(libinit2.o)
    0x0000014c   0x0000014c   0x00000002   Code   RO          817    .ARM.Collect$$libinit$$00000033  c_w.l(libinit2.o)
    0x0000014e   0x0000014e   0x00000002   Code   RO          841    .ARM.Collect$$libshutdown$$00000000  c_w.l(libshutdown.o)
    0x00000150   0x00000150   0x00000000   Code   RO          854    .ARM.Collect$$libshutdown$$00000002  c_w.l(libshutdown2.o)
    0x00000150   0x00000150   0x00000000   Code   RO          856    .ARM.Collect$$libshutdown$$00000004  c_w.l(libshutdown2.o)
    0x00000150   0x00000150   0x00000000   Code   RO          858    .ARM.Collect$$libshutdown$$00000006  c_w.l(libshutdown2.o)
    0x00000150   0x00000150   0x00000000   Code   RO          861    .ARM.Collect$$libshutdown$$00000009  c_w.l(libshutdown2.o)
    0x00000150   0x00000150   0x00000000   Code   RO          864    .ARM.Collect$$libshutdown$$0000000C  c_w.l(libshutdown2.o)
    0x00000150   0x00000150   0x00000000   Code   RO          866    .ARM.Collect$$libshutdown$$0000000E  c_w.l(libshutdown2.o)
    0x00000150   0x00000150   0x00000000   Code   RO          869    .ARM.Collect$$libshutdown$$00000011  c_w.l(libshutdown2.o)
    0x00000150   0x00000150   0x00000002   Code   RO          870    .ARM.Collect$$libshutdown$$00000012  c_w.l(libshutdown2.o)
    0x00000152   0x00000152   0x00000000   Code   RO          673    .ARM.Collect$$rtentry$$00000000  c_w.l(__rtentry.o)
    0x00000152   0x00000152   0x00000000   Code   RO          729    .ARM.Collect$$rtentry$$00000002  c_w.l(__rtentry2.o)
    0x00000152   0x00000152   0x00000006   Code   RO          741    .ARM.Collect$$rtentry$$00000004  c_w.l(__rtentry4.o)
    0x00000158   0x00000158   0x00000000   Code   RO          731    .ARM.Collect$$rtentry$$00000009  c_w.l(__rtentry2.o)
    0x00000158   0x00000158   0x00000004   Code   RO          732    .ARM.Collect$$rtentry$$0000000A  c_w.l(__rtentry2.o)
    0x0000015c   0x0000015c   0x00000000   Code   RO          734    .ARM.Collect$$rtentry$$0000000C  c_w.l(__rtentry2.o)
    0x0000015c   0x0000015c   0x00000008   Code   RO          735    .ARM.Collect$$rtentry$$0000000D  c_w.l(__rtentry2.o)
    0x00000164   0x00000164   0x00000002   Code   RO          771    .ARM.Collect$$rtexit$$00000000  c_w.l(rtexit.o)
    0x00000166   0x00000166   0x00000000   Code   RO          821    .ARM.Collect$$rtexit$$00000002  c_w.l(rtexit2.o)
    0x00000166   0x00000166   0x00000004   Code   RO          822    .ARM.Collect$$rtexit$$00000003  c_w.l(rtexit2.o)
    0x0000016a   0x0000016a   0x00000006   Code   RO          823    .ARM.Collect$$rtexit$$00000004  c_w.l(rtexit2.o)
    0x00000170   0x00000170   0x00000034   Code   RO            5    .text               startup_lpc17xx.o
    0x000001a4   0x000001a4   0x00000060   Code   RO           90    .text               sample.o
    0x00000204   0x00000204   0x000000b8   Code   RO          232    .text               irq_button.o
    0x000002bc   0x000002bc   0x00000020   Code   RO          481    .text               asciilib.o
    0x000002dc   0x000002dc   0x00000006   Code   RO          581    .text               c_w.l(heapauxi.o)
    0x000002e2   0x000002e2   0x00000016   Code   RO          674    .text               c_w.l(_rserrno.o)
    0x000002f8   0x000002f8   0x00000002   Code   RO          844    .text               c_w.l(use_no_semi.o)
    0x000002fa   0x000002fa   0x00000000   Code   RO          846    .text               c_w.l(indicate_semi.o)
    0x000002fa   0x000002fa   0x00000000   Code   RO          699    x$fpl$usenofp       fz_ws.l(usenofp.o)
    0x000002fa   0x000002fa   0x00000002   PAD
    0x000002fc   0x000002fc   0x00000004   Code   RO            4    .ARM.__at_0x02FC    startup_lpc17xx.o
    0x00000300   0x00000300   0x0000065c   Code   RO           16    .text               pong.o
    0x0000095c   0x0000095c   0x0000022c   Code   RO          143    .text               system_lpc17xx.o
    0x00000b88   0x00000b88   0x000000d4   Code   RO          261    .text               lib_button.o
    0x00000c5c   0x00000c5c   0x00000294   Code   RO          289    .text               irq_timer.o
    0x00000ef0   0x00000ef0   0x0000013c   Code   RO          327    .text               lib_timer.o
    0x0000102c   0x0000102c   0x000001fc   Code   RO          355    .text               irq_rit.o
    0x00001228   0x00001228   0x00000094   Code   RO          392    .text               lib_rit.o
    0x000012bc   0x000012bc   0x00000078   Code   RO          420    .text               irq_adc.o
    0x00001334   0x00001334   0x00000090   Code   RO          460    .text               lib_adc.o
    0x000013c4   0x000013c4   0x00004144   Code   RO          504    .text               glcd.o
    0x00005508   0x00005508   0x00000028   Code   RO          551    .text               c_w.l(noretval__2sprintf.o)
    0x00005530   0x00005530   0x00000068   Code   RO          553    .text               c_w.l(__printf.o)
    0x00005598   0x00005598   0x00000078   Code   RO          555    .text               c_w.l(_printf_dec.o)
    0x00005610   0x00005610   0x0000008a   Code   RO          579    .text               c_w.l(rt_memcpy_v6.o)
    0x0000569a   0x0000569a   0x000000b2   Code   RO          676    .text               c_w.l(_printf_intcommon.o)
    0x0000574c   0x0000574c   0x00000030   Code   RO          678    .text               c_w.l(_printf_char_common.o)
    0x0000577c   0x0000577c   0x0000000a   Code   RO          680    .text               c_w.l(_sputc.o)
    0x00005786   0x00005786   0x00000064   Code   RO          683    .text               c_w.l(rt_memcpy_w.o)
    0x000057ea   0x000057ea   0x00000002   PAD
    0x000057ec   0x000057ec   0x00000008   Code   RO          746    .text               c_w.l(rt_errno_addr_intlibspace.o)
    0x000057f4   0x000057f4   0x00000008   Code   RO          756    .text               c_w.l(libspace.o)
    0x000057fc   0x000057fc   0x0000004a   Code   RO          759    .text               c_w.l(sys_stackheap_outer.o)
    0x00005846   0x00005846   0x00000012   Code   RO          761    .text               c_w.l(exit.o)
    0x00005858   0x00005858   0x0000000c   Code   RO          833    .text               c_w.l(sys_exit.o)
    0x00005864   0x00005864   0x00000028   Code   RO          752    i.__ARM_fpclassify  m_ws.l(fpclassify.o)
    0x0000588c   0x0000588c   0x00000388   Code   RO          717    i.__ieee754_rem_pio2  m_ws.l(rred.o)
    0x00005c14   0x00005c14   0x000000fc   Code   RO          700    i.__kernel_cos      m_ws.l(cos_i.o)
    0x00005d10   0x00005d10   0x000000aa   Code   RO          754    i.__kernel_poly     m_ws.l(poly.o)
    0x00005dba   0x00005dba   0x00000002   PAD
    0x00005dbc   0x00005dbc   0x000000ec   Code   RO          722    i.__kernel_sin      m_ws.l(sin_i.o)
    0x00005ea8   0x00005ea8   0x00000006   Code   RO          704    i.__mathlib_dbl_infnan  m_ws.l(dunder.o)
    0x00005eae   0x00005eae   0x0000000c   Code   RO          706    i.__mathlib_dbl_invalid  m_ws.l(dunder.o)
    0x00005eba   0x00005eba   0x00000002   PAD
    0x00005ebc   0x00005ebc   0x00000010   Code   RO          709    i.__mathlib_dbl_underflow  m_ws.l(dunder.o)
    0x00005ecc   0x00005ecc   0x0000009c   Code   RO          646    i.cos               m_ws.l(cos.o)
    0x00005f68   0x00005f68   0x000000dc   Code   RO          654    i.floor             m_ws.l(floor.o)
    0x00006044   0x00006044   0x00000094   Code   RO          658    i.fmod              m_ws.l(fmod.o)
    0x000060d8   0x000060d8   0x000000a0   Code   RO          666    i.sin               m_ws.l(sin.o)
    0x00006178   0x00006178   0x00000062   Code   RO          585    x$fpl$d2f           fz_ws.l(d2f.o)
    0x000061da   0x000061da   0x00000002   PAD
    0x000061dc   0x000061dc   0x00000150   Code   RO          587    x$fpl$dadd          fz_ws.l(daddsub_clz.o)
    0x0000632c   0x0000632c   0x00000010   Code   RO          769    x$fpl$dcheck1       fz_ws.l(dcheck1.o)
    0x0000633c   0x0000633c   0x00000018   Code   RO          685    x$fpl$dcmpinf       fz_ws.l(dcmpi.o)
    0x00006354   0x00006354   0x000002b0   Code   RO          594    x$fpl$ddiv          fz_ws.l(ddiv.o)
    0x00006604   0x00006604   0x0000005e   Code   RO          597    x$fpl$dfix          fz_ws.l(dfix.o)
    0x00006662   0x00006662   0x00000002   PAD
    0x00006664   0x00006664   0x0000005a   Code   RO          601    x$fpl$dfixu         fz_ws.l(dfixu.o)
    0x000066be   0x000066be   0x0000002e   Code   RO          606    x$fpl$dflt          fz_ws.l(dflt_clz.o)
    0x000066ec   0x000066ec   0x00000026   Code   RO          605    x$fpl$dfltu         fz_ws.l(dflt_clz.o)
    0x00006712   0x00006712   0x00000002   PAD
    0x00006714   0x00006714   0x00000078   Code   RO          611    x$fpl$dleqf         fz_ws.l(dleqf.o)
    0x0000678c   0x0000678c   0x00000154   Code   RO          613    x$fpl$dmul          fz_ws.l(dmul.o)
    0x000068e0   0x000068e0   0x0000009c   Code   RO          687    x$fpl$dnaninf       fz_ws.l(dnaninf.o)
    0x0000697c   0x0000697c   0x00000150   Code   RO          689    x$fpl$drem          fz_ws.l(drem_clz.o)
    0x00006acc   0x00006acc   0x0000000c   Code   RO          691    x$fpl$dretinf       fz_ws.l(dretinf.o)
    0x00006ad8   0x00006ad8   0x0000006c   Code   RO          615    x$fpl$drleqf        fz_ws.l(drleqf.o)
    0x00006b44   0x00006b44   0x00000016   Code   RO          588    x$fpl$drsb          fz_ws.l(daddsub_clz.o)
    0x00006b5a   0x00006b5a   0x00000002   PAD
    0x00006b5c   0x00006b5c   0x000001d4   Code   RO          589    x$fpl$dsub          fz_ws.l(daddsub_clz.o)
    0x00006d30   0x00006d30   0x00000056   Code   RO          617    x$fpl$f2d           fz_ws.l(f2d.o)
    0x00006d86   0x00006d86   0x00000002   PAD
    0x00006d88   0x00006d88   0x000000c4   Code   RO          619    x$fpl$fadd          fz_ws.l(faddsub_clz.o)
    0x00006e4c   0x00006e4c   0x00000018   Code   RO          693    x$fpl$fcmpinf       fz_ws.l(fcmpi.o)
    0x00006e64   0x00006e64   0x00000184   Code   RO          626    x$fpl$fdiv          fz_ws.l(fdiv.o)
    0x00006fe8   0x00006fe8   0x00000036   Code   RO          629    x$fpl$ffix          fz_ws.l(ffix.o)
    0x0000701e   0x0000701e   0x00000002   PAD
    0x00007020   0x00007020   0x00000030   Code   RO          634    x$fpl$fflt          fz_ws.l(fflt_clz.o)
    0x00007050   0x00007050   0x00000026   Code   RO          633    x$fpl$ffltu         fz_ws.l(fflt_clz.o)
    0x00007076   0x00007076   0x00000002   PAD
    0x00007078   0x00007078   0x00000068   Code   RO          639    x$fpl$fleqf         fz_ws.l(fleqf.o)
    0x000070e0   0x000070e0   0x00000102   Code   RO          641    x$fpl$fmul          fz_ws.l(fmul.o)
    0x000071e2   0x000071e2   0x0000008c   Code   RO          695    x$fpl$fnaninf       fz_ws.l(fnaninf.o)
    0x0000726e   0x0000726e   0x0000000a   Code   RO          697    x$fpl$fretinf       fz_ws.l(fretinf.o)
    0x00007278   0x00007278   0x00000062   Code   RO          643    x$fpl$frleqf        fz_ws.l(frleqf.o)
    0x000072da   0x000072da   0x00000014   Code   RO          620    x$fpl$frsb          fz_ws.l(faddsub_clz.o)
    0x000072ee   0x000072ee   0x00000002   PAD
    0x000072f0   0x000072f0   0x000000ea   Code   RO          621    x$fpl$fsub          fz_ws.l(faddsub_clz.o)
    0x000073da   0x000073da   0x00000064   Code   RO          818    x$fpl$retnan        fz_ws.l(retnan.o)
    0x0000743e   0x0000743e   0x0000005c   Code   RO          750    x$fpl$scalbn        fz_ws.l(scalbn.o)
    0x0000749a   0x0000749a   0x00000030   Code   RO          831    x$fpl$trapveneer    fz_ws.l(trapv.o)
    0x000074ca   0x000074ca   0x000005f0   Data   RO          482    .constdata          asciilib.o
    0x00007aba   0x00007aba   0x00000006   PAD
    0x00007ac0   0x00007ac0   0x00000030   Data   RO          701    .constdata          m_ws.l(cos_i.o)
    0x00007af0   0x00007af0   0x000000c8   Data   RO          719    .constdata          m_ws.l(rred.o)
    0x00007bb8   0x00007bb8   0x00000028   Data   RO          723    .constdata          m_ws.l(sin_i.o)
    0x00007be0   0x00007be0   0x00000030   Data   RO          901    Region$$Table       anon$$obj.o


    Execution Region RW_IRAM1 (Exec base: 0x10000000, Load base: 0x00007c10, Size: 0x00000200, Max: 0x00008000, ABSOLUTE)

    Exec Addr    Load Addr    Size         Type   Attr      Idx    E Section Name        Object

    0x10000000        -       0x00000200   Zero   RW            1    STACK               startup_lpc17xx.o


    Execution Region RW_IRAM2 (Exec base: 0x2007c000, Load base: 0x00007c10, Size: 0x00000140, Max: 0x00008000, ABSOLUTE)

    Exec Addr    Load Addr    Size         Type   Attr      Idx    E Section Name        Object

    0x2007c000   0x00007c10   0x00000030   Data   RW           17    .data               pong.o
    0x2007c030   0x00007c40   0x00000004   Data   RW          144    .data               system_lpc17xx.o
    0x2007c034   0x00007c44   0x00000060   Data   RW          291    .data               irq_timer.o
    0x2007c094   0x00007ca4   0x0000000c   Data   RW          356    .data               irq_rit.o
    0x2007c0a0   0x00007cb0   0x00000004   Data   RW          421    .data               irq_adc.o
    0x2007c0a4   0x00007cb4   0x00000001   Data   RW          505    .data               glcd.o
    0x2007c0a5   0x00007cb5   0x00000003   PAD
    0x2007c0a8        -       0x00000032   Zero   RW          290    .bss                irq_timer.o
    0x2007c0da   0x00007cb5   0x00000002   PAD
    0x2007c0dc        -       0x00000060   Zero   RW          757    .bss                c_w.l(libspace.o)
    0x2007c13c   0x00007cb5   0x00000004   PAD
    0x2007c140        -       0x00000000   Zero   RW            2    HEAP                startup_lpc17xx.o


==============================================================================

Image component sizes


      Code (inc. data)   RO Data    RW Data    ZI Data      Debug   Object Name

        32          6       1520          0          0       1019   asciilib.o
         0          0          0          0          0      16896   funct_led.o
     16708        104          0          1          0      40552   glcd.o
       120         16          0          4          0        771   irq_adc.o
       184         28          0          0          0        965   irq_button.o
       508         88          0         12          0       1173   irq_rit.o
       660         62          0         96         50       2240   irq_timer.o
       144         20          0          0          0        748   lib_adc.o
       212         22          0          0          0        922   lib_button.o
       148         14          0          0          0      27455   lib_rit.o
       316         14          0          0          0       1556   lib_timer.o
      1628        248          0         48          0       7305   pong.o
        96         14          0          0          0        455   sample.o
        56         22        204          0        512       1004   startup_lpc17xx.o
       556         30          0          4          0        811   system_lpc17xx.o

    ----------------------------------------------------------------------
     21368        688       1778        168        564     103872   Object Totals
         0          0         48          0          0          0   (incl. Generated)
         0          0          6          3          2          0   (incl. Padding)

    ----------------------------------------------------------------------

      Code (inc. data)   RO Data    RW Data    ZI Data      Debug   Library Member Name

         8          0          0          0          0         68   __main.o
       104          0          0          0          0         84   __printf.o
         0          0          0          0          0          0   __rtentry.o
        12          0          0          0          0          0   __rtentry2.o
         6          0          0          0          0          0   __rtentry4.o
        52          8          0          0          0          0   __scatter.o
        26          0          0          0          0          0   __scatter_copy.o
        28          0          0          0          0          0   __scatter_zi.o
        48          6          0          0          0         96   _printf_char_common.o
         6          0          0          0          0          0   _printf_d.o
       120         16          0          0          0         92   _printf_dec.o
       178          0          0          0          0         88   _printf_intcommon.o
         0          0          0          0          0          0   _printf_percent.o
         4          0          0          0          0          0   _printf_percent_end.o
        22          0          0          0          0        100   _rserrno.o
        10          0          0          0          0         68   _sputc.o
        18          0          0          0          0         80   exit.o
         6          0          0          0          0        152   heapauxi.o
         0          0          0          0          0          0   indicate_semi.o
         2          0          0          0          0          0   libinit.o
         2          0          0          0          0          0   libinit2.o
         2          0          0          0          0          0   libshutdown.o
         2          0          0          0          0          0   libshutdown2.o
         8          4          0          0         96         68   libspace.o
        40          6          0          0          0         84   noretval__2sprintf.o
         8          4          0          0          0         68   rt_errno_addr_intlibspace.o
       138          0          0          0          0         68   rt_memcpy_v6.o
       100          0          0          0          0         80   rt_memcpy_w.o
         2          0          0          0          0          0   rtexit.o
        10          0          0          0          0          0   rtexit2.o
        12          4          0          0          0         68   sys_exit.o
        74          0          0          0          0         80   sys_stackheap_outer.o
         2          0          0          0          0         68   use_no_semi.o
        98          4          0          0          0         92   d2f.o
       826         16          0          0          0        348   daddsub_clz.o
        16          4          0          0          0         68   dcheck1.o
        24          0          0          0          0         68   dcmpi.o
       688        140          0          0          0        208   ddiv.o
        94          4          0          0          0         92   dfix.o
        90          4          0          0          0         92   dfixu.o
        84          0          0          0          0        136   dflt_clz.o
       120          4          0          0          0         92   dleqf.o
       340         12          0          0          0        104   dmul.o
       156          4          0          0          0         92   dnaninf.o
       336         12          0          0          0         88   drem_clz.o
        12          0          0          0          0         68   dretinf.o
       108          0          0          0          0         80   drleqf.o
        86          4          0          0          0         84   f2d.o
       450          8          0          0          0        236   faddsub_clz.o
        24          0          0          0          0         68   fcmpi.o
       388         76          0          0          0         96   fdiv.o
        54          4          0          0          0         84   ffix.o
        86          0          0          0          0        136   fflt_clz.o
       104          4          0          0          0         84   fleqf.o
       258          4          0          0          0         84   fmul.o
       140          4          0          0          0         84   fnaninf.o
        10          0          0          0          0         68   fretinf.o
        98          0          0          0          0         68   frleqf.o
       100          0          0          0          0         68   retnan.o
        92          0          0          0          0         68   scalbn.o
        48          0          0          0          0         68   trapv.o
         0          0          0          0          0          0   usenofp.o
       156          8          0          0          0        104   cos.o
       252         22         48          0          0        124   cos_i.o
        34          6          0          0          0        204   dunder.o
       220         16          0          0          0         84   floor.o
       148          4          0          0          0         88   fmod.o
        40          0          0          0          0         68   fpclassify.o
       170          0          0          0          0         96   poly.o
       904         76        200          0          0        140   rred.o
       160         10          0          0          0        108   sin.o
       236         12         40          0          0        128   sin_i.o

    ----------------------------------------------------------------------
      8326        510        288          0        100       5480   Library Totals
        26          0          0          0          4          0   (incl. Padding)

    ----------------------------------------------------------------------

      Code (inc. data)   RO Data    RW Data    ZI Data      Debug   Library Name

      1050         48          0          0         96       1412   c_w.l
      4930        308          0          0          0       2924   fz_ws.l
      2320        154        288          0          0       1144   m_ws.l

    ----------------------------------------------------------------------
      8326        510        288          0        100       5480   Library Totals

    ----------------------------------------------------------------------

==============================================================================


      Code (inc. data)   RO Data    RW Data    ZI Data      Debug   

     29694       1198       2066        168        664     105552   Grand Totals
     29694       1198       2066        168        664     105552   ELF Image Totals
     29694       1198       2066        168          0          0   ROM Totals

==============================================================================

    Total RO  Size (Code + RO Data)                31760 (  31.02kB)
    Total RW  Size (RW Data + ZI Data)               832 (   0.81kB)
    Total ROM Size (Code + RO Data + RW Data)      31928 (  31.18kB)

==============================================================================

