Component: ARM Compiler 5.06 update 7 (build 960) Tool: armlink [4d3601]

==============================================================================

Section Cross References

    startup_lpc17xx.o(STACK) refers (Special) to heapauxi.o(.text) for __use_two_region_memory
    startup_lpc17xx.o(HEAP) refers (Special) to heapauxi.o(.text) for __use_two_region_memory
    startup_lpc17xx.o(RESET) refers (Special) to heapauxi.o(.text) for __use_two_region_memory
    startup_lpc17xx.o(RESET) refers to startup_lpc17xx.o(STACK) for __initial_sp
    startup_lpc17xx.o(RESET) refers to startup_lpc17xx.o(.text) for Reset_Handler
    startup_lpc17xx.o(RESET) refers to irq_timer.o(.text) for TIMER0_IRQHandler
    startup_lpc17xx.o(RESET) refers to irq_button.o(.text) for EINT0_IRQHandler
    startup_lpc17xx.o(RESET) refers to irq_adc.o(.text) for ADC_IRQHandler
    startup_lpc17xx.o(RESET) refers to irq_rit.o(.text) for RIT_IRQHandler
    startup_lpc17xx.o(.ARM.__at_0x02FC) refers (Special) to heapauxi.o(.text) for __use_two_region_memory
    startup_lpc17xx.o(.text) refers (Special) to heapauxi.o(.text) for __use_two_region_memory
    startup_lpc17xx.o(.text) refers to __main.o(!!!main) for __main
    startup_lpc17xx.o(.text) refers to startup_lpc17xx.o(HEAP) for Heap_Mem
    startup_lpc17xx.o(.text) refers to startup_lpc17xx.o(STACK) for Stack_Mem
    pong.o(.text) refers to sin.o(i.sin) for sin
    pong.o(.text) refers to d2f.o(x$fpl$d2f) for __aeabi_d2f
    pong.o(.text) refers to cos.o(i.cos) for cos
    pong.o(.text) refers to glcd.o(.text) for LCD_Clear
    pong.o(.text) refers to lib_rit.o(.text) for init_RIT
    pong.o(.text) refers to pong.o(.data) for dir_angle
    sample.o(.text) refers to system_lpc17xx.o(.text) for SystemInit
    sample.o(.text) refers to glcd.o(.text) for LCD_Initialization
    sample.o(.text) refers to lib_button.o(.text) for BUTTON_init
    sample.o(.text) refers to lib_adc.o(.text) for ADC_init
    sample.o(.text) refers to pong.o(.text) for pong_init
    system_lpc17xx.o(.text) refers to system_lpc17xx.o(.data) for SystemFrequency
    funct_led.o(.text) refers to funct_led.o(.constdata) for led_mask
    funct_led.o(.text) refers to lib_led.o(.data) for led_value
    lib_led.o(.text) refers to lib_led.o(.data) for led_value
    irq_button.o(.text) refers to irq_rit.o(.data) for down_INT0
    irq_timer.o(.text) refers to fleqf.o(x$fpl$fleqf) for __aeabi_cfcmple
    irq_timer.o(.text) refers to frleqf.o(x$fpl$frleqf) for __aeabi_cfrcmple
    irq_timer.o(.text) refers to daddsub_clz.o(x$fpl$dsub) for __aeabi_dsub
    irq_timer.o(.text) refers to daddsub_clz.o(x$fpl$dadd) for __aeabi_dadd
    irq_timer.o(.text) refers to fmod.o(i.fmod) for fmod
    irq_timer.o(.text) refers to sin.o(i.sin) for sin
    irq_timer.o(.text) refers to d2f.o(x$fpl$d2f) for __aeabi_d2f
    irq_timer.o(.text) refers to cos.o(i.cos) for cos
    irq_timer.o(.text) refers to dleqf.o(x$fpl$dleqf) for __aeabi_cdcmple
    irq_timer.o(.text) refers to drleqf.o(x$fpl$drleqf) for __aeabi_cdrcmple
    irq_timer.o(.text) refers to fflt_clz.o(x$fpl$ffltu) for __aeabi_ui2f
    irq_timer.o(.text) refers to faddsub_clz.o(x$fpl$fadd) for __aeabi_fadd
    irq_timer.o(.text) refers to fflt_clz.o(x$fpl$fflt) for __aeabi_i2f
    irq_timer.o(.text) refers to dflt_clz.o(x$fpl$dfltu) for __aeabi_ui2d
    irq_timer.o(.text) refers to f2d.o(x$fpl$f2d) for __aeabi_f2d
    irq_timer.o(.text) refers to floor.o(i.floor) for floor
    irq_timer.o(.text) refers to dfix.o(x$fpl$dfix) for __aeabi_d2iz
    irq_timer.o(.text) refers to dflt_clz.o(x$fpl$dflt) for __aeabi_i2d
    irq_timer.o(.text) refers to dmul.o(x$fpl$dmul) for __aeabi_dmul
    irq_timer.o(.text) refers to ddiv.o(x$fpl$ddiv) for __aeabi_ddiv
    irq_timer.o(.text) refers to dfixu.o(x$fpl$dfixu) for __aeabi_d2uiz
    irq_timer.o(.text) refers to glcd.o(.text) for LCD_DrawRect
    irq_timer.o(.text) refers to fmul.o(x$fpl$fmul) for __aeabi_fmul
    irq_timer.o(.text) refers to faddsub_clz.o(x$fpl$frsb) for __aeabi_frsub
    irq_timer.o(.text) refers to lib_adc.o(.text) for ADC_start_conversion
    irq_timer.o(.text) refers to pong.o(.data) for ball_x
    irq_rit.o(.text) refers to lib_timer.o(.text) for reset_timer
    irq_rit.o(.text) refers to irq_rit.o(.data) for down_INT0
    irq_adc.o(.text) refers to glcd.o(.text) for LCD_DrawRect
    irq_adc.o(.text) refers to irq_adc.o(.data) for AD_current
    irq_adc.o(.text) refers to pong.o(.data) for paddle_y
    asciilib.o(.text) refers to rt_memcpy_v6.o(.text) for __aeabi_memcpy
    asciilib.o(.text) refers to asciilib.o(.constdata) for AsciiLib
    glcd.o(.text) refers to glcd.o(.data) for LCD_Code
    glcd.o(.text) refers to asciilib.o(.text) for GetASCIICode
    hzlib.o(.text) refers to rt_memcpy_v6.o(.text) for __aeabi_memcpy
    hzlib.o(.text) refers to hzlib.o(.constdata) for HzLib
    rt_memcpy_v6.o(.text) refers to rt_memcpy_w.o(.text) for __aeabi_memcpy4
[...]
    rred.o(.constdata) refers (Special) to usenofp.o(x$fpl$usenofp) for __I$use$fp
    sin_i.o(i.__kernel_sin) refers (Special) to usenofp.o(x$fpl$usenofp) for __I$use$fp
    sin_i.o(i.__kernel_sin) refers to fpclassify.o(i.__ARM_fpclassify) for __ARM_fpclassify
    sin_i.o(i.__kernel_sin) refers to dunder.o(i.__mathlib_dbl_underflow) for __mathlib_dbl_underflow
    sin_i.o(i.__kernel_sin) refers to dmul.o(x$fpl$dmul) for __aeabi_dmul
    sin_i.o(i.__kernel_sin) refers to poly.o(i.__kernel_poly) for __kernel_poly
    sin_i.o(i.__kernel_sin) refers to scalbn.o(x$fpl$scalbn) for __ARM_scalbn
    sin_i.o(i.__kernel_sin) refers to daddsub_clz.o(x$fpl$dsub) for __aeabi_dsub
    sin_i.o(i.__kernel_sin) refers to daddsub_clz.o(x$fpl$drsb) for __aeabi_drsub
    sin_i.o(i.__kernel_sin) refers to daddsub_clz.o(x$fpl$dadd) for __aeabi_dadd
    sin_i.o(i.__kernel_sin) refers to sin_i.o(.constdata) for .constdata
    sin_i.o(.constdata) refers (Special) to usenofp.o(x$fpl$usenofp) for __I$use$fp
    sin_i_x.o(i.____kernel_sin$lsc) refers (Special) to usenofp.o(x$fpl$usenofp) for __I$use$fp
    sin_i_x.o(i.____kernel_sin$lsc) refers to dmul.o(x$fpl$dmul) for __aeabi_dmul
    sin_i_x.o(i.____kernel_sin$lsc) refers to poly.o(i.__kernel_poly) for __kernel_poly
    sin_i_x.o(i.____kernel_sin$lsc) refers to scalbn.o(x$fpl$scalbn) for __ARM_scalbn
    sin_i_x.o(i.____kernel_sin$lsc) refers to daddsub_clz.o(x$fpl$dsub) for __aeabi_dsub
    sin_i_x.o(i.____kernel_sin$lsc) refers to daddsub_clz.o(x$fpl$drsb) for __aeabi_drsub
    sin_i_x.o(i.____kernel_sin$lsc) refers to daddsub_clz.o(x$fpl$dadd) for __aeabi_dadd
    sin_i_x.o(i.____kernel_sin$lsc) refers to sin_i_x.o(.constdata) for .constdata
    sin_i_x.o(.constdata) refers (Special) to usenofp.o(x$fpl$usenofp) for __I$use$fp
    __rtentry2.o(.ARM.Collect$$rtentry$$00000008) refers to boardinit2.o(.text) for _platform_post_stackheap_init
    __rtentry2.o(.ARM.Collect$$rtentry$$0000000A) refers to libinit.o(.ARM.Collect$$libinit$$00000000) for __rt_lib_init
    __rtentry2.o(.ARM.Collect$$rtentry$$0000000B) refers to boardinit3.o(.text) for _platform_post_lib_init
    __rtentry2.o(.ARM.Collect$$rtentry$$0000000D) refers to sample.o(.text) for main
    __rtentry2.o(.ARM.Collect$$rtentry$$0000000D) refers to exit.o(.text) for exit
    __rtentry2.o(.ARM.exidx) refers to __rtentry2.o(.ARM.Collect$$rtentry$$00000001) for .ARM.Collect$$rtentry$$00000001
    __rtentry2.o(.ARM.exidx) refers to __rtentry2.o(.ARM.Collect$$rtentry$$00000008) for .ARM.Collect$$rtentry$$00000008
    __rtentry2.o(.ARM.exidx) refers to __rtentry2.o(.ARM.Collect$$rtentry$$0000000A) for .ARM.Collect$$rtentry$$0000000A
    __rtentry2.o(.ARM.exidx) refers to __rtentry2.o(.ARM.Collect$$rtentry$$0000000B) for .ARM.Collect$$rtentry$$0000000B
    __rtentry2.o(.ARM.exidx) refers to __rtentry2.o(.ARM.Collect$$rtentry$$0000000D) for .ARM.Collect$$rtentry$$0000000D
    __rtentry4.o(.ARM.Collect$$rtentry$$00000004) refers to sys_stackheap_outer.o(.text) for __user_setup_stackheap
    __rtentry4.o(.ARM.exidx) refers to __rtentry4.o(.ARM.Collect$$rtentry$$00000004) for .ARM.Collect$$rtentry$$00000004
    rt_errno_addr.o(.text) refers to rt_errno_addr.o(.bss) for __aeabi_errno_addr_data
    rt_errno_addr_intlibspace.o(.text) refers to libspace.o(.bss) for __libspace_start
    scalbn.o(x$fpl$scalbn) refers (Special) to usenofp.o(x$fpl$usenofp) for __I$use$fp
    scalbn.o(x$fpl$scalbn) refers to dcheck1.o(x$fpl$dcheck1) for __fpl_dcheck_NaN1
    fpclassify.o(i.__ARM_fpclassify) refers (Special) to usenofp.o(x$fpl$usenofp) for __I$use$fp
    poly.o(i.__kernel_poly) refers (Special) to usenofp.o(x$fpl$usenofp) for __I$use$fp
    poly.o(i.__kernel_poly) refers to dmul.o(x$fpl$dmul) for __aeabi_dmul
    poly.o(i.__kernel_poly) refers to daddsub_clz.o(x$fpl$dadd) for __aeabi_dadd
    libspace.o(.text) refers to libspace.o(.bss) for __libspace_start
    sys_stackheap_outer.o(.text) refers to libspace.o(.text) for __user_perproc_libspace
    sys_stackheap_outer.o(.text) refers to startup_lpc17xx.o(.text) for __user_initial_stackheap
    exit.o(.text) refers to rtexit.o(.ARM.Collect$$rtexit$$00000000) for __rt_exit
    libinit.o(.ARM.Collect$$libinit$$00000000) refers (Special) to libinit2.o(.ARM.Collect$$libinit$$0000002E) for __rt_lib_init_alloca_1
    libinit.o(.ARM.Collect$$libinit$$00000000) refers (Special) to libinit2.o(.ARM.Collect$$libinit$$0000002C) for __rt_lib_init_argv_1
    libinit.o(.ARM.Collect$$libinit$$00000000) refers (Special) to libinit2.o(.ARM.Collect$$libinit$$0000001B) for __rt_lib_init_atexit_1
    libinit.o(.ARM.Collect$$libinit$$00000000) refers (Special) to libinit2.o(.ARM.Collect$$libinit$$00000021) for __rt_lib_init_clock_1
    libinit.o(.ARM.Collect$$libinit$$00000000) refers (Special) to libinit2.o(.ARM.Collect$$libinit$$00000032) for __rt_lib_init_cpp_1
    libinit.o(.ARM.Collect$$libinit$$00000000) refers (Special) to libinit2.o(.ARM.Collect$$libinit$$00000030) for __rt_lib_init_exceptions_1
    libinit.o(.ARM.Collect$$libinit$$00000000) refers (Special) to libinit2.o(.ARM.Collect$$libinit$$00000002) for __rt_lib_init_fp_1
    libinit.o(.ARM.Collect$$libinit$$00000000) refers (Special) to libinit2.o(.ARM.Collect$$libinit$$0000001F) for __rt_lib_init_fp_trap_1
    libinit.o(.ARM.Collect$$libinit$$00000000) refers (Special) to libinit2.o(.ARM.Collect$$libinit$$00000023) for __rt_lib_init_getenv_1
    libinit.o(.ARM.Collect$$libinit$$00000000) refers (Special) to libinit2.o(.ARM.Collect$$libinit$$0000000A) for __rt_lib_init_heap_1
    libinit.o(.ARM.Collect$$libinit$$00000000) refers (Special) to libinit2.o(.ARM.Collect$$libinit$$00000011) for __rt_lib_init_lc_collate_1
    libinit.o(.ARM.Collect$$libinit$$00000000) refers (Special) to libinit2.o(.ARM.Collect$$libinit$$00000013) for __rt_lib_init_lc_ctype_1
    libinit.o(.ARM.Collect$$libinit$$00000000) refers (Special) to libinit2.o(.ARM.Collect$$libinit$$00000015) for __rt_lib_init_lc_monetary_1
    libinit.o(.ARM.Collect$$libinit$$00000000) refers (Special) to libinit2.o(.ARM.Collect$$libinit$$00000017) for __rt_lib_init_lc_numeric_1
    libinit.o(.ARM.Collect$$libinit$$00000000) refers (Special) to libinit2.o(.ARM.Collect$$libinit$$00000019) for __rt_lib_init_lc_time_1
    libinit.o(.ARM.Collect$$libinit$$00000000) refers (Special) to libinit2.o(.ARM.Collect$$libinit$$00000004) for __rt_lib_init_preinit_1
    libinit.o(.ARM.Collect$$libinit$$00000000) refers (Special) to libinit2.o(.ARM.Collect$$libinit$$0000000E) for __rt_lib_init_rand_1
    libinit.o(.ARM.Collect$$libinit$$00000000) refers (Special) to libinit2.o(.ARM.Collect$$libinit$$00000033) for __rt_lib_init_return
    libinit.o(.ARM.Collect$$libinit$$00000000) refers (Special) to libinit2.o(.ARM.Collect$$libinit$$0000001D) for __rt_lib_init_signal_1
    libinit.o(.ARM.Collect$$libinit$$00000000) refers (Special) to libinit2.o(.ARM.Collect$$libinit$$00000025) for __rt_lib_init_stdio_1
    libinit.o(.ARM.Collect$$libinit$$00000000) refers (Special) to libinit2.o(.ARM.Collect$$libinit$$0000000C) for __rt_lib_init_user_alloc_1
    dcheck1.o(x$fpl$dcheck1) refers (Special) to usenofp.o(x$fpl$usenofp) for __I$use$fp
    dcheck1.o(x$fpl$dcheck1) refers to retnan.o(x$fpl$retnan) for __fpl_return_NaN
    rtexit.o(.ARM.Collect$$rtexit$$00000000) refers (Special) to rtexit2.o(.ARM.Collect$$rtexit$$00000004) for __rt_exit_exit
    rtexit.o(.ARM.Collect$$rtexit$$00000000) refers (Special) to rtexit2.o(.ARM.Collect$$rtexit$$00000003) for __rt_exit_ls
    rtexit.o(.ARM.Collect$$rtexit$$00000000) refers (Special) to rtexit2.o(.ARM.Collect$$rtexit$$00000002) for __rt_exit_prels_1
    rtexit.o(.ARM.exidx) refers (Special) to rtexit2.o(.ARM.Collect$$rtexit$$00000004) for __rt_exit_exit
    rtexit.o(.ARM.exidx) refers (Special) to rtexit2.o(.ARM.Collect$$rtexit$$00000003) for __rt_exit_ls
    rtexit.o(.ARM.exidx) refers (Special) to rtexit2.o(.ARM.Collect$$rtexit$$00000002) for __rt_exit_prels_1
    rtexit.o(.ARM.exidx) refers to rtexit.o(.ARM.Collect$$rtexit$$00000000) for .ARM.Collect$$rtexit$$00000000
    libinit2.o(.ARM.Collect$$libinit$$00000010) refers to libinit2.o(.ARM.Collect$$libinit$$0000000F) for .ARM.Collect$$libinit$$0000000F
    libinit2.o(.ARM.Collect$$libinit$$00000012) refers to libinit2.o(.ARM.Collect$$libinit$$0000000F) for .ARM.Collect$$libinit$$0000000F
    libinit2.o(.ARM.Collect$$libinit$$00000014) refers to libinit2.o(.ARM.Collect$$libinit$$0000000F) for .ARM.Collect$$libinit$$0000000F
    libinit2.o(.ARM.Collect$$libinit$$00000016) refers to libinit2.o(.ARM.Collect$$libinit$$0000000F) for .ARM.Collect$$libinit$$0000000F
    libinit2.o(.ARM.Collect$$libinit$$00000018) refers to libinit2.o(.ARM.Collect$$libinit$$0000000F) for .ARM.Collect$$libinit$$0000000F
    libinit2.o(.ARM.Collect$$libinit$$00000026) refers to argv_veneer.o(.emb_text) for __ARM_argv_veneer
    libinit2.o(.ARM.Collect$$libinit$$00000027) refers to argv_veneer.o(.emb_text) for __ARM_argv_veneer
    retnan.o(x$fpl$retnan) refers (Special) to usenofp.o(x$fpl$usenofp) for __I$use$fp
    retnan.o(x$fpl$retnan) refers to trapv.o(x$fpl$trapveneer) for __fpl_cmpreturn
    rtexit2.o(.ARM.Collect$$rtexit$$00000003) refers to libshutdown.o(.ARM.Collect$$libshutdown$$00000000) for __rt_lib_shutdown
    rtexit2.o(.ARM.Collect$$rtexit$$00000004) refers to sys_exit.o(.text) for _sys_exit
    rtexit2.o(.ARM.exidx) refers to rtexit2.o(.ARM.Collect$$rtexit$$00000001) for .ARM.Collect$$rtexit$$00000001
    rtexit2.o(.ARM.exidx) refers to rtexit2.o(.ARM.Collect$$rtexit$$00000003) for .ARM.Collect$$rtexit$$00000003
    rtexit2.o(.ARM.exidx) refers to rtexit2.o(.ARM.Collect$$rtexit$$00000004) for .ARM.Collect$$rtexit$$00000004
    argv_veneer.o(.emb_text) refers to no_argv.o(.text) for __ARM_get_argv
    trapv.o(x$fpl$trapveneer) refers (Special) to usenofp.o(x$fpl$usenofp) for __I$use$fp
    sys_exit.o(.text) refers (Special) to use_no_semi.o(.text) for __I$use$semihosting
    sys_exit.o(.text) refers (Special) to indicate_semi.o(.text) for __semihosting_library_function
    _get_argv_nomalloc.o(.text) refers (Special) to hrguard.o(.text) for __heap_region$guard
    _get_argv_nomalloc.o(.text) refers to defsig_rtmem_outer.o(.text) for __rt_SIGRTMEM
    _get_argv_nomalloc.o(.text) refers to sys_command.o(.text) for _sys_command_string
    libshutdown.o(.ARM.Collect$$libshutdown$$00000000) refers (Special) to libshutdown2.o(.ARM.Collect$$libshutdown$$00000004) for __rt_lib_shutdown_cpp_1
    libshutdown.o(.ARM.Collect$$libshutdown$$00000000) refers (Special) to libshutdown2.o(.ARM.Collect$$libshutdown$$00000002) for __rt_lib_shutdown_fini_1
    libshutdown.o(.ARM.Collect$$libshutdown$$00000000) refers (Special) to libshutdown2.o(.ARM.Collect$$libshutdown$$00000009) for __rt_lib_shutdown_fp_trap_1
    libshutdown.o(.ARM.Collect$$libshutdown$$00000000) refers (Special) to libshutdown2.o(.ARM.Collect$$libshutdown$$00000011) for __rt_lib_shutdown_heap_1
    libshutdown.o(.ARM.Collect$$libshutdown$$00000000) refers (Special) to libshutdown2.o(.ARM.Collect$$libshutdown$$00000012) for __rt_lib_shutdown_return
    libshutdown.o(.ARM.Collect$$libshutdown$$00000000) refers (Special) to libshutdown2.o(.ARM.Collect$$libshutdown$$0000000C) for __rt_lib_shutdown_signal_1
    libshutdown.o(.ARM.Collect$$libshutdown$$00000000) refers (Special) to libshutdown2.o(.ARM.Collect$$libshutdown$$00000006) for __rt_lib_shutdown_stdio_1
    libshutdown.o(.ARM.Collect$$libshutdown$$00000000) refers (Special) to libshutdown2.o(.ARM.Collect$$libshutdown$$0000000E) for __rt_lib_shutdown_user_alloc_1
    sys_command.o(.text) refers (Special) to use_no_semi.o(.text) for __I$use$semihosting
    sys_command.o(.text) refers (Special) to indicate_semi.o(.text) for __semihosting_library_function
    defsig_rtmem_outer.o(.text) refers to defsig_rtmem_inner.o(.text) for __rt_SIGRTMEM_inner
    defsig_rtmem_outer.o(.text) refers to defsig_exit.o(.text) for __sig_exit
    defsig_rtmem_formal.o(.text) refers to rt_raise.o(.text) for __rt_raise
    rt_raise.o(.text) refers to __raise.o(.text) for __raise
    rt_raise.o(.text) refers to sys_exit.o(.text) for _sys_exit
    defsig_exit.o(.text) refers to sys_exit.o(.text) for _sys_exit
    defsig_rtmem_inner.o(.text) refers to defsig_general.o(.text) for __default_signal_display
    __raise.o(.text) refers to defsig.o(CL$$defsig) for __default_signal_handler
    defsig_general.o(.text) refers to sys_wrch.o(.text) for _ttywrch
    sys_wrch.o(.text) refers (Special) to use_no_semi.o(.text) for __I$use$semihosting
    sys_wrch.o(.text) refers (Special) to indicate_semi.o(.text) for __semihosting_library_function
    defsig.o(CL$$defsig) refers to defsig_rtmem_inner.o(.text) for __rt_SIGRTMEM_inner
    defsig_abrt_inner.o(.text) refers to defsig_general.o(.text) for __default_signal_display
    defsig_fpe_inner.o(.text) refers to defsig_general.o(.text) for __default_signal_display
    defsig_rtred_inner.o(.text) refers to defsig_general.o(.text) for __default_signal_display
    defsig_stak_inner.o(.text) refers to defsig_general.o(.text) for __default_signal_display
    defsig_pvfn_inner.o(.text) refers to defsig_general.o(.text) for __default_signal_display
    defsig_cppl_inner.o(.text) refers to defsig_general.o(.text) for __default_signal_display
    defsig_segv_inner.o(.text) refers to defsig_general.o(.text) for __default_signal_display
    defsig_other.o(.text) refers to defsig_general.o(.text) for __default_signal_display


==============================================================================

Removing Unused input sections from the image.

    Removing pong.o(.rev16_text), (4 bytes).
    Removing pong.o(.revsh_text), (4 bytes).
    Removing pong.o(.rrx_text), (6 bytes).
    Removing sample.o(.rev16_text), (4 bytes).
    Removing sample.o(.revsh_text), (4 bytes).
    Removing sample.o(.rrx_text), (6 bytes).
    Removing core_cm3.o(.emb_text), (32 bytes).
    Removing system_lpc17xx.o(.rev16_text), (4 bytes).
    Removing system_lpc17xx.o(.revsh_text), (4 bytes).
    Removing system_lpc17xx.o(.rrx_text), (6 bytes).
    Removing funct_led.o(.rev16_text), (4 bytes).
    Removing funct_led.o(.revsh_text), (4 bytes).
    Removing funct_led.o(.rrx_text), (6 bytes).
    Removing funct_led.o(.text), (108 bytes).
    Removing funct_led.o(.constdata), (32 bytes).
    Removing lib_led.o(.rev16_text), (4 bytes).
    Removing lib_led.o(.revsh_text), (4 bytes).
    Removing lib_led.o(.rrx_text), (6 bytes).
    Removing lib_led.o(.text), (64 bytes).
    Removing lib_led.o(.data), (1 bytes).
    Removing irq_button.o(.rev16_text), (4 bytes).
    Removing irq_button.o(.revsh_text), (4 bytes).
    Removing irq_button.o(.rrx_text), (6 bytes).
    Removing lib_button.o(.rev16_text), (4 bytes).
    Removing lib_button.o(.revsh_text), (4 bytes).
    Removing lib_button.o(.rrx_text), (6 bytes).
    Removing irq_timer.o(.rev16_text), (4 bytes).
    Removing irq_timer.o(.revsh_text), (4 bytes).
    Removing irq_timer.o(.rrx_text), (6 bytes).
    Removing lib_timer.o(.rev16_text), (4 bytes).
    Removing lib_timer.o(.revsh_text), (4 bytes).
    Removing lib_timer.o(.rrx_text), (6 bytes).
    Removing irq_rit.o(.rev16_text), (4 bytes).
    Removing irq_rit.o(.revsh_text), (4 bytes).
    Removing irq_rit.o(.rrx_text), (6 bytes).
    Removing lib_rit.o(.rev16_text), (4 bytes).
    Removing lib_rit.o(.revsh_text), (4 bytes).
    Removing lib_rit.o(.rrx_text), (6 bytes).
    Removing irq_adc.o(.rev16_text), (4 bytes).
    Removing irq_adc.o(.revsh_text), (4 bytes).
    Removing irq_adc.o(.rrx_text), (6 bytes).
    Removing lib_adc.o(.rev16_text), (4 bytes).
    Removing lib_adc.o(.revsh_text), (4 bytes).
    Removing lib_adc.o(.rrx_text), (6 bytes).
    Removing glcd.o(.rev16_text), (4 bytes).
    Removing glcd.o(.revsh_text), (4 bytes).
    Removing glcd.o(.rrx_text), (6 bytes).
    Removing hzlib.o(.text), (52 bytes).
    Removing hzlib.o(.constdata), (216576 bytes).

49 unused section(s) (total 217061 bytes) removed from the image.

==============================================================================

Image Symbol Table

    Local Symbols

    Symbol Name                              Value     Ov Type        Size  Object(Section)

    RESET                                    0x00000000   Section      204  startup_lpc17xx.o(RESET)
    ../clib/angel/boardlib.s                 0x00000000   Number         0  boardinit3.o ABSOLUTE
    ../clib/angel/boardlib.s                 0x00000000   Number         0  boardinit2.o ABSOLUTE
    ../clib/angel/boardlib.s                 0x00000000   Number         0  boardshut.o ABSOLUTE
    ../clib/angel/boardlib.s                 0x00000000   Number         0  boardinit1.o ABSOLUTE
    ../clib/angel/handlers.s                 0x00000000   Number         0  __scatter_zi.o ABSOLUTE
    ../clib/angel/handlers.s                 0x00000000   Number         0  __scatter_copy.o ABSOLUTE
    ../clib/angel/kernel.s                   0x00000000   Number         0  __rtentry2.o ABSOLUTE
    ../clib/angel/kernel.s                   0x00000000   Number         0  __rtentry.o ABSOLUTE
    ../clib/angel/kernel.s                   0x00000000   Number         0  __rtentry4.o ABSOLUTE
    ../clib/angel/kernel.s                   0x00000000   Number         0  rtexit2.o ABSOLUTE
    ../clib/angel/kernel.s                   0x00000000   Number         0  rtexit.o ABSOLUTE
    ../clib/angel/rt.s                       0x00000000   Number         0  rt_errno_addr.o ABSOLUTE
    ../clib/angel/rt.s                       0x00000000   Number         0  rt_errno_addr_intlibspace.o ABSOLUTE
    ../clib/angel/rt.s                       0x00000000   Number         0  rt_raise.o ABSOLUTE
    ../clib/angel/scatter.s                  0x00000000   Number         0  __scatter.o ABSOLUTE
    ../clib/angel/startup.s                  0x00000000   Number         0  __main.o ABSOLUTE
    ../clib/angel/sys.s                      0x00000000   Number         0  sys_stackheap_outer.o ABSOLUTE
    ../clib/angel/sys.s                      0x00000000   Number         0  indicate_semi.o ABSOLUTE
    ../clib/angel/sys.s                      0x00000000   Number         0  libspace.o ABSOLUTE
    ../clib/angel/sys.s                      0x00000000   Number         0  use_no_semi.o ABSOLUTE
    ../clib/angel/sysapp.c                   0x00000000   Number         0  sys_wrch.o ABSOLUTE
    ../clib/angel/sysapp.c                   0x00000000   Number         0  sys_exit.o ABSOLUTE
    ../clib/angel/sysapp.c                   0x00000000   Number         0  sys_command.o ABSOLUTE
    ../clib/armsys.c                         0x00000000   Number         0  argv_veneer.o ABSOLUTE
    ../clib/armsys.c                         0x00000000   Number         0  argv_veneer.o ABSOLUTE
    ../clib/armsys.c                         0x00000000   Number         0  _get_argv_nomalloc.o ABSOLUTE
    ../clib/armsys.c                         0x00000000   Number         0  no_argv.o ABSOLUTE
    ../clib/fenv.c                           0x00000000   Number         0  _rserrno.o ABSOLUTE
    ../clib/heapalloc.c                      0x00000000   Number         0  hrguard.o ABSOLUTE
    ../clib/heapaux.c                        0x00000000   Number         0  heapauxi.o ABSOLUTE
    ../clib/libinit.s                        0x00000000   Number         0  libinit.o ABSOLUTE
    ../clib/libinit.s                        0x00000000   Number         0  libshutdown2.o ABSOLUTE
    ../clib/libinit.s                        0x00000000   Number         0  libinit2.o ABSOLUTE
    ../clib/libinit.s                        0x00000000   Number         0  libshutdown.o ABSOLUTE
    ../clib/memcpset.s                       0x00000000   Number         0  rt_memcpy_v6.o ABSOLUTE
    ../clib/memcpset.s                       0x00000000   Number         0  rt_memcpy_w.o ABSOLUTE
    ../clib/signal.c                         0x00000000   Number         0  defsig_abrt_inner.o ABSOLUTE
    ../clib/signal.c                         0x00000000   Number         0  defsig_fpe_inner.o ABSOLUTE
    ../clib/signal.c                         0x00000000   Number         0  __raise.o ABSOLUTE
    ../clib/signal.c                         0x00000000   Number         0  defsig_rtmem_inner.o ABSOLUTE
    ../clib/signal.c                         0x00000000   Number         0  defsig_exit.o ABSOLUTE
    ../clib/signal.c                         0x00000000   Number         0  defsig_general.o ABSOLUTE
    ../clib/signal.c                         0x00000000   Number         0  defsig_rtred_inner.o ABSOLUTE
    ../clib/signal.c                         0x00000000   Number         0  defsig_stak_inner.o ABSOLUTE
    ../clib/signal.c                         0x00000000   Number         0  defsig_other.o ABSOLUTE
    ../clib/signal.c                         0x00000000   Number         0  defsig_rtmem_formal.o ABSOLUTE
    ../clib/signal.c                         0x00000000   Number         0  defsig_pvfn_inner.o ABSOLUTE
    ../clib/signal.c                         0x00000000   Number         0  defsig_cppl_inner.o ABSOLUTE
    ../clib/signal.c                         0x00000000   Number         0  defsig_rtmem_outer.o ABSOLUTE
    ../clib/signal.c                         0x00000000   Number         0  defsig_segv_inner.o ABSOLUTE
    ../clib/signal.s                         0x00000000   Number         0  defsig.o ABSOLUTE
    ../clib/stdlib.c                         0x00000000   Number         0  exit.o ABSOLUTE
    ../fplib/d2f.s                           0x00000000   Number         0  d2f.o ABSOLUTE
    ../fplib/daddsub.s                       0x00000000   Number         0  daddsub_clz.o ABSOLUTE
    ../fplib/dcheck1.s                       0x00000000   Number         0  dcheck1.o ABSOLUTE
    ../fplib/dcmpi.s                         0x00000000   Number         0  dcmpi.o ABSOLUTE
    ../fplib/ddiv.s                          0x00000000   Number         0  ddiv.o ABSOLUTE
    ../fplib/dfix.s                          0x00000000   Number         0  dfix.o ABSOLUTE
    ../fplib/dfixu.s                         0x00000000   Number         0  dfixu.o ABSOLUTE
    ../fplib/dflt.s                          0x00000000   Number         0  dflt_clz.o ABSOLUTE
    ../fplib/dleqf.s                         0x00000000   Number         0  dleqf.o ABSOLUTE
    ../fplib/dmul.s                          0x00000000   Number         0  dmul.o ABSOLUTE
    ../fplib/dnaninf.s                       0x00000000   Number         0  dnaninf.o ABSOLUTE
    ../fplib/drem.s                          0x00000000   Number         0  drem_clz.o ABSOLUTE
    ../fplib/dretinf.s                       0x00000000   Number         0  dretinf.o ABSOLUTE
    ../fplib/drleqf.s                        0x00000000   Number         0  drleqf.o ABSOLUTE
    ../fplib/f2d.s                           0x00000000   Number         0  f2d.o ABSOLUTE
    ../fplib/faddsub.s                       0x00000000   Number         0  faddsub_clz.o ABSOLUTE
    ../fplib/fcmpi.s                         0x00000000   Number         0  fcmpi.o ABSOLUTE
    ../fplib/fflt.s                          0x00000000   Number         0  fflt_clz.o ABSOLUTE
    ../fplib/fleqf.s                         0x00000000   Number         0  fleqf.o ABSOLUTE
    ../fplib/fmul.s                          0x00000000   Number         0  fmul.o ABSOLUTE
    ../fplib/fnaninf.s                       0x00000000   Number         0  fnaninf.o ABSOLUTE
    ../fplib/fpinit.s                        0x00000000   Number         0  fpinit.o ABSOLUTE
    ../fplib/fretinf.s                       0x00000000   Number         0  fretinf.o ABSOLUTE
    ../fplib/frleqf.s                        0x00000000   Number         0  frleqf.o ABSOLUTE
    ../fplib/retnan.s                        0x00000000   Number         0  retnan.o ABSOLUTE
    ../fplib/scalbn.s                        0x00000000   Number         0  scalbn.o ABSOLUTE
    ../fplib/trapv.s                         0x00000000   Number         0  trapv.o ABSOLUTE
    ../fplib/usenofp.s                       0x00000000   Number         0  usenofp.o ABSOLUTE
    ../mathlib/cos.c                         0x00000000   Number         0  cos_x.o ABSOLUTE
    ../mathlib/cos.c                         0x00000000   Number         0  cos.o ABSOLUTE
    ../mathlib/cos_i.c                       0x00000000   Number         0  cos_i.o ABSOLUTE
    ../mathlib/dunder.c                      0x00000000   Number         0  dunder.o ABSOLUTE
    ../mathlib/floor.c                       0x00000000   Number         0  floor.o ABSOLUTE
    ../mathlib/fmod.c                        0x00000000   Number         0  fmod_x.o ABSOLUTE
    ../mathlib/fmod.c                        0x00000000   Number         0  fmod.o ABSOLUTE
    ../mathlib/fpclassify.c                  0x00000000   Number         0  fpclassify.o ABSOLUTE
    ../mathlib/poly.c                        0x00000000   Number         0  poly.o ABSOLUTE
    ../mathlib/rred.c                        0x00000000   Number         0  rred.o ABSOLUTE
    ../mathlib/sin.c                         0x00000000   Number         0  sin.o ABSOLUTE
    ../mathlib/sin.c                         0x00000000   Number         0  sin_x.o ABSOLUTE
    ../mathlib/sin_i.c                       0x00000000   Number         0  sin_i.o ABSOLUTE
    ../mathlib/sin_i.c                       0x00000000   Number         0  sin_i_x.o ABSOLUTE
    GLCD\AsciiLib.c                          0x00000000   Number         0  asciilib.o ABSOLUTE
    GLCD\GLCD.c                              0x00000000   Number         0  glcd.o ABSOLUTE
    GLCD\HzLib.c                             0x00000000   Number         0  hzlib.o ABSOLUTE
    GLCD\\GLCD.c                             0x00000000   Number         0  glcd.o ABSOLUTE
    RIT\IRQ_RIT.c                            0x00000000   Number         0  irq_rit.o ABSOLUTE
    RIT\\IRQ_RIT.c                           0x00000000   Number         0  irq_rit.o ABSOLUTE
    RIT\\lib_RIT.c                           0x00000000   Number         0  lib_rit.o ABSOLUTE
    RIT\lib_RIT.c                            0x00000000   Number         0  lib_rit.o ABSOLUTE
    adc\IRQ_adc.c                            0x00000000   Number         0  irq_adc.o ABSOLUTE
    adc\\IRQ_adc.c                           0x00000000   Number         0  irq_adc.o ABSOLUTE
    adc\\lib_adc.c                           0x00000000   Number         0  lib_adc.o ABSOLUTE
    adc\lib_adc.c                            0x00000000   Number         0  lib_adc.o ABSOLUTE
    button_EXINT\IRQ_button.c                0x00000000   Number         0  irq_button.o ABSOLUTE
    button_EXINT\\IRQ_button.c               0x00000000   Number         0  irq_button.o ABSOLUTE
    button_EXINT\\lib_button.c               0x00000000   Number         0  lib_button.o ABSOLUTE
    button_EXINT\lib_button.c                0x00000000   Number         0  lib_button.o ABSOLUTE
    core_cm3.c                               0x00000000   Number         0  core_cm3.o ABSOLUTE
    core_cm3.c                               0x00000000   Number         0  core_cm3.o ABSOLUTE
    dc.s                                     0x00000000   Number         0  dc.o ABSOLUTE
    led\\funct_led.c                         0x00000000   Number         0  funct_led.o ABSOLUTE
    led\\lib_led.c                           0x00000000   Number         0  lib_led.o ABSOLUTE
    led\funct_led.c                          0x00000000   Number         0  funct_led.o ABSOLUTE
    led\lib_led.c                            0x00000000   Number         0  lib_led.o ABSOLUTE
    pong\\pong.c                             0x00000000   Number         0  pong.o ABSOLUTE
    pong\pong.c                              0x00000000   Number         0  pong.o ABSOLUTE
    sample.c                                 0x00000000   Number         0  sample.o ABSOLUTE
    sample.c                                 0x00000000   Number         0  sample.o ABSOLUTE
    startup_LPC17xx.s                        0x00000000   Number         0  startup_lpc17xx.o ABSOLUTE
    system_LPC17xx.c                         0x00000000   Number         0  system_lpc17xx.o ABSOLUTE
    system_LPC17xx.c                         0x00000000   Number         0  system_lpc17xx.o ABSOLUTE
    timer\IRQ_timer.c                        0x00000000   Number         0  irq_timer.o ABSOLUTE
    timer\\IRQ_timer.c                       0x00000000   Number         0  irq_timer.o ABSOLUTE
    timer\\lib_timer.c                       0x00000000   Number         0  lib_timer.o ABSOLUTE
    timer\lib_timer.c                        0x00000000   Number         0  lib_timer.o ABSOLUTE
    !!!main                                  0x000000cc   Section        8  __main.o(!!!main)
    !!!scatter                               0x000000d4   Section       52  __scatter.o(!!!scatter)
    !!handler_copy                           0x00000108   Section       26  __scatter_copy.o(!!handler_copy)
    !!handler_zi                             0x00000124   Section       28  __scatter_zi.o(!!handler_zi)
    .ARM.Collect$$libinit$$00000000          0x00000140   Section        2  libinit.o(.ARM.Collect$$libinit$$00000000)
    .ARM.Collect$$libinit$$00000002          0x00000142   Section        0  libinit2.o(.ARM.Collect$$libinit$$00000002)
    .ARM.Collect$$libinit$$00000004          0x00000142   Section        0  libinit2.o(.ARM.Collect$$libinit$$00000004)
    .ARM.Collect$$libinit$$0000000A          0x00000142   Section        0  libinit2.o(.ARM.Collect$$libinit$$0000000A)
    .ARM.Collect$$libinit$$0000000C          0x00000142   Section        0  libinit2.o(.ARM.Collect$$libinit$$0000000C)
    .ARM.Collect$$libinit$$0000000E          0x00000142   Section        0  libinit2.o(.ARM.Collect$$libinit$$0000000E)
    .ARM.Collect$$libinit$$00000011          0x00000142   Section        0  libinit2.o(.ARM.Collect$$libinit$$00000011)
    .ARM.Collect$$libinit$$00000013          0x00000142   Section        0  libinit2.o(.ARM.Collect$$libinit$$00000013)
    .ARM.Collect$$libinit$$00000015          0x00000142   Section        0  libinit2.o(.ARM.Collect$$libinit$$00000015)
    .ARM.Collect$$libinit$$00000017          0x00000142   Section        0  libinit2.o(.ARM.Collect$$libinit$$00000017)
    .ARM.Collect$$libinit$$00000019          0x00000142   Section        0  libinit2.o(.ARM.Collect$$libinit$$00000019)
    .ARM.Collect$$libinit$$0000001B          0x00000142   Section        0  libinit2.o(.ARM.Collect$$libinit$$0000001B)
    .ARM.Collect$$libinit$$0000001D          0x00000142   Section        0  libinit2.o(.ARM.Collect$$libinit$$0000001D)
    .ARM.Collect$$libinit$$0000001F          0x00000142   Section        0  libinit2.o(.ARM.Collect$$libinit$$0000001F)
    .ARM.Collect$$libinit$$00000021          0x00000142   Section        0  libinit2.o(.ARM.Collect$$libinit$$00000021)
    .ARM.Collect$$libinit$$00000023          0x00000142   Section        0  libinit2.o(.ARM.Collect$$libinit$$00000023)
    .ARM.Collect$$libinit$$00000025          0x00000142   Section        0  libinit2.o(.ARM.Collect$$libinit$$00000025)
    .ARM.Collect$$libinit$$0000002C          0x00000142   Section        0  libinit2.o(.ARM.Collect$$libinit$$0000002C)
    .ARM.Collect$$libinit$$0000002E          0x00000142   Section        0  libinit2.o(.ARM.Collect$$libinit$$0000002E)
    .ARM.Collect$$libinit$$00000030          0x00000142   Section        0  libinit2.o(.ARM.Collect$$libinit$$00000030)
    .ARM.Collect$$libinit$$00000032          0x00000142   Section        0  libinit2.o(.ARM.Collect$$libinit$$00000032)
    .ARM.Collect$$libinit$$00000033          0x00000142   Section        2  libinit2.o(.ARM.Collect$$libinit$$00000033)
    .ARM.Collect$$libshutdown$$00000000      0x00000144   Section        2  libshutdown.o(.ARM.Collect$$libshutdown$$00000000)
    .ARM.Collect$$libshutdown$$00000002      0x00000146   Section        0  libshutdown2.o(.ARM.Collect$$libshutdown$$00000002)
    .ARM.Collect$$libshutdown$$00000004      0x00000146   Section        0  libshutdown2.o(.ARM.Collect$$libshutdown$$00000004)
    .ARM.Collect$$libshutdown$$00000006      0x00000146   Section        0  libshutdown2.o(.ARM.Collect$$libshutdown$$00000006)
    .ARM.Collect$$libshutdown$$00000009      0x00000146   Section        0  libshutdown2.o(.ARM.Collect$$libshutdown$$00000009)
    .ARM.Collect$$libshutdown$$0000000C      0x00000146   Section        0  libshutdown2.o(.ARM.Collect$$libshutdown$$0000000C)
    .ARM.Collect$$libshutdown$$0000000E      0x00000146   Section        0  libshutdown2.o(.ARM.Collect$$libshutdown$$0000000E)
    .ARM.Collect$$libshutdown$$00000011      0x00000146   Section        0  libshutdown2.o(.ARM.Collect$$libshutdown$$00000011)
    .ARM.Collect$$libshutdown$$00000012      0x00000146   Section        2  libshutdown2.o(.ARM.Collect$$libshutdown$$00000012)
    .ARM.Collect$$rtentry$$00000000          0x00000148   Section        0  __rtentry.o(.ARM.Collect$$rtentry$$00000000)
    .ARM.Collect$$rtentry$$00000002          0x00000148   Section        0  __rtentry2.o(.ARM.Collect$$rtentry$$00000002)
    .ARM.Collect$$rtentry$$00000004          0x00000148   Section        6  __rtentry4.o(.ARM.Collect$$rtentry$$00000004)
    .ARM.Collect$$rtentry$$00000009          0x0000014e   Section        0  __rtentry2.o(.ARM.Collect$$rtentry$$00000009)
    .ARM.Collect$$rtentry$$0000000A          0x0000014e   Section        4  __rtentry2.o(.ARM.Collect$$rtentry$$0000000A)
    .ARM.Collect$$rtentry$$0000000C          0x00000152   Section        0  __rtentry2.o(.ARM.Collect$$rtentry$$0000000C)
    .ARM.Collect$$rtentry$$0000000D          0x00000152   Section        8  __rtentry2.o(.ARM.Collect$$rtentry$$0000000D)
    .ARM.Collect$$rtexit$$00000000           0x0000015a   Section        2  rtexit.o(.ARM.Collect$$rtexit$$00000000)
    .ARM.Collect$$rtexit$$00000002           0x0000015c   Section        0  rtexit2.o(.ARM.Collect$$rtexit$$00000002)
    .ARM.Collect$$rtexit$$00000003           0x0000015c   Section        4  rtexit2.o(.ARM.Collect$$rtexit$$00000003)
    .ARM.Collect$$rtexit$$00000004           0x00000160   Section        6  rtexit2.o(.ARM.Collect$$rtexit$$00000004)
    .text                                    0x00000168   Section       52  startup_lpc17xx.o(.text)
    .text                                    0x0000019c   Section        0  pong.o(.text)
    .text                                    0x00000268   Section        0  sample.o(.text)
    .text                                    0x000002a4   Section        0  asciilib.o(.text)
    .text                                    0x000002c4   Section        0  heapauxi.o(.text)
    .text                                    0x000002ca   Section        0  _rserrno.o(.text)
    .text                                    0x000002e0   Section        8  rt_errno_addr_intlibspace.o(.text)
    .text                                    0x000002e8   Section        8  libspace.o(.text)
    .text                                    0x000002f0   Section        0  sys_exit.o(.text)
    .ARM.__at_0x02FC                         0x000002fc   Section        4  startup_lpc17xx.o(.ARM.__at_0x02FC)
    .text                                    0x00000300   Section        0  system_lpc17xx.o(.text)
    .text                                    0x0000052c   Section        0  irq_button.o(.text)
    __NVIC_DisableIRQ                        0x0000052d   Thumb Code    30  irq_button.o(.text)
    .text                                    0x000005e4   Section        0  lib_button.o(.text)
    __NVIC_EnableIRQ                         0x000005e5   Thumb Code    34  lib_button.o(.text)
    __NVIC_SetPriority                       0x00000607   Thumb Code    32  lib_button.o(.text)
    .text                                    0x000006b8   Section        0  irq_timer.o(.text)
    .text                                    0x00000a0c   Section        0  lib_timer.o(.text)
    __NVIC_EnableIRQ                         0x00000a0d   Thumb Code    34  lib_timer.o(.text)
    .text                                    0x00000b48   Section        0  irq_rit.o(.text)
    __NVIC_EnableIRQ                         0x00000b49   Thumb Code    34  irq_rit.o(.text)
    .text                                    0x00000ca8   Section        0  lib_rit.o(.text)
    .text                                    0x00000d3c   Section        0  irq_adc.o(.text)
    .text                                    0x00000db8   Section        0  lib_adc.o(.text)
    .text                                    0x00000e48   Section        0  glcd.o(.text)
    LCD_Configuration                        0x00000e49   Thumb Code    20  glcd.o(.text)
    wait_delay                               0x00000e5d   Thumb Code    12  glcd.o(.text)
    LCD_SetCursor                            0x00000e69   Thumb Code  1356  glcd.o(.text)
    delay_ms                                 0x000013b5   Thumb Code    30  glcd.o(.text)
    LCD_BGR2RGB                              0x000048b1   Thumb Code    26  glcd.o(.text)
    .text                                    0x00004f88   Section      138  rt_memcpy_v6.o(.text)
    .text                                    0x00005012   Section      100  rt_memcpy_w.o(.text)
    .text                                    0x00005076   Section       74  sys_stackheap_outer.o(.text)
    .text                                    0x000050c0   Section        0  exit.o(.text)
    .text                                    0x000050d2   Section        2  use_no_semi.o(.text)
    .text                                    0x000050d4   Section        0  indicate_semi.o(.text)
    i.__ARM_fpclassify                       0x000050d4   Section        0  fpclassify.o(i.__ARM_fpclassify)
    i.__ieee754_rem_pio2                     0x000050fc   Section        0  rred.o(i.__ieee754_rem_pio2)
    i.__kernel_cos                           0x00005484   Section        0  cos_i.o(i.__kernel_cos)
    i.__kernel_poly                          0x00005580   Section        0  poly.o(i.__kernel_poly)
    i.__kernel_sin                           0x0000562c   Section        0  sin_i.o(i.__kernel_sin)
    i.__mathlib_dbl_infnan                   0x00005718   Section        0  dunder.o(i.__mathlib_dbl_infnan)
    i.__mathlib_dbl_invalid                  0x0000571e   Section        0  dunder.o(i.__mathlib_dbl_invalid)
    i.__mathlib_dbl_underflow                0x0000572c   Section        0  dunder.o(i.__mathlib_dbl_underflow)
    i.cos                                    0x0000573c   Section        0  cos.o(i.cos)
    i.floor                                  0x000057d8   Section        0  floor.o(i.floor)
    i.fmod                                   0x000058b4   Section        0  fmod.o(i.fmod)
    i.sin                                    0x00005948   Section        0  sin.o(i.sin)
    x$fpl$d2f                                0x000059e8   Section       98  d2f.o(x$fpl$d2f)
    x$fpl$dadd                               0x00005a4c   Section      336  daddsub_clz.o(x$fpl$dadd)
    _dadd1                                   0x00005a5d   Thumb Code     0  daddsub_clz.o(x$fpl$dadd)
    x$fpl$dcheck1                            0x00005b9c   Section       16  dcheck1.o(x$fpl$dcheck1)
    x$fpl$dcmpinf                            0x00005bac   Section       24  dcmpi.o(x$fpl$dcmpinf)
    x$fpl$ddiv                               0x00005bc4   Section      688  ddiv.o(x$fpl$ddiv)
    ddiv_entry                               0x00005bcb   Thumb Code     0  ddiv.o(x$fpl$ddiv)
    x$fpl$dfix                               0x00005e74   Section       94  dfix.o(x$fpl$dfix)
    x$fpl$dfixu                              0x00005ed4   Section       90  dfixu.o(x$fpl$dfixu)
    x$fpl$dflt                               0x00005f2e   Section       46  dflt_clz.o(x$fpl$dflt)
    x$fpl$dfltu                              0x00005f5c   Section       38  dflt_clz.o(x$fpl$dfltu)
    x$fpl$dleqf                              0x00005f84   Section      120  dleqf.o(x$fpl$dleqf)
    x$fpl$dmul                               0x00005ffc   Section      340  dmul.o(x$fpl$dmul)
    x$fpl$dnaninf                            0x00006150   Section      156  dnaninf.o(x$fpl$dnaninf)
    x$fpl$drem                               0x000061ec   Section      336  drem_clz.o(x$fpl$drem)
    x$fpl$dretinf                            0x0000633c   Section       12  dretinf.o(x$fpl$dretinf)
    x$fpl$drleqf                             0x00006348   Section      108  drleqf.o(x$fpl$drleqf)
    x$fpl$drsb                               0x000063b4   Section       22  daddsub_clz.o(x$fpl$drsb)
    x$fpl$dsub                               0x000063cc   Section      468  daddsub_clz.o(x$fpl$dsub)
    _dsub1                                   0x000063dd   Thumb Code     0  daddsub_clz.o(x$fpl$dsub)
    x$fpl$f2d                                0x000065a0   Section       86  f2d.o(x$fpl$f2d)
    x$fpl$fadd                               0x000065f8   Section      196  faddsub_clz.o(x$fpl$fadd)
    _fadd1                                   0x00006607   Thumb Code     0  faddsub_clz.o(x$fpl$fadd)
    x$fpl$fcmpinf                            0x000066bc   Section       24  fcmpi.o(x$fpl$fcmpinf)
    x$fpl$fflt                               0x000066d4   Section       48  fflt_clz.o(x$fpl$fflt)
    x$fpl$ffltu                              0x00006704   Section       38  fflt_clz.o(x$fpl$ffltu)
    x$fpl$fleqf                              0x0000672c   Section      104  fleqf.o(x$fpl$fleqf)
    x$fpl$fmul                               0x00006794   Section      258  fmul.o(x$fpl$fmul)
    x$fpl$fnaninf                            0x00006896   Section      140  fnaninf.o(x$fpl$fnaninf)
    x$fpl$fretinf                            0x00006922   Section       10  fretinf.o(x$fpl$fretinf)
    x$fpl$frleqf                             0x0000692c   Section       98  frleqf.o(x$fpl$frleqf)
    x$fpl$frsb                               0x0000698e   Section       20  faddsub_clz.o(x$fpl$frsb)
    x$fpl$fsub                               0x000069a4   Section      234  faddsub_clz.o(x$fpl$fsub)
    _fsub1                                   0x000069b3   Thumb Code     0  faddsub_clz.o(x$fpl$fsub)
    x$fpl$retnan                             0x00006a8e   Section      100  retnan.o(x$fpl$retnan)
    x$fpl$scalbn                             0x00006af2   Section       92  scalbn.o(x$fpl$scalbn)
    x$fpl$trapveneer                         0x00006b4e   Section       48  trapv.o(x$fpl$trapveneer)
    .constdata                               0x00006b7e   Section     1520  asciilib.o(.constdata)
    x$fpl$usenofp                            0x00006b7e   Section        0  usenofp.o(x$fpl$usenofp)
    AsciiLib                                 0x00006b7e   Data        1520  asciilib.o(.constdata)
    .constdata                               0x00007170   Section       48  cos_i.o(.constdata)
    C                                        0x00007170   Data          48  cos_i.o(.constdata)
    .constdata                               0x000071a0   Section      200  rred.o(.constdata)
    pio2s                                    0x000071a0   Data          48  rred.o(.constdata)
    twooverpi                                0x000071d0   Data         152  rred.o(.constdata)
    .constdata                               0x00007268   Section       40  sin_i.o(.constdata)
    S                                        0x00007268   Data          40  sin_i.o(.constdata)
    STACK                                    0x10000000   Section      512  startup_lpc17xx.o(STACK)
    Stack_Mem                                0x10000000   Data         512  startup_lpc17xx.o(STACK)
    __initial_sp                             0x10000200   Data           0  startup_lpc17xx.o(STACK)
    .data                                    0x2007c000   Section       32  pong.o(.data)
    .data                                    0x2007c020   Section        4  system_lpc17xx.o(.data)
    .data                                    0x2007c024   Section       12  irq_rit.o(.data)
    .data                                    0x2007c030   Section        4  irq_adc.o(.data)
    .data                                    0x2007c034   Section        1  glcd.o(.data)
    LCD_Code                                 0x2007c034   Data           1  glcd.o(.data)
    .bss                                     0x2007c038   Section       96  libspace.o(.bss)
    HEAP                                     0x2007c098   Section        0  startup_lpc17xx.o(HEAP)
    Heap_Mem                                 0x2007c098   Data           0  startup_lpc17xx.o(HEAP)

    Global Symbols

    Symbol Name                              Value     Ov Type        Size  Object(Section)

    BuildAttributes$$THM_ISAv4$P$D$K$B$S$PE$A:L22UL41UL21$X:L11$S22US41US21$IEEE1$IW$USESV6$~STKCKD$USESV7$~SHL$OTIME$ROPI$IEEEX$EBA8$UX$STANDARDLIB$REQ8$PRES8$EABIv2 0x00000000   Number         0  anon$$obj.o ABSOLUTE
    __ARM_use_no_argv                        0x00000000   Number         0  sample.o ABSOLUTE
    __Vectors                                0x00000000   Data           4  startup_lpc17xx.o(RESET)
    __ARM_exceptions_init                     - Undefined Weak Reference
    __alloca_initialize                       - Undefined Weak Reference
    __arm_fini_                               - Undefined Weak Reference
    __arm_preinit_                            - Undefined Weak Reference
    __cpp_initialize__aeabi_                  - Undefined Weak Reference
    __cxa_finalize                            - Undefined Weak Reference
    __rt_locale                               - Undefined Weak Reference
    __sigvec_lookup                           - Undefined Weak Reference
    _atexit_init                              - Undefined Weak Reference
    _call_atexit_fns                          - Undefined Weak Reference
    _clock_init                               - Undefined Weak Reference
    _fp_trap_init                             - Undefined Weak Reference
    _fp_trap_shutdown                         - Undefined Weak Reference
    _get_lc_collate                           - Undefined Weak Reference
    _get_lc_ctype                             - Undefined Weak Reference
    _get_lc_monetary                          - Undefined Weak Reference
    _get_lc_numeric                           - Undefined Weak Reference
    _get_lc_time                              - Undefined Weak Reference
    _getenv_init                              - Undefined Weak Reference
    _handle_redirection                       - Undefined Weak Reference
    _init_alloc                               - Undefined Weak Reference
    _init_user_alloc                          - Undefined Weak Reference
    _initio                                   - Undefined Weak Reference
    _rand_init                                - Undefined Weak Reference
    _signal_finish                            - Undefined Weak Reference
    _signal_init                              - Undefined Weak Reference
    _terminate_alloc                          - Undefined Weak Reference
    _terminate_user_alloc                     - Undefined Weak Reference
    _terminateio                              - Undefined Weak Reference
    __main                                   0x000000cd   Thumb Code     8  __main.o(!!!main)
    __scatterload                            0x000000d5   Thumb Code     0  __scatter.o(!!!scatter)
    __scatterload_rt2                        0x000000d5   Thumb Code    44  __scatter.o(!!!scatter)
    __scatterload_rt2_thumb_only             0x000000d5   Thumb Code     0  __scatter.o(!!!scatter)
    __scatterload_null                       0x000000e3   Thumb Code     0  __scatter.o(!!!scatter)
    __scatterload_copy                       0x00000109   Thumb Code    26  __scatter_copy.o(!!handler_copy)
    __scatterload_zeroinit                   0x00000125   Thumb Code    28  __scatter_zi.o(!!handler_zi)
    __rt_lib_init                            0x00000141   Thumb Code     0  libinit.o(.ARM.Collect$$libinit$$00000000)
    __rt_lib_init_alloca_1                   0x00000143   Thumb Code     0  libinit2.o(.ARM.Collect$$libinit$$0000002E)
    __rt_lib_init_argv_1                     0x00000143   Thumb Code     0  libinit2.o(.ARM.Collect$$libinit$$0000002C)
    __rt_lib_init_atexit_1                   0x00000143   Thumb Code     0  libinit2.o(.ARM.Collect$$libinit$$0000001B)
    __rt_lib_init_clock_1                    0x00000143   Thumb Code     0  libinit2.o(.ARM.Collect$$libinit$$00000021)
    __rt_lib_init_cpp_1                      0x00000143   Thumb Code     0  libinit2.o(.ARM.Collect$$libinit$$00000032)
    __rt_lib_init_exceptions_1               0x00000143   Thumb Code     0  libinit2.o(.ARM.Collect$$libinit$$00000030)
    __rt_lib_init_fp_1                       0x00000143   Thumb Code     0  libinit2.o(.ARM.Collect$$libinit$$00000002)
    __rt_lib_init_fp_trap_1                  0x00000143   Thumb Code     0  libinit2.o(.ARM.Collect$$libinit$$0000001F)
    __rt_lib_init_getenv_1                   0x00000143   Thumb Code     0  libinit2.o(.ARM.Collect$$libinit$$00000023)
    __rt_lib_init_heap_1                     0x00000143   Thumb Code     0  libinit2.o(.ARM.Collect$$libinit$$0000000A)
    __rt_lib_init_lc_collate_1               0x00000143   Thumb Code     0  libinit2.o(.ARM.Collect$$libinit$$00000011)
    __rt_lib_init_lc_ctype_1                 0x00000143   Thumb Code     0  libinit2.o(.ARM.Collect$$libinit$$00000013)
    __rt_lib_init_lc_monetary_1              0x00000143   Thumb Code     0  libinit2.o(.ARM.Collect$$libinit$$00000015)
    __rt_lib_init_lc_numeric_1               0x00000143   Thumb Code     0  libinit2.o(.ARM.Collect$$libinit$$00000017)
    __rt_lib_init_lc_time_1                  0x00000143   Thumb Code     0  libinit2.o(.ARM.Collect$$libinit$$00000019)
    __rt_lib_init_preinit_1                  0x00000143   Thumb Code     0  libinit2.o(.ARM.Collect$$libinit$$00000004)
    __rt_lib_init_rand_1                     0x00000143   Thumb Code     0  libinit2.o(.ARM.Collect$$libinit$$0000000E)
    __rt_lib_init_return                     0x00000143   Thumb Code     0  libinit2.o(.ARM.Collect$$libinit$$00000033)
    __rt_lib_init_signal_1                   0x00000143   Thumb Code     0  libinit2.o(.ARM.Collect$$libinit$$0000001D)
    __rt_lib_init_stdio_1                    0x00000143   Thumb Code     0  libinit2.o(.ARM.Collect$$libinit$$00000025)
    __rt_lib_init_user_alloc_1               0x00000143   Thumb Code     0  libinit2.o(.ARM.Collect$$libinit$$0000000C)
    __rt_lib_shutdown                        0x00000145   Thumb Code     0  libshutdown.o(.ARM.Collect$$libshutdown$$00000000)
    __rt_lib_shutdown_cpp_1                  0x00000147   Thumb Code     0  libshutdown2.o(.ARM.Collect$$libshutdown$$00000004)
    __rt_lib_shutdown_fini_1                 0x00000147   Thumb Code     0  libshutdown2.o(.ARM.Collect$$libshutdown$$00000002)
    __rt_lib_shutdown_fp_trap_1              0x00000147   Thumb Code     0  libshutdown2.o(.ARM.Collect$$libshutdown$$00000009)
    __rt_lib_shutdown_heap_1                 0x00000147   Thumb Code     0  libshutdown2.o(.ARM.Collect$$libshutdown$$00000011)
    __rt_lib_shutdown_return                 0x00000147   Thumb Code     0  libshutdown2.o(.ARM.Collect$$libshutdown$$00000012)
    __rt_lib_shutdown_signal_1               0x00000147   Thumb Code     0  libshutdown2.o(.ARM.Collect$$libshutdown$$0000000C)
    __rt_lib_shutdown_stdio_1                0x00000147   Thumb Code     0  libshutdown2.o(.ARM.Collect$$libshutdown$$00000006)
    __rt_lib_shutdown_user_alloc_1           0x00000147   Thumb Code     0  libshutdown2.o(.ARM.Collect$$libshutdown$$0000000E)
    __rt_entry                               0x00000149   Thumb Code     0  __rtentry.o(.ARM.Collect$$rtentry$$00000000)
    __rt_entry_presh_1                       0x00000149   Thumb Code     0  __rtentry2.o(.ARM.Collect$$rtentry$$00000002)
    __rt_entry_sh                            0x00000149   Thumb Code     0  __rtentry4.o(.ARM.Collect$$rtentry$$00000004)
    __rt_entry_li                            0x0000014f   Thumb Code     0  __rtentry2.o(.ARM.Collect$$rtentry$$0000000A)
    __rt_entry_postsh_1                      0x0000014f   Thumb Code     0  __rtentry2.o(.ARM.Collect$$rtentry$$00000009)
    __rt_entry_main                          0x00000153   Thumb Code     0  __rtentry2.o(.ARM.Collect$$rtentry$$0000000D)
    __rt_entry_postli_1                      0x00000153   Thumb Code     0  __rtentry2.o(.ARM.Collect$$rtentry$$0000000C)
    __rt_exit                                0x0000015b   Thumb Code     0  rtexit.o(.ARM.Collect$$rtexit$$00000000)
    __rt_exit_ls                             0x0000015d   Thumb Code     0  rtexit2.o(.ARM.Collect$$rtexit$$00000003)
    __rt_exit_prels_1                        0x0000015d   Thumb Code     0  rtexit2.o(.ARM.Collect$$rtexit$$00000002)
    __rt_exit_exit                           0x00000161   Thumb Code     0  rtexit2.o(.ARM.Collect$$rtexit$$00000004)
    Reset_Handler                            0x00000169   Thumb Code     4  startup_lpc17xx.o(.text)
    NMI_Handler                              0x0000016d   Thumb Code     2  startup_lpc17xx.o(.text)
    HardFault_Handler                        0x0000016f   Thumb Code     2  startup_lpc17xx.o(.text)
    MemManage_Handler                        0x00000171   Thumb Code     2  startup_lpc17xx.o(.text)
    BusFault_Handler                         0x00000173   Thumb Code     2  startup_lpc17xx.o(.text)
    UsageFault_Handler                       0x00000175   Thumb Code     2  startup_lpc17xx.o(.text)
    SVC_Handler                              0x00000177   Thumb Code     2  startup_lpc17xx.o(.text)
    DebugMon_Handler                         0x00000179   Thumb Code     2  startup_lpc17xx.o(.text)
    PendSV_Handler                           0x0000017b   Thumb Code     2  startup_lpc17xx.o(.text)
    SysTick_Handler                          0x0000017d   Thumb Code     2  startup_lpc17xx.o(.text)
    BOD_IRQHandler                           0x0000017f   Thumb Code     0  startup_lpc17xx.o(.text)
    CANActivity_IRQHandler                   0x0000017f   Thumb Code     0  startup_lpc17xx.o(.text)
    CAN_IRQHandler                           0x0000017f   Thumb Code     0  startup_lpc17xx.o(.text)
    DMA_IRQHandler                           0x0000017f   Thumb Code     0  startup_lpc17xx.o(.text)
    EINT3_IRQHandler                         0x0000017f   Thumb Code     0  startup_lpc17xx.o(.text)
    ENET_IRQHandler                          0x0000017f   Thumb Code     0  startup_lpc17xx.o(.text)
    I2C0_IRQHandler                          0x0000017f   Thumb Code     0  startup_lpc17xx.o(.text)
    I2C1_IRQHandler                          0x0000017f   Thumb Code     0  startup_lpc17xx.o(.text)
    I2C2_IRQHandler                          0x0000017f   Thumb Code     0  startup_lpc17xx.o(.text)
    I2S_IRQHandler                           0x0000017f   Thumb Code     0  startup_lpc17xx.o(.text)
    MCPWM_IRQHandler                         0x0000017f   Thumb Code     0  startup_lpc17xx.o(.text)
    PLL0_IRQHandler                          0x0000017f   Thumb Code     0  startup_lpc17xx.o(.text)
    PLL1_IRQHandler                          0x0000017f   Thumb Code     0  startup_lpc17xx.o(.text)
    PWM1_IRQHandler                          0x0000017f   Thumb Code     0  startup_lpc17xx.o(.text)
    QEI_IRQHandler                           0x0000017f   Thumb Code     0  startup_lpc17xx.o(.text)
    RTC_IRQHandler                           0x0000017f   Thumb Code     0  startup_lpc17xx.o(.text)
    SPI_IRQHandler                           0x0000017f   Thumb Code     0  startup_lpc17xx.o(.text)
    SSP0_IRQHandler                          0x0000017f   Thumb Code     0  startup_lpc17xx.o(.text)
    SSP1_IRQHandler                          0x0000017f   Thumb Code     0  startup_lpc17xx.o(.text)
    TIMER2_IRQHandler                        0x0000017f   Thumb Code     0  startup_lpc17xx.o(.text)
    TIMER3_IRQHandler                        0x0000017f   Thumb Code     0  startup_lpc17xx.o(.text)
    UART0_IRQHandler                         0x0000017f   Thumb Code     0  startup_lpc17xx.o(.text)
    UART1_IRQHandler                         0x0000017f   Thumb Code     0  startup_lpc17xx.o(.text)
    UART2_IRQHandler                         0x0000017f   Thumb Code     0  startup_lpc17xx.o(.text)
    UART3_IRQHandler                         0x0000017f   Thumb Code     0  startup_lpc17xx.o(.text)
    USBActivity_IRQHandler                   0x0000017f   Thumb Code     0  startup_lpc17xx.o(.text)
    USB_IRQHandler                           0x0000017f   Thumb Code     0  startup_lpc17xx.o(.text)
    WDT_IRQHandler                           0x0000017f   Thumb Code     0  startup_lpc17xx.o(.text)
    __user_initial_stackheap                 0x00000181   Thumb Code     0  startup_lpc17xx.o(.text)
    pong_init                                0x0000019d   Thumb Code   154  pong.o(.text)
    main                                     0x00000269   Thumb Code    56  sample.o(.text)
    GetASCIICode                             0x000002a5   Thumb Code    26  asciilib.o(.text)
    __use_two_region_memory                  0x000002c5   Thumb Code     2  heapauxi.o(.text)
    __rt_heap_escrow$2region                 0x000002c7   Thumb Code     2  heapauxi.o(.text)
    __rt_heap_expand$2region                 0x000002c9   Thumb Code     2  heapauxi.o(.text)
    __read_errno                             0x000002cb   Thumb Code    10  _rserrno.o(.text)
    __set_errno                              0x000002d5   Thumb Code    12  _rserrno.o(.text)
    __aeabi_errno_addr                       0x000002e1   Thumb Code     8  rt_errno_addr_intlibspace.o(.text)
    __errno$intlibspace                      0x000002e1   Thumb Code     0  rt_errno_addr_intlibspace.o(.text)
    __rt_errno_addr$intlibspace              0x000002e1   Thumb Code     0  rt_errno_addr_intlibspace.o(.text)
    __user_libspace                          0x000002e9   Thumb Code     8  libspace.o(.text)
    __user_perproc_libspace                  0x000002e9   Thumb Code     0  libspace.o(.text)
    __user_perthread_libspace                0x000002e9   Thumb Code     0  libspace.o(.text)
    _sys_exit                                0x000002f1   Thumb Code     8  sys_exit.o(.text)
    SystemInit                               0x00000301   Thumb Code   526  system_lpc17xx.o(.text)
    EINT0_IRQHandler                         0x0000054b   Thumb Code    42  irq_button.o(.text)
    EINT1_IRQHandler                         0x00000575   Thumb Code    42  irq_button.o(.text)
    EINT2_IRQHandler                         0x0000059f   Thumb Code    42  irq_button.o(.text)
    BUTTON_init                              0x00000627   Thumb Code   124  lib_button.o(.text)
    detect_bounce                            0x000006b9   Thumb Code   564  irq_timer.o(.text)
    TIMER0_IRQHandler                        0x000008ed   Thumb Code   198  irq_timer.o(.text)
    TIMER1_IRQHandler                        0x000009b3   Thumb Code    14  irq_timer.o(.text)
    enable_timer                             0x00000a2f   Thumb Code    48  lib_timer.o(.text)
    disable_timer                            0x00000a5f   Thumb Code    48  lib_timer.o(.text)
    reset_timer                              0x00000a8f   Thumb Code    66  lib_timer.o(.text)
    init_timer                               0x00000ad1   Thumb Code   106  lib_timer.o(.text)
    RIT_IRQHandler                           0x00000b6b   Thumb Code   284  irq_rit.o(.text)
    enable_RIT                               0x00000ca9   Thumb Code    14  lib_rit.o(.text)
    disable_RIT                              0x00000cb7   Thumb Code    14  lib_rit.o(.text)
    reset_RIT                                0x00000cc5   Thumb Code     8  lib_rit.o(.text)
    init_RIT                                 0x00000ccd   Thumb Code    98  lib_rit.o(.text)
    ADC_IRQHandler                           0x00000d3d   Thumb Code   102  irq_adc.o(.text)
    ADC_init                                 0x00000db9   Thumb Code   110  lib_adc.o(.text)
    ADC_start_conversion                     0x00000e27   Thumb Code    14  lib_adc.o(.text)
    LCD_Initialization                       0x000013d3   Thumb Code 12014  glcd.o(.text)
    LCD_Clear                                0x000042c1   Thumb Code  1520  glcd.o(.text)
    LCD_GetPoint                             0x000048cb   Thumb Code   994  glcd.o(.text)
    LCD_SetPoint                             0x00004cad   Thumb Code   206  glcd.o(.text)
    LCD_DrawLine                             0x00004d7b   Thumb Code   250  glcd.o(.text)
    PutChar                                  0x00004e75   Thumb Code   100  glcd.o(.text)
    GUI_Text                                 0x00004ed9   Thumb Code    80  glcd.o(.text)
    LCD_DrawRect                             0x00004f29   Thumb Code    96  glcd.o(.text)
    __aeabi_memcpy                           0x00004f89   Thumb Code     0  rt_memcpy_v6.o(.text)
    __rt_memcpy                              0x00004f89   Thumb Code   138  rt_memcpy_v6.o(.text)
    _memcpy_lastbytes                        0x00004fef   Thumb Code     0  rt_memcpy_v6.o(.text)
    __aeabi_memcpy4                          0x00005013   Thumb Code     0  rt_memcpy_w.o(.text)
    __aeabi_memcpy8                          0x00005013   Thumb Code     0  rt_memcpy_w.o(.text)
    __rt_memcpy_w                            0x00005013   Thumb Code   100  rt_memcpy_w.o(.text)
    _memcpy_lastbytes_aligned                0x0000505b   Thumb Code     0  rt_memcpy_w.o(.text)
    __user_setup_stackheap                   0x00005077   Thumb Code    74  sys_stackheap_outer.o(.text)
    exit                                     0x000050c1   Thumb Code    18  exit.o(.text)
    __I$use$semihosting                      0x000050d3   Thumb Code     0  use_no_semi.o(.text)
    __use_no_semihosting_swi                 0x000050d3   Thumb Code     2  use_no_semi.o(.text)
    __ARM_fpclassify                         0x000050d5   Thumb Code    40  fpclassify.o(i.__ARM_fpclassify)
    __semihosting_library_function           0x000050d5   Thumb Code     0  indicate_semi.o(.text)
    __ieee754_rem_pio2                       0x000050fd   Thumb Code   828  rred.o(i.__ieee754_rem_pio2)
    __kernel_cos                             0x00005485   Thumb Code   230  cos_i.o(i.__kernel_cos)
    __kernel_poly                            0x00005581   Thumb Code   170  poly.o(i.__kernel_poly)
    __kernel_sin                             0x0000562d   Thumb Code   224  sin_i.o(i.__kernel_sin)
    __mathlib_dbl_infnan                     0x00005719   Thumb Code     6  dunder.o(i.__mathlib_dbl_infnan)
    __mathlib_dbl_invalid                    0x0000571f   Thumb Code    12  dunder.o(i.__mathlib_dbl_invalid)
    __mathlib_dbl_underflow                  0x0000572d   Thumb Code    10  dunder.o(i.__mathlib_dbl_underflow)
    cos                                      0x0000573d   Thumb Code   148  cos.o(i.cos)
    floor                                    0x000057d9   Thumb Code   204  floor.o(i.floor)
    fmod                                     0x000058b5   Thumb Code   144  fmod.o(i.fmod)
    sin                                      0x00005949   Thumb Code   150  sin.o(i.sin)
    __aeabi_d2f                              0x000059e9   Thumb Code     0  d2f.o(x$fpl$d2f)
    _d2f                                     0x000059e9   Thumb Code    98  d2f.o(x$fpl$d2f)
    __aeabi_dadd                             0x00005a4d   Thumb Code     0  daddsub_clz.o(x$fpl$dadd)
    _dadd                                    0x00005a4d   Thumb Code   332  daddsub_clz.o(x$fpl$dadd)
    __fpl_dcheck_NaN1                        0x00005b9d   Thumb Code    10  dcheck1.o(x$fpl$dcheck1)
    __fpl_dcmp_Inf                           0x00005bad   Thumb Code    24  dcmpi.o(x$fpl$dcmpinf)
    __aeabi_ddiv                             0x00005bc5   Thumb Code     0  ddiv.o(x$fpl$ddiv)
    _ddiv                                    0x00005bc5   Thumb Code   552  ddiv.o(x$fpl$ddiv)
    __aeabi_d2iz                             0x00005e75   Thumb Code     0  dfix.o(x$fpl$dfix)
    _dfix                                    0x00005e75   Thumb Code    94  dfix.o(x$fpl$dfix)
    __aeabi_d2uiz                            0x00005ed5   Thumb Code     0  dfixu.o(x$fpl$dfixu)
    _dfixu                                   0x00005ed5   Thumb Code    90  dfixu.o(x$fpl$dfixu)
    __aeabi_i2d                              0x00005f2f   Thumb Code     0  dflt_clz.o(x$fpl$dflt)
    _dflt                                    0x00005f2f   Thumb Code    46  dflt_clz.o(x$fpl$dflt)
    __aeabi_ui2d                             0x00005f5d   Thumb Code     0  dflt_clz.o(x$fpl$dfltu)
    _dfltu                                   0x00005f5d   Thumb Code    38  dflt_clz.o(x$fpl$dfltu)
    __aeabi_cdcmple                          0x00005f85   Thumb Code     0  dleqf.o(x$fpl$dleqf)
    _dcmple                                  0x00005f85   Thumb Code   120  dleqf.o(x$fpl$dleqf)
    __fpl_dcmple_InfNaN                      0x00005fe7   Thumb Code     0  dleqf.o(x$fpl$dleqf)
    __aeabi_dmul                             0x00005ffd   Thumb Code     0  dmul.o(x$fpl$dmul)
    _dmul                                    0x00005ffd   Thumb Code   332  dmul.o(x$fpl$dmul)
    __fpl_dnaninf                            0x00006151   Thumb Code   156  dnaninf.o(x$fpl$dnaninf)
    _drem                                    0x000061ed   Thumb Code   328  drem_clz.o(x$fpl$drem)
    __fpl_dretinf                            0x0000633d   Thumb Code    12  dretinf.o(x$fpl$dretinf)
    __aeabi_cdrcmple                         0x00006349   Thumb Code     0  drleqf.o(x$fpl$drleqf)
    _drcmple                                 0x00006349   Thumb Code   108  drleqf.o(x$fpl$drleqf)
    __aeabi_drsub                            0x000063b5   Thumb Code     0  daddsub_clz.o(x$fpl$drsb)
    _drsb                                    0x000063b5   Thumb Code    22  daddsub_clz.o(x$fpl$drsb)
    __aeabi_dsub                             0x000063cd   Thumb Code     0  daddsub_clz.o(x$fpl$dsub)
    _dsub                                    0x000063cd   Thumb Code   464  daddsub_clz.o(x$fpl$dsub)
    __aeabi_f2d                              0x000065a1   Thumb Code     0  f2d.o(x$fpl$f2d)
    _f2d                                     0x000065a1   Thumb Code    86  f2d.o(x$fpl$f2d)
    __aeabi_fadd                             0x000065f9   Thumb Code     0  faddsub_clz.o(x$fpl$fadd)
    _fadd                                    0x000065f9   Thumb Code   196  faddsub_clz.o(x$fpl$fadd)
    __fpl_fcmp_Inf                           0x000066bd   Thumb Code    24  fcmpi.o(x$fpl$fcmpinf)
    __aeabi_i2f                              0x000066d5   Thumb Code     0  fflt_clz.o(x$fpl$fflt)
    _fflt                                    0x000066d5   Thumb Code    48  fflt_clz.o(x$fpl$fflt)
    __aeabi_ui2f                             0x00006705   Thumb Code     0  fflt_clz.o(x$fpl$ffltu)
    _ffltu                                   0x00006705   Thumb Code    38  fflt_clz.o(x$fpl$ffltu)
    __aeabi_cfcmple                          0x0000672d   Thumb Code     0  fleqf.o(x$fpl$fleqf)
    _fcmple                                  0x0000672d   Thumb Code   104  fleqf.o(x$fpl$fleqf)
    __fpl_fcmple_InfNaN                      0x0000677f   Thumb Code     0  fleqf.o(x$fpl$fleqf)
    __aeabi_fmul                             0x00006795   Thumb Code     0  fmul.o(x$fpl$fmul)
    _fmul                                    0x00006795   Thumb Code   258  fmul.o(x$fpl$fmul)
    __fpl_fnaninf                            0x00006897   Thumb Code   140  fnaninf.o(x$fpl$fnaninf)
    __fpl_fretinf                            0x00006923   Thumb Code    10  fretinf.o(x$fpl$fretinf)
    __aeabi_cfrcmple                         0x0000692d   Thumb Code     0  frleqf.o(x$fpl$frleqf)
    _frcmple                                 0x0000692d   Thumb Code    98  frleqf.o(x$fpl$frleqf)
    __aeabi_frsub                            0x0000698f   Thumb Code     0  faddsub_clz.o(x$fpl$frsb)
    _frsb                                    0x0000698f   Thumb Code    20  faddsub_clz.o(x$fpl$frsb)
    __aeabi_fsub                             0x000069a5   Thumb Code     0  faddsub_clz.o(x$fpl$fsub)
    _fsub                                    0x000069a5   Thumb Code   234  faddsub_clz.o(x$fpl$fsub)
    __fpl_return_NaN                         0x00006a8f   Thumb Code   100  retnan.o(x$fpl$retnan)
    __ARM_scalbn                             0x00006af3   Thumb Code    92  scalbn.o(x$fpl$scalbn)
    __fpl_cmpreturn                          0x00006b4f   Thumb Code    48  trapv.o(x$fpl$trapveneer)
    __I$use$fp                               0x00006b7e   Number         0  usenofp.o(x$fpl$usenofp)
    Region$$Table$$Base                      0x00007290   Number         0  anon$$obj.o(Region$$Table)
    Region$$Table$$Limit                     0x000072c0   Number         0  anon$$obj.o(Region$$Table)
    paddle_x                                 0x2007c000   Data           2  pong.o(.data)
    paddle_y                                 0x2007c002   Data           2  pong.o(.data)
    ball_x                                   0x2007c004   Data           4  pong.o(.data)
    ball_y                                   0x2007c008   Data           4  pong.o(.data)
    dir_angle                                0x2007c010   Data           8  pong.o(.data)
    sin_dir_angle                            0x2007c018   Data           4  pong.o(.data)
    cos_dir_angle                            0x2007c01c   Data           4  pong.o(.data)
    SystemFrequency                          0x2007c020   Data           4  system_lpc17xx.o(.data)
    down_INT0                                0x2007c024   Data           4  irq_rit.o(.data)
    down_KEY1                                0x2007c028   Data           4  irq_rit.o(.data)
    down_KEY2                                0x2007c02c   Data           4  irq_rit.o(.data)
    AD_current                               0x2007c030   Data           2  irq_adc.o(.data)
    current_slot                             0x2007c032   Data           2  irq_adc.o(.data)
    __libspace_start                         0x2007c038   Data          96  libspace.o(.bss)
    __temporary_stack_top$libspace           0x2007c098   Data           0  libspace.o(.bss)



==============================================================================

Memory Map of the image

  Image Entry point : 0x000000cd

  Load Region LR_IROM1 (Base: 0x00000000, Size: 0x000072f8, Max: 0x00080000, ABSOLUTE)

    Execution Region ER_IROM1 (Exec base: 0x00000000, Load base: 0x00000000, Size: 0x000072c0, Max: 0x00080000, ABSOLUTE)

    Exec Addr    Load Addr    Size         Type   Attr      Idx    E Section Name        Object

    0x00000000   0x00000000   0x000000cc   Data   RO            3    RESET               startup_lpc17xx.o
    0x000000cc   0x000000cc   0x00000008   Code   RO          540  * !!!main             c_w.l(__main.o)
    0x000000d4   0x000000d4   0x00000034   Code   RO          843    !!!scatter          c_w.l(__scatter.o)
    0x00000108   0x00000108   0x0000001a   Code   RO          845    !!handler_copy      c_w.l(__scatter_copy.o)
    0x00000122   0x00000122   0x00000002   PAD
    0x00000124   0x00000124   0x0000001c   Code   RO          847    !!handler_zi        c_w.l(__scatter_zi.o)
    0x00000140   0x00000140   0x00000002   Code   RO          708    .ARM.Collect$$libinit$$00000000  c_w.l(libinit.o)
    0x00000142   0x00000142   0x00000000   Code   RO          714    .ARM.Collect$$libinit$$00000002  c_w.l(libinit2.o)
    0x00000142   0x00000142   0x00000000   Code   RO          716    .ARM.Collect$$libinit$$00000004  c_w.l(libinit2.o)
    0x00000142   0x00000142   0x00000000   Code   RO          719    .ARM.Collect$$libinit$$0000000A  c_w.l(libinit2.o)
    0x00000142   0x00000142   0x00000000   Code   RO          721    .ARM.Collect$$libinit$$0000000C  c_w.l(libinit2.o)
    0x00000142   0x00000142   0x00000000   Code   RO          723    .ARM.Collect$$libinit$$0000000E  c_w.l(libinit2.o)
    0x00000142   0x00000142   0x00000000   Code   RO          726    .ARM.Collect$$libinit$$00000011  c_w.l(libinit2.o)
    0x00000142   0x00000142   0x00000000   Code   RO          728    .ARM.Collect$$libinit$$00000013  c_w.l(libinit2.o)
    0x00000142   0x00000142   0x00000000   Code   RO          730    .ARM.Collect$$libinit$$00000015  c_w.l(libinit2.o)
    0x00000142   0x00000142   0x00000000   Code   RO          732    .ARM.Collect$$libinit$$00000017  c_w.l(libinit2.o)
    0x00000142   0x00000142   0x00000000   Code   RO          734    .ARM.Collect$$libinit$$00000019  c_w.l(libinit2.o)
    0x00000142   0x00000142   0x00000000   Code   RO          736    .ARM.Collect$$libinit$$0000001B  c_w.l(libinit2.o)
    0x00000142   0x00000142   0x00000000   Code   RO          738    .ARM.Collect$$libinit$$0000001D  c_w.l(libinit2.o)
    0x00000142   0x00000142   0x00000000   Code   RO          740    .ARM.Collect$$libinit$$0000001F  c_w.l(libinit2.o)
    0x00000142   0x00000142   0x00000000   Code   RO          742    .ARM.Collect$$libinit$$00000021  c_w.l(libinit2.o)
    0x00000142   0x00000142   0x00000000   Code   RO          744    .ARM.Collect$$libinit$$00000023  c_w.l(libinit2.o)
    0x00000142   0x00000142   0x00000000   Code   RO          746    .ARM.Collect$$libinit$$00000025  c_w.l(libinit2.o)
    0x00000142   0x00000142   0x00000000   Code   RO          750    .ARM.Collect$$libinit$$0000002C  c_w.l(libinit2.o)
    0x00000142   0x00000142   0x00000000   Code   RO          752    .ARM.Collect$$libinit$$0000002E  c_w.l(libinit2.o)
    0x00000142   0x00000142   0x00000000   Code   RO          754    .ARM.Collect$$libinit$$00000030  c_w.l(libinit2.o)
    0x00000142   0x00000142   0x00000000   Code   RO          756    .ARM.Collect$$libinit$$00000032  c_w.l(libinit2.o)
    0x00000142   0x00000142   0x00000002   Code   RO          757    .ARM.Collect$$libinit$$00000033  c_w.l(libinit2.o)
    0x00000144   0x00000144   0x00000002   Code   RO          781    .ARM.Collect$$libshutdown$$00000000  c_w.l(libshutdown.o)
    0x00000146   0x00000146   0x00000000   Code   RO          794    .ARM.Collect$$libshutdown$$00000002  c_w.l(libshutdown2.o)
    0x00000146   0x00000146   0x00000000   Code   RO          796    .ARM.Collect$$libshutdown$$00000004  c_w.l(libshutdown2.o)
    0x00000146   0x00000146   0x00000000   Code   RO          798    .ARM.Collect$$libshutdown$$00000006  c_w.l(libshutdown2.o)
    0x00000146   0x00000146   0x00000000   Code   RO          801    .ARM.Collect$$libshutdown$$00000009  c_w.l(libshutdown2.o)
    0x00000146   0x00000146   0x00000000   Code   RO          804    .ARM.Collect$$libshutdown$$0000000C  c_w.l(libshutdown2.o)
    0x00000146   0x00000146   0x00000000   Code   RO          806    .ARM.Collect$$libshutdown$$0000000E  c_w.l(libshutdown2.o)
    0x00000146   0x00000146   0x00000000   Code   RO          809    .ARM.Collect$$libshutdown$$00000011  c_w.l(libshutdown2.o)
    0x00000146   0x00000146   0x00000002   Code   RO          810    .ARM.Collect$$libshutdown$$00000012  c_w.l(libshutdown2.o)
    0x00000148   0x00000148   0x00000000   Code   RO          622    .ARM.Collect$$rtentry$$00000000  c_w.l(__rtentry.o)
    0x00000148   0x00000148   0x00000000   Code   RO          671    .ARM.Collect$$rtentry$$00000002  c_w.l(__rtentry2.o)
    0x00000148   0x00000148   0x00000006   Code   RO          683    .ARM.Collect$$rtentry$$00000004  c_w.l(__rtentry4.o)
    0x0000014e   0x0000014e   0x00000000   Code   RO          673    .ARM.Collect$$rtentry$$00000009  c_w.l(__rtentry2.o)
    0x0000014e   0x0000014e   0x00000004   Code   RO          674    .ARM.Collect$$rtentry$$0000000A  c_w.l(__rtentry2.o)
    0x00000152   0x00000152   0x00000000   Code   RO          676    .ARM.Collect$$rtentry$$0000000C  c_w.l(__rtentry2.o)
    0x00000152   0x00000152   0x00000008   Code   RO          677    .ARM.Collect$$rtentry$$0000000D  c_w.l(__rtentry2.o)
    0x0000015a   0x0000015a   0x00000002   Code   RO          711    .ARM.Collect$$rtexit$$00000000  c_w.l(rtexit.o)
    0x0000015c   0x0000015c   0x00000000   Code   RO          761    .ARM.Collect$$rtexit$$00000002  c_w.l(rtexit2.o)
    0x0000015c   0x0000015c   0x00000004   Code   RO          762    .ARM.Collect$$rtexit$$00000003  c_w.l(rtexit2.o)
    0x00000160   0x00000160   0x00000006   Code   RO          763    .ARM.Collect$$rtexit$$00000004  c_w.l(rtexit2.o)
    0x00000166   0x00000166   0x00000002   PAD
    0x00000168   0x00000168   0x00000034   Code   RO            5    .text               startup_lpc17xx.o
    0x0000019c   0x0000019c   0x000000cc   Code   RO           16    .text               pong.o
    0x00000268   0x00000268   0x0000003c   Code   RO           86    .text               sample.o
    0x000002a4   0x000002a4   0x00000020   Code   RO          468    .text               asciilib.o
    0x000002c4   0x000002c4   0x00000006   Code   RO          538    .text               c_w.l(heapauxi.o)
    0x000002ca   0x000002ca   0x00000016   Code   RO          623    .text               c_w.l(_rserrno.o)
    0x000002e0   0x000002e0   0x00000008   Code   RO          688    .text               c_w.l(rt_errno_addr_intlibspace.o)
    0x000002e8   0x000002e8   0x00000008   Code   RO          696    .text               c_w.l(libspace.o)
    0x000002f0   0x000002f0   0x0000000c   Code   RO          773    .text               c_w.l(sys_exit.o)
    0x000002fc   0x000002fc   0x00000004   Code   RO            4    .ARM.__at_0x02FC    startup_lpc17xx.o
    0x00000300   0x00000300   0x0000022c   Code   RO          137    .text               system_lpc17xx.o
    0x0000052c   0x0000052c   0x000000b8   Code   RO          226    .text               irq_button.o
    0x000005e4   0x000005e4   0x000000d4   Code   RO          255    .text               lib_button.o
    0x000006b8   0x000006b8   0x00000354   Code   RO          283    .text               irq_timer.o
    0x00000a0c   0x00000a0c   0x0000013c   Code   RO          317    .text               lib_timer.o
    0x00000b48   0x00000b48   0x00000160   Code   RO          345    .text               irq_rit.o
    0x00000ca8   0x00000ca8   0x00000094   Code   RO          382    .text               lib_rit.o
    0x00000d3c   0x00000d3c   0x0000007c   Code   RO          410    .text               irq_adc.o
    0x00000db8   0x00000db8   0x00000090   Code   RO          447    .text               lib_adc.o
    0x00000e48   0x00000e48   0x00004140   Code   RO          491    .text               glcd.o
    0x00004f88   0x00004f88   0x0000008a   Code   RO          536    .text               c_w.l(rt_memcpy_v6.o)
    0x00005012   0x00005012   0x00000064   Code   RO          625    .text               c_w.l(rt_memcpy_w.o)
    0x00005076   0x00005076   0x0000004a   Code   RO          699    .text               c_w.l(sys_stackheap_outer.o)
    0x000050c0   0x000050c0   0x00000012   Code   RO          701    .text               c_w.l(exit.o)
    0x000050d2   0x000050d2   0x00000002   Code   RO          784    .text               c_w.l(use_no_semi.o)
    0x000050d4   0x000050d4   0x00000000   Code   RO          786    .text               c_w.l(indicate_semi.o)
    0x000050d4   0x000050d4   0x00000028   Code   RO          692    i.__ARM_fpclassify  m_ws.l(fpclassify.o)
    0x000050fc   0x000050fc   0x00000388   Code   RO          659    i.__ieee754_rem_pio2  m_ws.l(rred.o)
    0x00005484   0x00005484   0x000000fc   Code   RO          642    i.__kernel_cos      m_ws.l(cos_i.o)
    0x00005580   0x00005580   0x000000aa   Code   RO          694    i.__kernel_poly     m_ws.l(poly.o)
    0x0000562a   0x0000562a   0x00000002   PAD
    0x0000562c   0x0000562c   0x000000ec   Code   RO          664    i.__kernel_sin      m_ws.l(sin_i.o)
    0x00005718   0x00005718   0x00000006   Code   RO          646    i.__mathlib_dbl_infnan  m_ws.l(dunder.o)
    0x0000571e   0x0000571e   0x0000000c   Code   RO          648    i.__mathlib_dbl_invalid  m_ws.l(dunder.o)
    0x0000572a   0x0000572a   0x00000002   PAD
    0x0000572c   0x0000572c   0x00000010   Code   RO          651    i.__mathlib_dbl_underflow  m_ws.l(dunder.o)
    0x0000573c   0x0000573c   0x0000009c   Code   RO          595    i.cos               m_ws.l(cos.o)
    0x000057d8   0x000057d8   0x000000dc   Code   RO          603    i.floor             m_ws.l(floor.o)
    0x000058b4   0x000058b4   0x00000094   Code   RO          607    i.fmod              m_ws.l(fmod.o)
    0x00005948   0x00005948   0x000000a0   Code   RO          615    i.sin               m_ws.l(sin.o)
    0x000059e8   0x000059e8   0x00000062   Code   RO          542    x$fpl$d2f           fz_ws.l(d2f.o)
    0x00005a4a   0x00005a4a   0x00000002   PAD
    0x00005a4c   0x00005a4c   0x00000150   Code   RO          544    x$fpl$dadd          fz_ws.l(daddsub_clz.o)
    0x00005b9c   0x00005b9c   0x00000010   Code   RO          709    x$fpl$dcheck1       fz_ws.l(dcheck1.o)
    0x00005bac   0x00005bac   0x00000018   Code   RO          627    x$fpl$dcmpinf       fz_ws.l(dcmpi.o)
    0x00005bc4   0x00005bc4   0x000002b0   Code   RO          551    x$fpl$ddiv          fz_ws.l(ddiv.o)
    0x00005e74   0x00005e74   0x0000005e   Code   RO          554    x$fpl$dfix          fz_ws.l(dfix.o)
    0x00005ed2   0x00005ed2   0x00000002   PAD
    0x00005ed4   0x00005ed4   0x0000005a   Code   RO          558    x$fpl$dfixu         fz_ws.l(dfixu.o)
    0x00005f2e   0x00005f2e   0x0000002e   Code   RO          563    x$fpl$dflt          fz_ws.l(dflt_clz.o)
    0x00005f5c   0x00005f5c   0x00000026   Code   RO          562    x$fpl$dfltu         fz_ws.l(dflt_clz.o)
    0x00005f82   0x00005f82   0x00000002   PAD
    0x00005f84   0x00005f84   0x00000078   Code   RO          568    x$fpl$dleqf         fz_ws.l(dleqf.o)
    0x00005ffc   0x00005ffc   0x00000154   Code   RO          570    x$fpl$dmul          fz_ws.l(dmul.o)
    0x00006150   0x00006150   0x0000009c   Code   RO          629    x$fpl$dnaninf       fz_ws.l(dnaninf.o)
    0x000061ec   0x000061ec   0x00000150   Code   RO          631    x$fpl$drem          fz_ws.l(drem_clz.o)
    0x0000633c   0x0000633c   0x0000000c   Code   RO          633    x$fpl$dretinf       fz_ws.l(dretinf.o)
    0x00006348   0x00006348   0x0000006c   Code   RO          572    x$fpl$drleqf        fz_ws.l(drleqf.o)
    0x000063b4   0x000063b4   0x00000016   Code   RO          545    x$fpl$drsb          fz_ws.l(daddsub_clz.o)
    0x000063ca   0x000063ca   0x00000002   PAD
    0x000063cc   0x000063cc   0x000001d4   Code   RO          546    x$fpl$dsub          fz_ws.l(daddsub_clz.o)
    0x000065a0   0x000065a0   0x00000056   Code   RO          574    x$fpl$f2d           fz_ws.l(f2d.o)
    0x000065f6   0x000065f6   0x00000002   PAD
    0x000065f8   0x000065f8   0x000000c4   Code   RO          576    x$fpl$fadd          fz_ws.l(faddsub_clz.o)
    0x000066bc   0x000066bc   0x00000018   Code   RO          635    x$fpl$fcmpinf       fz_ws.l(fcmpi.o)
    0x000066d4   0x000066d4   0x00000030   Code   RO          583    x$fpl$fflt          fz_ws.l(fflt_clz.o)
    0x00006704   0x00006704   0x00000026   Code   RO          582    x$fpl$ffltu         fz_ws.l(fflt_clz.o)
    0x0000672a   0x0000672a   0x00000002   PAD
    0x0000672c   0x0000672c   0x00000068   Code   RO          588    x$fpl$fleqf         fz_ws.l(fleqf.o)
    0x00006794   0x00006794   0x00000102   Code   RO          590    x$fpl$fmul          fz_ws.l(fmul.o)
    0x00006896   0x00006896   0x0000008c   Code   RO          637    x$fpl$fnaninf       fz_ws.l(fnaninf.o)
    0x00006922   0x00006922   0x0000000a   Code   RO          639    x$fpl$fretinf       fz_ws.l(fretinf.o)
    0x0000692c   0x0000692c   0x00000062   Code   RO          592    x$fpl$frleqf        fz_ws.l(frleqf.o)
    0x0000698e   0x0000698e   0x00000014   Code   RO          577    x$fpl$frsb          fz_ws.l(faddsub_clz.o)
    0x000069a2   0x000069a2   0x00000002   PAD
    0x000069a4   0x000069a4   0x000000ea   Code   RO          578    x$fpl$fsub          fz_ws.l(faddsub_clz.o)
    0x00006a8e   0x00006a8e   0x00000064   Code   RO          758    x$fpl$retnan        fz_ws.l(retnan.o)
    0x00006af2   0x00006af2   0x0000005c   Code   RO          690    x$fpl$scalbn        fz_ws.l(scalbn.o)
    0x00006b4e   0x00006b4e   0x00000030   Code   RO          771    x$fpl$trapveneer    fz_ws.l(trapv.o)
    0x00006b7e   0x00006b7e   0x00000000   Code   RO          641    x$fpl$usenofp       fz_ws.l(usenofp.o)
    0x00006b7e   0x00006b7e   0x000005f0   Data   RO          469    .constdata          asciilib.o
    0x0000716e   0x0000716e   0x00000002   PAD
    0x00007170   0x00007170   0x00000030   Data   RO          643    .constdata          m_ws.l(cos_i.o)
    0x000071a0   0x000071a0   0x000000c8   Data   RO          661    .constdata          m_ws.l(rred.o)
    0x00007268   0x00007268   0x00000028   Data   RO          665    .constdata          m_ws.l(sin_i.o)
    0x00007290   0x00007290   0x00000030   Data   RO          841    Region$$Table       anon$$obj.o


    Execution Region RW_IRAM1 (Exec base: 0x10000000, Load base: 0x000072c0, Size: 0x00000200, Max: 0x00008000, ABSOLUTE)

    Exec Addr    Load Addr    Size         Type   Attr      Idx    E Section Name        Object

    0x10000000        -       0x00000200   Zero   RW            1    STACK               startup_lpc17xx.o


    Execution Region RW_IRAM2 (Exec base: 0x2007c000, Load base: 0x000072c0, Size: 0x00000098, Max: 0x00008000, ABSOLUTE)

    Exec Addr    Load Addr    Size         Type   Attr      Idx    E Section Name        Object

    0x2007c000   0x000072c0   0x00000020   Data   RW           17    .data               pong.o
    0x2007c020   0x000072e0   0x00000004   Data   RW          138    .data               system_lpc17xx.o
    0x2007c024   0x000072e4   0x0000000c   Data   RW          346    .data               irq_rit.o
    0x2007c030   0x000072f0   0x00000004   Data   RW          411    .data               irq_adc.o
    0x2007c034   0x000072f4   0x00000001   Data   RW          492    .data               glcd.o
    0x2007c035   0x000072f5   0x00000003   PAD
    0x2007c038        -       0x00000060   Zero   RW          697    .bss                c_w.l(libspace.o)
    0x2007c098        -       0x00000000   Zero   RW            2    HEAP                startup_lpc17xx.o


==============================================================================

Image component sizes


      Code (inc. data)   RO Data    RW Data    ZI Data      Debug   Object Name

        32          6       1520          0          0       1019   asciilib.o
         0          0          0          0          0      16896   funct_led.o
     16704        104          0          1          0      40552   glcd.o
       124         22          0          4          0        779   irq_adc.o
       184         28          0          0          0        965   irq_button.o
       352         34          0         12          0       1129   irq_rit.o
       852         76          0          0          0        928   irq_timer.o
       144         20          0          0          0        748   lib_adc.o
       212         22          0          0          0        922   lib_button.o
       148         14          0          0          0      27455   lib_rit.o
       316         14          0          0          0       1556   lib_timer.o
       204         50          0         32          0       5800   pong.o
        60          4          0          0          0        435   sample.o
        56         22        204          0        512       1004   startup_lpc17xx.o
       556         30          0          4          0        811   system_lpc17xx.o

    ----------------------------------------------------------------------
     19944        446       1774         56        512     100999   Object Totals
         0          0         48          0          0          0   (incl. Generated)
         0          0          2          3          0          0   (incl. Padding)

    ----------------------------------------------------------------------

      Code (inc. data)   RO Data    RW Data    ZI Data      Debug   Library Member Name

         8          0          0          0          0         68   __main.o
         0          0          0          0          0          0   __rtentry.o
        12          0          0          0          0          0   __rtentry2.o
         6          0          0          0          0          0   __rtentry4.o
        52          8          0          0          0          0   __scatter.o
        26          0          0          0          0          0   __scatter_copy.o
        28          0          0          0          0          0   __scatter_zi.o
        22          0          0          0          0        100   _rserrno.o
        18          0          0          0          0         80   exit.o
         6          0          0          0          0        152   heapauxi.o
         0          0          0          0          0          0   indicate_semi.o
         2          0          0          0          0          0   libinit.o
         2          0          0          0          0          0   libinit2.o
         2          0          0          0          0          0   libshutdown.o
         2          0          0          0          0          0   libshutdown2.o
         8          4          0          0         96         68   libspace.o
         8          4          0          0          0         68   rt_errno_addr_intlibspace.o
       138          0          0          0          0         68   rt_memcpy_v6.o
       100          0          0          0          0         80   rt_memcpy_w.o
         2          0          0          0          0          0   rtexit.o
        10          0          0          0          0          0   rtexit2.o
        12          4          0          0          0         68   sys_exit.o
        74          0          0          0          0         80   sys_stackheap_outer.o
         2          0          0          0          0         68   use_no_semi.o
        98          4          0          0          0         92   d2f.o
       826         16          0          0          0        348   daddsub_clz.o
        16          4          0          0          0         68   dcheck1.o
        24          0          0          0          0         68   dcmpi.o
       688        140          0          0          0        208   ddiv.o
        94          4          0          0          0         92   dfix.o
        90          4          0          0          0         92   dfixu.o
        84          0          0          0          0        136   dflt_clz.o
       120          4          0          0          0         92   dleqf.o
       340         12          0          0          0        104   dmul.o
       156          4          0          0          0         92   dnaninf.o
       336         12          0          0          0         88   drem_clz.o
        12          0          0          0          0         68   dretinf.o
       108          0          0          0          0         80   drleqf.o
        86          4          0          0          0         84   f2d.o
       450          8          0          0          0        236   faddsub_clz.o
        24          0          0          0          0         68   fcmpi.o
        86          0          0          0          0        136   fflt_clz.o
       104          4          0          0          0         84   fleqf.o
       258          4          0          0          0         84   fmul.o
       140          4          0          0          0         84   fnaninf.o
        10          0          0          0          0         68   fretinf.o
        98          0          0          0          0         68   frleqf.o
       100          0          0          0          0         68   retnan.o
        92          0          0          0          0         68   scalbn.o
        48          0          0          0          0         68   trapv.o
         0          0          0          0          0          0   usenofp.o
       156          8          0          0          0        104   cos.o
       252         22         48          0          0        124   cos_i.o
        34          6          0          0          0        204   dunder.o
       220         16          0          0          0         84   floor.o
       148          4          0          0          0         88   fmod.o
        40          0          0          0          0         68   fpclassify.o
       170          0          0          0          0         96   poly.o
       904         76        200          0          0        140   rred.o
       160         10          0          0          0        108   sin.o
       236         12         40          0          0        128   sin_i.o

    ----------------------------------------------------------------------
      7370        402        288          0         96       4788   Library Totals
        22          0          0          0          0          0   (incl. Padding)

    ----------------------------------------------------------------------

      Code (inc. data)   RO Data    RW Data    ZI Data      Debug   Library Name

       540         20          0          0         96        900   c_w.l
      4488        228          0          0          0       2744   fz_ws.l
      2320        154        288          0          0       1144   m_ws.l

    ----------------------------------------------------------------------
      7370        402        288          0         96       4788   Library Totals

    ----------------------------------------------------------------------

==============================================================================


      Code (inc. data)   RO Data    RW Data    ZI Data      Debug   

     27314        848       2062         56        608     102455   Grand Totals
     27314        848       2062         56        608     102455   ELF Image Totals
     27314        848       2062         56          0          0   ROM Totals

==============================================================================

    Total RO  Size (Code + RO Data)                29376 (  28.69kB)
    Total RW  Size (RW Data + ZI Data)               664 (   0.65kB)
    Total ROM Size (Code + RO Data + RW Data)      29432 (  28.74kB)

==============================================================================

