Component: ARM Compiler 5.06 update 7 (build 960) Tool: armlink [4d3601]

==============================================================================

Section Cross References

    startup_lpc17xx.o(STACK) refers (Special) to heapauxi.o(.text) for __use_two_region_memory
    startup_lpc17xx.o(HEAP) refers (Special) to heapauxi.o(.text) for __use_two_region_memory
    startup_lpc17xx.o(RESET) refers (Special) to heapauxi.o(.text) for __use_two_region_memory
    startup_lpc17xx.o(RESET) refers to startup_lpc17xx.o(STACK) for __initial_sp
    startup_lpc17xx.o(RESET) refers to startup_lpc17xx.o(.text) for Reset_Handler
    startup_lpc17xx.o(RESET) refers to irq_timer.o(.text) for TIMER0_IRQHandler
    startup_lpc17xx.o(RESET) refers to irq_button.o(.text) for EINT0_IRQHandler
    startup_lpc17xx.o(RESET) refers to irq_adc.o(.text) for ADC_IRQHandler
    startup_lpc17xx.o(RESET) refers to irq_rit.o(.text) for RIT_IRQHandler
    startup_lpc17xx.o(.ARM.__at_0x02FC) refers (Special) to heapauxi.o(.text) for __use_two_region_memory
    startup_lpc17xx.o(.text) refers (Special) to heapauxi.o(.text) for __use_two_region_memory
    startup_lpc17xx.o(.text) refers to __main.o(!!!main) for __main
    startup_lpc17xx.o(.text) refers to startup_lpc17xx.o(HEAP) for Heap_Mem
    startup_lpc17xx.o(.text) refers to startup_lpc17xx.o(STACK) for Stack_Mem
    pong.o(.text) refers to _printf_percent.o(.ARM.Collect$$_printf_percent$$00000000) for _printf_percent
    pong.o(.text) refers to _printf_d.o(.ARM.Collect$$_printf_percent$$00000009) for _printf_d
    pong.o(.text) refers to _printf_dec.o(.text) for _printf_int_dec
    pong.o(.text) refers to sin.o(i.sin) for sin
    pong.o(.text) refers to d2f.o(x$fpl$d2f) for __aeabi_d2f
    pong.o(.text) refers to cos.o(i.cos) for cos
    pong.o(.text) refers to glcd.o(.text) for LCD_Clear
    pong.o(.text) refers to noretval__2sprintf.o(.text) for __2sprintf
    pong.o(.text) refers to lib_timer.o(.text) for enable_timer
    pong.o(.text) refers to fflt_clz.o(x$fpl$fflt) for __aeabi_i2f
    pong.o(.text) refers to frleqf.o(x$fpl$frleqf) for __aeabi_cfrcmple
    pong.o(.text) refers to fleqf.o(x$fpl$fleqf) for __aeabi_cfcmple
    pong.o(.text) refers to dleqf.o(x$fpl$dleqf) for __aeabi_cdcmple
    pong.o(.text) refers to drleqf.o(x$fpl$drleqf) for __aeabi_cdrcmple
    pong.o(.text) refers to faddsub_clz.o(x$fpl$fsub) for __aeabi_fsub
    pong.o(.text) refers to fdiv.o(x$fpl$fdiv) for __aeabi_fdiv
    pong.o(.text) refers to fmul.o(x$fpl$fmul) for __aeabi_fmul
    pong.o(.text) refers to faddsub_clz.o(x$fpl$fadd) for __aeabi_fadd
    pong.o(.text) refers to daddsub_clz.o(x$fpl$dadd) for __aeabi_dadd
    pong.o(.text) refers to daddsub_clz.o(x$fpl$dsub) for __aeabi_dsub
    pong.o(.text) refers to pong.o(.data) for player_bottom
    pong.o(.text) refers to pong.o(.bss) for ball
    pong.o(.text) refers to fflt_clz.o(x$fpl$ffltu) for __aeabi_ui2f
    pong.o(.text) refers to ffix.o(x$fpl$ffix) for __aeabi_f2iz
    pong.o(.text) refers to faddsub_clz.o(x$fpl$frsb) for __aeabi_frsub
    pong.o(.text) refers to dflt_clz.o(x$fpl$dflt) for __aeabi_i2d
    pong.o(.text) refers to dmul.o(x$fpl$dmul) for __aeabi_dmul
    pong.o(.text) refers to ddiv.o(x$fpl$ddiv) for __aeabi_ddiv
    sample.o(.text) refers to system_lpc17xx.o(.text) for SystemInit
    sample.o(.text) refers to glcd.o(.text) for LCD_Initialization
    sample.o(.text) refers to lib_button.o(.text) for BUTTON_init
    sample.o(.text) refers to lib_adc.o(.text) for ADC_init
    sample.o(.text) refers to lib_rit.o(.text) for init_RIT
    sample.o(.text) refers to lib_timer.o(.text) for init_timer
    sample.o(.text) refers to pong.o(.text) for pong_init
    system_lpc17xx.o(.text) refers to system_lpc17xx.o(.data) for SystemFrequency
    irq_button.o(.text) refers to irq_rit.o(.data) for down_INT0
    irq_timer.o(.text) refers to _printf_percent.o(.ARM.Collect$$_printf_percent$$00000000) for _printf_percent
    irq_timer.o(.text) refers to _printf_d.o(.ARM.Collect$$_printf_percent$$00000009) for _printf_d
    irq_timer.o(.text) refers to _printf_dec.o(.text) for _printf_int_dec
    irq_timer.o(.text) refers to fflt_clz.o(x$fpl$fflt) for __aeabi_i2f
    irq_timer.o(.text) refers to frleqf.o(x$fpl$frleqf) for __aeabi_cfrcmple
    irq_timer.o(.text) refers to fleqf.o(x$fpl$fleqf) for __aeabi_cfcmple
    irq_timer.o(.text) refers to glcd.o(.text) for LCD_DrawRect
    irq_timer.o(.text) refers to pong.o(.text) for manage_loosing
    irq_timer.o(.text) refers to fmul.o(x$fpl$fmul) for __aeabi_fmul
    irq_timer.o(.text) refers to faddsub_clz.o(x$fpl$fadd) for __aeabi_fadd
    irq_timer.o(.text) refers to faddsub_clz.o(x$fpl$frsb) for __aeabi_frsub
    irq_timer.o(.text) refers to f2d.o(x$fpl$f2d) for __aeabi_f2d
    irq_timer.o(.text) refers to floor.o(i.floor) for floor
    irq_timer.o(.text) refers to dfixu.o(x$fpl$dfixu) for __aeabi_d2uiz
    irq_timer.o(.text) refers to noretval__2sprintf.o(.text) for __2sprintf
[...]
    libinit.o(.ARM.Collect$$libinit$$00000000) refers (Special) to libinit2.o(.ARM.Collect$$libinit$$00000025) for __rt_lib_init_stdio_1
    libinit.o(.ARM.Collect$$libinit$$00000000) refers (Special) to libinit2.o(.ARM.Collect$$libinit$$0000000C) for __rt_lib_init_user_alloc_1
    dcheck1.o(x$fpl$dcheck1) refers (Special) to usenofp.o(x$fpl$usenofp) for __I$use$fp
    dcheck1.o(x$fpl$dcheck1) refers to retnan.o(x$fpl$retnan) for __fpl_return_NaN
    rtexit.o(.ARM.Collect$$rtexit$$00000000) refers (Special) to rtexit2.o(.ARM.Collect$$rtexit$$00000004) for __rt_exit_exit
    rtexit.o(.ARM.Collect$$rtexit$$00000000) refers (Special) to rtexit2.o(.ARM.Collect$$rtexit$$00000003) for __rt_exit_ls
    rtexit.o(.ARM.Collect$$rtexit$$00000000) refers (Special) to rtexit2.o(.ARM.Collect$$rtexit$$00000002) for __rt_exit_prels_1
    rtexit.o(.ARM.exidx) refers (Special) to rtexit2.o(.ARM.Collect$$rtexit$$00000004) for __rt_exit_exit
    rtexit.o(.ARM.exidx) refers (Special) to rtexit2.o(.ARM.Collect$$rtexit$$00000003) for __rt_exit_ls
    rtexit.o(.ARM.exidx) refers (Special) to rtexit2.o(.ARM.Collect$$rtexit$$00000002) for __rt_exit_prels_1
    rtexit.o(.ARM.exidx) refers to rtexit.o(.ARM.Collect$$rtexit$$00000000) for .ARM.Collect$$rtexit$$00000000
    libinit2.o(.ARM.Collect$$libinit$$00000010) refers to libinit2.o(.ARM.Collect$$libinit$$0000000F) for .ARM.Collect$$libinit$$0000000F
    libinit2.o(.ARM.Collect$$libinit$$00000012) refers to libinit2.o(.ARM.Collect$$libinit$$0000000F) for .ARM.Collect$$libinit$$0000000F
    libinit2.o(.ARM.Collect$$libinit$$00000014) refers to libinit2.o(.ARM.Collect$$libinit$$0000000F) for .ARM.Collect$$libinit$$0000000F
    libinit2.o(.ARM.Collect$$libinit$$00000016) refers to libinit2.o(.ARM.Collect$$libinit$$0000000F) for .ARM.Collect$$libinit$$0000000F
    libinit2.o(.ARM.Collect$$libinit$$00000018) refers to libinit2.o(.ARM.Collect$$libinit$$0000000F) for .ARM.Collect$$libinit$$0000000F
    libinit2.o(.ARM.Collect$$libinit$$00000026) refers to argv_veneer.o(.emb_text) for __ARM_argv_veneer
    libinit2.o(.ARM.Collect$$libinit$$00000027) refers to argv_veneer.o(.emb_text) for __ARM_argv_veneer
    retnan.o(x$fpl$retnan) refers (Special) to usenofp.o(x$fpl$usenofp) for __I$use$fp
    retnan.o(x$fpl$retnan) refers to trapv.o(x$fpl$trapveneer) for __fpl_cmpreturn
    rtexit2.o(.ARM.Collect$$rtexit$$00000003) refers to libshutdown.o(.ARM.Collect$$libshutdown$$00000000) for __rt_lib_shutdown
    rtexit2.o(.ARM.Collect$$rtexit$$00000004) refers to sys_exit.o(.text) for _sys_exit
    rtexit2.o(.ARM.exidx) refers to rtexit2.o(.ARM.Collect$$rtexit$$00000001) for .ARM.Collect$$rtexit$$00000001
    rtexit2.o(.ARM.exidx) refers to rtexit2.o(.ARM.Collect$$rtexit$$00000003) for .ARM.Collect$$rtexit$$00000003
    rtexit2.o(.ARM.exidx) refers to rtexit2.o(.ARM.Collect$$rtexit$$00000004) for .ARM.Collect$$rtexit$$00000004
    argv_veneer.o(.emb_text) refers to no_argv.o(.text) for __ARM_get_argv
    trapv.o(x$fpl$trapveneer) refers (Special) to usenofp.o(x$fpl$usenofp) for __I$use$fp
    sys_exit.o(.text) refers (Special) to use_no_semi.o(.text) for __I$use$semihosting
    sys_exit.o(.text) refers (Special) to indicate_semi.o(.text) for __semihosting_library_function
    _get_argv_nomalloc.o(.text) refers (Special) to hrguard.o(.text) for __heap_region$guard
    _get_argv_nomalloc.o(.text) refers to defsig_rtmem_outer.o(.text) for __rt_SIGRTMEM
    _get_argv_nomalloc.o(.text) refers to sys_command.o(.text) for _sys_command_string
    libshutdown.o(.ARM.Collect$$libshutdown$$00000000) refers (Special) to libshutdown2.o(.ARM.Collect$$libshutdown$$00000004) for __rt_lib_shutdown_cpp_1
    libshutdown.o(.ARM.Collect$$libshutdown$$00000000) refers (Special) to libshutdown2.o(.ARM.Collect$$libshutdown$$00000002) for __rt_lib_shutdown_fini_1
    libshutdown.o(.ARM.Collect$$libshutdown$$00000000) refers (Special) to libshutdown2.o(.ARM.Collect$$libshutdown$$00000009) for __rt_lib_shutdown_fp_trap_1
    libshutdown.o(.ARM.Collect$$libshutdown$$00000000) refers (Special) to libshutdown2.o(.ARM.Collect$$libshutdown$$00000011) for __rt_lib_shutdown_heap_1
    libshutdown.o(.ARM.Collect$$libshutdown$$00000000) refers (Special) to libshutdown2.o(.ARM.Collect$$libshutdown$$00000012) for __rt_lib_shutdown_return
    libshutdown.o(.ARM.Collect$$libshutdown$$00000000) refers (Special) to libshutdown2.o(.ARM.Collect$$libshutdown$$0000000C) for __rt_lib_shutdown_signal_1
    libshutdown.o(.ARM.Collect$$libshutdown$$00000000) refers (Special) to libshutdown2.o(.ARM.Collect$$libshutdown$$00000006) for __rt_lib_shutdown_stdio_1
    libshutdown.o(.ARM.Collect$$libshutdown$$00000000) refers (Special) to libshutdown2.o(.ARM.Collect$$libshutdown$$0000000E) for __rt_lib_shutdown_user_alloc_1
    sys_command.o(.text) refers (Special) to use_no_semi.o(.text) for __I$use$semihosting
    sys_command.o(.text) refers (Special) to indicate_semi.o(.text) for __semihosting_library_function
    defsig_rtmem_outer.o(.text) refers to defsig_rtmem_inner.o(.text) for __rt_SIGRTMEM_inner
    defsig_rtmem_outer.o(.text) refers to defsig_exit.o(.text) for __sig_exit
    defsig_rtmem_formal.o(.text) refers to rt_raise.o(.text) for __rt_raise
    rt_raise.o(.text) refers to __raise.o(.text) for __raise
    rt_raise.o(.text) refers to sys_exit.o(.text) for _sys_exit
    defsig_exit.o(.text) refers to sys_exit.o(.text) for _sys_exit
    defsig_rtmem_inner.o(.text) refers to defsig_general.o(.text) for __default_signal_display
    __raise.o(.text) refers to defsig.o(CL$$defsig) for __default_signal_handler
    defsig_general.o(.text) refers to sys_wrch.o(.text) for _ttywrch
    sys_wrch.o(.text) refers (Special) to use_no_semi.o(.text) for __I$use$semihosting
    sys_wrch.o(.text) refers (Special) to indicate_semi.o(.text) for __semihosting_library_function
    defsig.o(CL$$defsig) refers to defsig_rtmem_inner.o(.text) for __rt_SIGRTMEM_inner
    defsig_abrt_inner.o(.text) refers to defsig_general.o(.text) for __default_signal_display
    defsig_fpe_inner.o(.text) refers to defsig_general.o(.text) for __default_signal_display
    defsig_rtred_inner.o(.text) refers to defsig_general.o(.text) for __default_signal_display
    defsig_stak_inner.o(.text) refers to defsig_general.o(.text) for __default_signal_display
    defsig_pvfn_inner.o(.text) refers to defsig_general.o(.text) for __default_signal_display
    defsig_cppl_inner.o(.text) refers to defsig_general.o(.text) for __default_signal_display
    defsig_segv_inner.o(.text) refers to defsig_general.o(.text) for __default_signal_display
    defsig_other.o(.text) refers to defsig_general.o(.text) for __default_signal_display


==============================================================================

Removing Unused input sections from the image.

    Removing pong.o(.rev16_text), (4 bytes).
    Removing pong.o(.revsh_text), (4 bytes).
    Removing pong.o(.rrx_text), (6 bytes).
    Removing sample.o(.rev16_text), (4 bytes).
    Removing sample.o(.revsh_text), (4 bytes).
    Removing sample.o(.rrx_text), (6 bytes).
    Removing core_cm3.o(.emb_text), (32 bytes).
    Removing system_lpc17xx.o(.rev16_text), (4 bytes).
    Removing system_lpc17xx.o(.revsh_text), (4 bytes).
    Removing system_lpc17xx.o(.rrx_text), (6 bytes).
    Removing irq_button.o(.rev16_text), (4 bytes).
    Removing irq_button.o(.revsh_text), (4 bytes).
    Removing irq_button.o(.rrx_text), (6 bytes).
    Removing lib_button.o(.rev16_text), (4 bytes).
    Removing lib_button.o(.revsh_text), (4 bytes).
    Removing lib_button.o(.rrx_text), (6 bytes).
    Removing irq_timer.o(.rev16_text), (4 bytes).
    Removing irq_timer.o(.revsh_text), (4 bytes).
    Removing irq_timer.o(.rrx_text), (6 bytes).
    Removing irq_timer.o(.bss), (50 bytes).
    Removing lib_timer.o(.rev16_text), (4 bytes).
    Removing lib_timer.o(.revsh_text), (4 bytes).
    Removing lib_timer.o(.rrx_text), (6 bytes).
    Removing irq_rit.o(.rev16_text), (4 bytes).
    Removing irq_rit.o(.revsh_text), (4 bytes).
    Removing irq_rit.o(.rrx_text), (6 bytes).
    Removing lib_rit.o(.rev16_text), (4 bytes).
    Removing lib_rit.o(.revsh_text), (4 bytes).
    Removing lib_rit.o(.rrx_text), (6 bytes).
    Removing irq_adc.o(.rev16_text), (4 bytes).
    Removing irq_adc.o(.revsh_text), (4 bytes).
    Removing irq_adc.o(.rrx_text), (6 bytes).
    Removing lib_adc.o(.rev16_text), (4 bytes).
    Removing lib_adc.o(.revsh_text), (4 bytes).
    Removing lib_adc.o(.rrx_text), (6 bytes).
    Removing glcd.o(.rev16_text), (4 bytes).
    Removing glcd.o(.revsh_text), (4 bytes).
    Removing glcd.o(.rrx_text), (6 bytes).
    Removing hzlib.o(.text), (52 bytes).
    Removing hzlib.o(.constdata), (216576 bytes).

40 unused section(s) (total 216878 bytes) removed from the image.

==============================================================================

Image Symbol Table

    Local Symbols

    Symbol Name                              Value     Ov Type        Size  Object(Section)

    RESET                                    0x00000000   Section      204  startup_lpc17xx.o(RESET)
    ../clib/angel/boardlib.s                 0x00000000   Number         0  boardinit3.o ABSOLUTE
    ../clib/angel/boardlib.s                 0x00000000   Number         0  boardinit1.o ABSOLUTE
    ../clib/angel/boardlib.s                 0x00000000   Number         0  boardshut.o ABSOLUTE
    ../clib/angel/boardlib.s                 0x00000000   Number         0  boardinit2.o ABSOLUTE
    ../clib/angel/handlers.s                 0x00000000   Number         0  __scatter_zi.o ABSOLUTE
    ../clib/angel/handlers.s                 0x00000000   Number         0  __scatter_copy.o ABSOLUTE
    ../clib/angel/kernel.s                   0x00000000   Number         0  __rtentry2.o ABSOLUTE
    ../clib/angel/kernel.s                   0x00000000   Number         0  __rtentry.o ABSOLUTE
    ../clib/angel/kernel.s                   0x00000000   Number         0  rtexit.o ABSOLUTE
    ../clib/angel/kernel.s                   0x00000000   Number         0  rtexit2.o ABSOLUTE
    ../clib/angel/kernel.s                   0x00000000   Number         0  __rtentry4.o ABSOLUTE
    ../clib/angel/rt.s                       0x00000000   Number         0  rt_errno_addr_intlibspace.o ABSOLUTE
    ../clib/angel/rt.s                       0x00000000   Number         0  rt_errno_addr.o ABSOLUTE
    ../clib/angel/rt.s                       0x00000000   Number         0  rt_raise.o ABSOLUTE
    ../clib/angel/scatter.s                  0x00000000   Number         0  __scatter.o ABSOLUTE
    ../clib/angel/startup.s                  0x00000000   Number         0  __main.o ABSOLUTE
    ../clib/angel/sys.s                      0x00000000   Number         0  sys_stackheap_outer.o ABSOLUTE
    ../clib/angel/sys.s                      0x00000000   Number         0  indicate_semi.o ABSOLUTE
    ../clib/angel/sys.s                      0x00000000   Number         0  libspace.o ABSOLUTE
    ../clib/angel/sys.s                      0x00000000   Number         0  use_no_semi.o ABSOLUTE
    ../clib/angel/sysapp.c                   0x00000000   Number         0  sys_command.o ABSOLUTE
    ../clib/angel/sysapp.c                   0x00000000   Number         0  sys_exit.o ABSOLUTE
    ../clib/angel/sysapp.c                   0x00000000   Number         0  sys_wrch.o ABSOLUTE
    ../clib/armsys.c                         0x00000000   Number         0  argv_veneer.o ABSOLUTE
    ../clib/armsys.c                         0x00000000   Number         0  argv_veneer.o ABSOLUTE
    ../clib/armsys.c                         0x00000000   Number         0  _get_argv_nomalloc.o ABSOLUTE
    ../clib/armsys.c                         0x00000000   Number         0  no_argv.o ABSOLUTE
    ../clib/fenv.c                           0x00000000   Number         0  _rserrno.o ABSOLUTE
    ../clib/heapalloc.c                      0x00000000   Number         0  hrguard.o ABSOLUTE
    ../clib/heapaux.c                        0x00000000   Number         0  heapauxi.o ABSOLUTE
    ../clib/libinit.s                        0x00000000   Number         0  libshutdown2.o ABSOLUTE
    ../clib/libinit.s                        0x00000000   Number         0  libinit2.o ABSOLUTE
    ../clib/libinit.s                        0x00000000   Number         0  libinit.o ABSOLUTE
    ../clib/libinit.s                        0x00000000   Number         0  libshutdown.o ABSOLUTE
    ../clib/memcpset.s                       0x00000000   Number         0  rt_memcpy_w.o ABSOLUTE
    ../clib/memcpset.s                       0x00000000   Number         0  rt_memcpy_v6.o ABSOLUTE
    ../clib/printf.c                         0x00000000   Number         0  __printf_wp.o ABSOLUTE
    ../clib/printf.c                         0x00000000   Number         0  _printf_intcommon.o ABSOLUTE
    ../clib/printf.c                         0x00000000   Number         0  _sputc.o ABSOLUTE
    ../clib/printf.c                         0x00000000   Number         0  __printf_ss.o ABSOLUTE
    ../clib/printf.c                         0x00000000   Number         0  __printf_flags.o ABSOLUTE
    ../clib/printf.c                         0x00000000   Number         0  _printf_dec.o ABSOLUTE
    ../clib/printf.c                         0x00000000   Number         0  noretval__2sprintf.o ABSOLUTE
    ../clib/printf.c                         0x00000000   Number         0  _printf_char_common.o ABSOLUTE
    ../clib/printf.c                         0x00000000   Number         0  __printf_nopercent.o ABSOLUTE
    ../clib/printf.c                         0x00000000   Number         0  __2sprintf.o ABSOLUTE
    ../clib/printf.c                         0x00000000   Number         0  __printf.o ABSOLUTE
    ../clib/printf.c                         0x00000000   Number         0  __printf_flags_ss.o ABSOLUTE
    ../clib/printf.c                         0x00000000   Number         0  __printf_flags_ss_wp.o ABSOLUTE
    ../clib/printf.c                         0x00000000   Number         0  __printf_ss_wp.o ABSOLUTE
    ../clib/printf.c                         0x00000000   Number         0  __printf_flags_wp.o ABSOLUTE
    ../clib/printf_percent.s                 0x00000000   Number         0  _printf_percent_end.o ABSOLUTE
    ../clib/printf_percent.s                 0x00000000   Number         0  _printf_d.o ABSOLUTE
    ../clib/printf_percent.s                 0x00000000   Number         0  _printf_percent.o ABSOLUTE
    ../clib/signal.c                         0x00000000   Number         0  defsig_abrt_inner.o ABSOLUTE
    ../clib/signal.c                         0x00000000   Number         0  defsig_fpe_inner.o ABSOLUTE
    ../clib/signal.c                         0x00000000   Number         0  defsig_exit.o ABSOLUTE
    ../clib/signal.c                         0x00000000   Number         0  defsig_other.o ABSOLUTE
    ../clib/signal.c                         0x00000000   Number         0  defsig_general.o ABSOLUTE
    ../clib/signal.c                         0x00000000   Number         0  defsig_segv_inner.o ABSOLUTE
    ../clib/signal.c                         0x00000000   Number         0  defsig_pvfn_inner.o ABSOLUTE
    ../clib/signal.c                         0x00000000   Number         0  defsig_rtmem_formal.o ABSOLUTE
    ../clib/signal.c                         0x00000000   Number         0  defsig_cppl_inner.o ABSOLUTE
    ../clib/signal.c                         0x00000000   Number         0  defsig_rtred_inner.o ABSOLUTE
    ../clib/signal.c                         0x00000000   Number         0  defsig_rtmem_inner.o ABSOLUTE
    ../clib/signal.c                         0x00000000   Number         0  __raise.o ABSOLUTE
    ../clib/signal.c                         0x00000000   Number         0  defsig_rtmem_outer.o ABSOLUTE
    ../clib/signal.c                         0x00000000   Number         0  defsig_stak_inner.o ABSOLUTE
    ../clib/signal.s                         0x00000000   Number         0  defsig.o ABSOLUTE
    ../clib/stdlib.c                         0x00000000   Number         0  exit.o ABSOLUTE
    ../fplib/d2f.s                           0x00000000   Number         0  d2f.o ABSOLUTE
    ../fplib/daddsub.s                       0x00000000   Number         0  daddsub_clz.o ABSOLUTE
    ../fplib/dcheck1.s                       0x00000000   Number         0  dcheck1.o ABSOLUTE
    ../fplib/dcmpi.s                         0x00000000   Number         0  dcmpi.o ABSOLUTE
    ../fplib/ddiv.s                          0x00000000   Number         0  ddiv.o ABSOLUTE
    ../fplib/dfix.s                          0x00000000   Number         0  dfix.o ABSOLUTE
    ../fplib/dfixu.s                         0x00000000   Number         0  dfixu.o ABSOLUTE
    ../fplib/dflt.s                          0x00000000   Number         0  dflt_clz.o ABSOLUTE
    ../fplib/dleqf.s                         0x00000000   Number         0  dleqf.o ABSOLUTE
    ../fplib/dmul.s                          0x00000000   Number         0  dmul.o ABSOLUTE
    ../fplib/dnaninf.s                       0x00000000   Number         0  dnaninf.o ABSOLUTE
    ../fplib/dretinf.s                       0x00000000   Number         0  dretinf.o ABSOLUTE
    ../fplib/drleqf.s                        0x00000000   Number         0  drleqf.o ABSOLUTE
    ../fplib/f2d.s                           0x00000000   Number         0  f2d.o ABSOLUTE
    ../fplib/faddsub.s                       0x00000000   Number         0  faddsub_clz.o ABSOLUTE
    ../fplib/fcmpi.s                         0x00000000   Number         0  fcmpi.o ABSOLUTE
    ../fplib/fdiv.s                          0x00000000   Number         0  fdiv.o ABSOLUTE
    ../fplib/ffix.s                          0x00000000   Number         0  ffix.o ABSOLUTE
    ../fplib/fflt.s                          0x00000000   Number         0  fflt_clz.o ABSOLUTE
    ../fplib/fleqf.s                         0x00000000   Number         0  fleqf.o ABSOLUTE
    ../fplib/fmul.s                          0x00000000   Number         0  fmul.o ABSOLUTE
    ../fplib/fnaninf.s                       0x00000000   Number         0  fnaninf.o ABSOLUTE
    ../fplib/fpinit.s                        0x00000000   Number         0  fpinit.o ABSOLUTE
    ../fplib/fretinf.s                       0x00000000   Number         0  fretinf.o ABSOLUTE
    ../fplib/frleqf.s                        0x00000000   Number         0  frleqf.o ABSOLUTE
    ../fplib/retnan.s                        0x00000000   Number         0  retnan.o ABSOLUTE
    ../fplib/scalbn.s                        0x00000000   Number         0  scalbn.o ABSOLUTE
    ../fplib/trapv.s                         0x00000000   Number         0  trapv.o ABSOLUTE
    ../fplib/usenofp.s                       0x00000000   Number         0  usenofp.o ABSOLUTE
    ../mathlib/cos.c                         0x00000000   Number         0  cos_x.o ABSOLUTE
    ../mathlib/cos.c                         0x00000000   Number         0  cos.o ABSOLUTE
    ../mathlib/cos_i.c                       0x00000000   Number         0  cos_i.o ABSOLUTE
    ../mathlib/dunder.c                      0x00000000   Number         0  dunder.o ABSOLUTE
    ../mathlib/floor.c                       0x00000000   Number         0  floor.o ABSOLUTE
    ../mathlib/fpclassify.c                  0x00000000   Number         0  fpclassify.o ABSOLUTE
    ../mathlib/poly.c                        0x00000000   Number         0  poly.o ABSOLUTE
    ../mathlib/rred.c                        0x00000000   Number         0  rred.o ABSOLUTE
    ../mathlib/sin.c                         0x00000000   Number         0  sin_x.o ABSOLUTE
    ../mathlib/sin.c                         0x00000000   Number         0  sin.o ABSOLUTE
    ../mathlib/sin_i.c                       0x00000000   Number         0  sin_i.o ABSOLUTE
    ../mathlib/sin_i.c                       0x00000000   Number         0  sin_i_x.o ABSOLUTE
    GLCD\AsciiLib.c                          0x00000000   Number         0  asciilib.o ABSOLUTE
    GLCD\GLCD.c                              0x00000000   Number         0  glcd.o ABSOLUTE
    GLCD\HzLib.c                             0x00000000   Number         0  hzlib.o ABSOLUTE
    GLCD\\GLCD.c                             0x00000000   Number         0  glcd.o ABSOLUTE
    RIT\IRQ_RIT.c                            0x00000000   Number         0  irq_rit.o ABSOLUTE
    RIT\\IRQ_RIT.c                           0x00000000   Number         0  irq_rit.o ABSOLUTE
    RIT\\lib_RIT.c                           0x00000000   Number         0  lib_rit.o ABSOLUTE
    RIT\lib_RIT.c                            0x00000000   Number         0  lib_rit.o ABSOLUTE
    adc\IRQ_adc.c                            0x00000000   Number         0  irq_adc.o ABSOLUTE
    adc\\IRQ_adc.c                           0x00000000   Number         0  irq_adc.o ABSOLUTE
    adc\\lib_adc.c                           0x00000000   Number         0  lib_adc.o ABSOLUTE
    adc\lib_adc.c                            0x00000000   Number         0  lib_adc.o ABSOLUTE
    button_EXINT\IRQ_button.c                0x00000000   Number         0  irq_button.o ABSOLUTE
    button_EXINT\\IRQ_button.c               0x00000000   Number         0  irq_button.o ABSOLUTE
    button_EXINT\\lib_button.c               0x00000000   Number         0  lib_button.o ABSOLUTE
    button_EXINT\lib_button.c                0x00000000   Number         0  lib_button.o ABSOLUTE
    core_cm3.c                               0x00000000   Number         0  core_cm3.o ABSOLUTE
    core_cm3.c                               0x00000000   Number         0  core_cm3.o ABSOLUTE
    dc.s                                     0x00000000   Number         0  dc.o ABSOLUTE
    pong\\pong.c                             0x00000000   Number         0  pong.o ABSOLUTE
    pong\pong.c                              0x00000000   Number         0  pong.o ABSOLUTE
    sample.c                                 0x00000000   Number         0  sample.o ABSOLUTE
    sample.c                                 0x00000000   Number         0  sample.o ABSOLUTE
    startup_LPC17xx.s                        0x00000000   Number         0  startup_lpc17xx.o ABSOLUTE
    system_LPC17xx.c                         0x00000000   Number         0  system_lpc17xx.o ABSOLUTE
    system_LPC17xx.c                         0x00000000   Number         0  system_lpc17xx.o ABSOLUTE
    timer\IRQ_timer.c                        0x00000000   Number         0  irq_timer.o ABSOLUTE
    timer\\IRQ_timer.c                       0x00000000   Number         0  irq_timer.o ABSOLUTE
    timer\\lib_timer.c                       0x00000000   Number         0  lib_timer.o ABSOLUTE
    timer\lib_timer.c                        0x00000000   Number         0  lib_timer.o ABSOLUTE
    !!!main                                  0x000000cc   Section        8  __main.o(!!!main)
    !!!scatter                               0x000000d4   Section       52  __scatter.o(!!!scatter)
    !!handler_copy                           0x00000108   Section       26  __scatter_copy.o(!!handler_copy)
    !!handler_zi                             0x00000124   Section       28  __scatter_zi.o(!!handler_zi)
    .ARM.Collect$$_printf_percent$$00000000  0x00000140   Section        0  _printf_percent.o(.ARM.Collect$$_printf_percent$$00000000)
    .ARM.Collect$$_printf_percent$$00000009  0x00000140   Section        6  _printf_d.o(.ARM.Collect$$_printf_percent$$00000009)
    .ARM.Collect$$_printf_percent$$00000017  0x00000146   Section        4  _printf_percent_end.o(.ARM.Collect$$_printf_percent$$00000017)
    .ARM.Collect$$libinit$$00000000          0x0000014a   Section        2  libinit.o(.ARM.Collect$$libinit$$00000000)
    .ARM.Collect$$libinit$$00000002          0x0000014c   Section        0  libinit2.o(.ARM.Collect$$libinit$$00000002)
    .ARM.Collect$$libinit$$00000004          0x0000014c   Section        0  libinit2.o(.ARM.Collect$$libinit$$00000004)
    .ARM.Collect$$libinit$$0000000A          0x0000014c   Section        0  libinit2.o(.ARM.Collect$$libinit$$0000000A)
    .ARM.Collect$$libinit$$0000000C          0x0000014c   Section        0  libinit2.o(.ARM.Collect$$libinit$$0000000C)
    .ARM.Collect$$libinit$$0000000E          0x0000014c   Section        0  libinit2.o(.ARM.Collect$$libinit$$0000000E)
    .ARM.Collect$$libinit$$00000011          0x0000014c   Section        0  libinit2.o(.ARM.Collect$$libinit$$00000011)
    .ARM.Collect$$libinit$$00000013          0x0000014c   Section        0  libinit2.o(.ARM.Collect$$libinit$$00000013)
    .ARM.Collect$$libinit$$00000015          0x0000014c   Section        0  libinit2.o(.ARM.Collect$$libinit$$00000015)
    .ARM.Collect$$libinit$$00000017          0x0000014c   Section        0  libinit2.o(.ARM.Collect$$libinit$$00000017)
    .ARM.Collect$$libinit$$00000019          0x0000014c   Section        0  libinit2.o(.ARM.Collect$$libinit$$00000019)
    .ARM.Collect$$libinit$$0000001B          0x0000014c   Section        0  libinit2.o(.ARM.Collect$$libinit$$0000001B)
    .ARM.Collect$$libinit$$0000001D          0x0000014c   Section        0  libinit2.o(.ARM.Collect$$libinit$$0000001D)
    .ARM.Collect$$libinit$$0000001F          0x0000014c   Section        0  libinit2.o(.ARM.Collect$$libinit$$0000001F)
    .ARM.Collect$$libinit$$00000021          0x0000014c   Section        0  libinit2.o(.ARM.Collect$$libinit$$00000021)
    .ARM.Collect$$libinit$$00000023          0x0000014c   Section        0  libinit2.o(.ARM.Collect$$libinit$$00000023)
    .ARM.Collect$$libinit$$00000025          0x0000014c   Section        0  libinit2.o(.ARM.Collect$$libinit$$00000025)
    .ARM.Collect$$libinit$$0000002C          0x0000014c   Section        0  libinit2.o(.ARM.Collect$$libinit$$0000002C)
    .ARM.Collect$$libinit$$0000002E          0x0000014c   Section        0  libinit2.o(.ARM.Collect$$libinit$$0000002E)
    .ARM.Collect$$libinit$$00000030          0x0000014c   Section        0  libinit2.o(.ARM.Collect$$libinit$$00000030)
    .ARM.Collect$$libinit$$00000032          0x0000014c   Section        0  libinit2.o(.ARM.Collect$$libinit$$00000032)
    .ARM.Collect$$libinit$$00000033          0x0000014c   Section        2  libinit2.o(.ARM.Collect$$libinit$$00000033)
    .ARM.Collect$$libshutdown$$00000000      0x0000014e   Section        2  libshutdown.o(.ARM.Collect$$libshutdown$$00000000)
    .ARM.Collect$$libshutdown$$00000002      0x00000150   Section        0  libshutdown2.o(.ARM.Collect$$libshutdown$$00000002)
    .ARM.Collect$$libshutdown$$00000004      0x00000150   Section        0  libshutdown2.o(.ARM.Collect$$libshutdown$$00000004)
    .ARM.Collect$$libshutdown$$00000006      0x00000150   Section        0  libshutdown2.o(.ARM.Collect$$libshutdown$$00000006)
    .ARM.Collect$$libshutdown$$00000009      0x00000150   Section        0  libshutdown2.o(.ARM.Collect$$libshutdown$$00000009)
    .ARM.Collect$$libshutdown$$0000000C      0x00000150   Section        0  libshutdown2.o(.ARM.Collect$$libshutdown$$0000000C)
    .ARM.Collect$$libshutdown$$0000000E      0x00000150   Section        0  libshutdown2.o(.ARM.Collect$$libshutdown$$0000000E)
    .ARM.Collect$$libshutdown$$00000011      0x00000150   Section        0  libshutdown2.o(.ARM.Collect$$libshutdown$$00000011)
    .ARM.Collect$$libshutdown$$00000012      0x00000150   Section        2  libshutdown2.o(.ARM.Collect$$libshutdown$$00000012)
    .ARM.Collect$$rtentry$$00000000          0x00000152   Section        0  __rtentry.o(.ARM.Collect$$rtentry$$00000000)
    .ARM.Collect$$rtentry$$00000002          0x00000152   Section        0  __rtentry2.o(.ARM.Collect$$rtentry$$00000002)
    .ARM.Collect$$rtentry$$00000004          0x00000152   Section        6  __rtentry4.o(.ARM.Collect$$rtentry$$00000004)
    .ARM.Collect$$rtentry$$00000009          0x00000158   Section        0  __rtentry2.o(.ARM.Collect$$rtentry$$00000009)
    .ARM.Collect$$rtentry$$0000000A          0x00000158   Section        4  __rtentry2.o(.ARM.Collect$$rtentry$$0000000A)
    .ARM.Collect$$rtentry$$0000000C          0x0000015c   Section        0  __rtentry2.o(.ARM.Collect$$rtentry$$0000000C)
    .ARM.Collect$$rtentry$$0000000D          0x0000015c   Section        8  __rtentry2.o(.ARM.Collect$$rtentry$$0000000D)
    .ARM.Collect$$rtexit$$00000000           0x00000164   Section        2  rtexit.o(.ARM.Collect$$rtexit$$00000000)
    .ARM.Collect$$rtexit$$00000002           0x00000166   Section        0  rtexit2.o(.ARM.Collect$$rtexit$$00000002)
    .ARM.Collect$$rtexit$$00000003           0x00000166   Section        4  rtexit2.o(.ARM.Collect$$rtexit$$00000003)
    .ARM.Collect$$rtexit$$00000004           0x0000016a   Section        6  rtexit2.o(.ARM.Collect$$rtexit$$00000004)
    .text                                    0x00000170   Section       52  startup_lpc17xx.o(.text)
    .text                                    0x000001a4   Section        0  sample.o(.text)
    .text                                    0x00000208   Section        0  irq_button.o(.text)
    __NVIC_DisableIRQ                        0x00000209   Thumb Code    30  irq_button.o(.text)
    .text                                    0x000002c0   Section        0  asciilib.o(.text)
    .text                                    0x000002e0   Section        0  heapauxi.o(.text)
    .text                                    0x000002e6   Section        0  _rserrno.o(.text)
    .ARM.__at_0x02FC                         0x000002fc   Section        4  startup_lpc17xx.o(.ARM.__at_0x02FC)
    .text                                    0x00000300   Section        0  pong.o(.text)
    .text                                    0x00000c64   Section        0  system_lpc17xx.o(.text)
    .text                                    0x00000eb0   Section        0  lib_button.o(.text)
    __NVIC_EnableIRQ                         0x00000eb1   Thumb Code    34  lib_button.o(.text)
    __NVIC_SetPriority                       0x00000ed3   Thumb Code    32  lib_button.o(.text)
    .text                                    0x00000f84   Section        0  irq_timer.o(.text)
    .text                                    0x000012c4   Section        0  lib_timer.o(.text)
    __NVIC_EnableIRQ                         0x000012c5   Thumb Code    34  lib_timer.o(.text)
    __NVIC_SetPriority                       0x000012e7   Thumb Code    32  lib_timer.o(.text)
    .text                                    0x00001440   Section        0  irq_rit.o(.text)
    __NVIC_EnableIRQ                         0x00001441   Thumb Code    34  irq_rit.o(.text)
    .text                                    0x00001634   Section        0  lib_rit.o(.text)
    .text                                    0x000016c8   Section        0  irq_adc.o(.text)
    .text                                    0x000017f0   Section        0  lib_adc.o(.text)
    .text                                    0x00001880   Section        0  glcd.o(.text)
    LCD_Configuration                        0x00001881   Thumb Code    20  glcd.o(.text)
    wait_delay                               0x00001895   Thumb Code    12  glcd.o(.text)
    LCD_SetCursor                            0x000018a1   Thumb Code  1356  glcd.o(.text)
    delay_ms                                 0x00001ded   Thumb Code    30  glcd.o(.text)
    LCD_BGR2RGB                              0x000052e9   Thumb Code    26  glcd.o(.text)
    .text                                    0x00005a80   Section        0  noretval__2sprintf.o(.text)
    .text                                    0x00005aa8   Section        0  __printf.o(.text)
    .text                                    0x00005b10   Section        0  _printf_dec.o(.text)
    .text                                    0x00005b88   Section      138  rt_memcpy_v6.o(.text)
    .text                                    0x00005c12   Section        0  _printf_intcommon.o(.text)
    .text                                    0x00005cc4   Section        0  _printf_char_common.o(.text)
    _printf_input_char                       0x00005cc5   Thumb Code    10  _printf_char_common.o(.text)
    .text                                    0x00005cf4   Section        0  _sputc.o(.text)
    .text                                    0x00005cfe   Section      100  rt_memcpy_w.o(.text)
    .text                                    0x00005d64   Section        8  rt_errno_addr_intlibspace.o(.text)
    .text                                    0x00005d6c   Section        8  libspace.o(.text)
    .text                                    0x00005d74   Section       74  sys_stackheap_outer.o(.text)
    .text                                    0x00005dbe   Section        0  exit.o(.text)
    .text                                    0x00005dd0   Section        0  sys_exit.o(.text)
    .text                                    0x00005ddc   Section        2  use_no_semi.o(.text)
    .text                                    0x00005dde   Section        0  indicate_semi.o(.text)
    i.__ARM_fpclassify                       0x00005dde   Section        0  fpclassify.o(i.__ARM_fpclassify)
    i.__ieee754_rem_pio2                     0x00005e08   Section        0  rred.o(i.__ieee754_rem_pio2)
    i.__kernel_cos                           0x00006190   Section        0  cos_i.o(i.__kernel_cos)
    i.__kernel_poly                          0x0000628c   Section        0  poly.o(i.__kernel_poly)
    i.__kernel_sin                           0x00006338   Section        0  sin_i.o(i.__kernel_sin)
    i.__mathlib_dbl_infnan                   0x00006424   Section        0  dunder.o(i.__mathlib_dbl_infnan)
    i.__mathlib_dbl_invalid                  0x0000642a   Section        0  dunder.o(i.__mathlib_dbl_invalid)
    i.__mathlib_dbl_underflow                0x00006438   Section        0  dunder.o(i.__mathlib_dbl_underflow)
    i.cos                                    0x00006448   Section        0  cos.o(i.cos)
    i.floor                                  0x000064e4   Section        0  floor.o(i.floor)
    i.sin                                    0x000065c0   Section        0  sin.o(i.sin)
    x$fpl$d2f                                0x00006660   Section       98  d2f.o(x$fpl$d2f)
    x$fpl$dadd                               0x000066c4   Section      336  daddsub_clz.o(x$fpl$dadd)
    _dadd1                                   0x000066d5   Thumb Code     0  daddsub_clz.o(x$fpl$dadd)
    x$fpl$dcheck1                            0x00006814   Section       16  dcheck1.o(x$fpl$dcheck1)
    x$fpl$dcmpinf                            0x00006824   Section       24  dcmpi.o(x$fpl$dcmpinf)
    x$fpl$ddiv                               0x0000683c   Section      688  ddiv.o(x$fpl$ddiv)
    ddiv_entry                               0x00006843   Thumb Code     0  ddiv.o(x$fpl$ddiv)
    x$fpl$dfix                               0x00006aec   Section       94  dfix.o(x$fpl$dfix)
    x$fpl$dfixu                              0x00006b4c   Section       90  dfixu.o(x$fpl$dfixu)
    x$fpl$dflt                               0x00006ba6   Section       46  dflt_clz.o(x$fpl$dflt)
    x$fpl$dfltu                              0x00006bd4   Section       38  dflt_clz.o(x$fpl$dfltu)
    x$fpl$dleqf                              0x00006bfc   Section      120  dleqf.o(x$fpl$dleqf)
    x$fpl$dmul                               0x00006c74   Section      340  dmul.o(x$fpl$dmul)
    x$fpl$dnaninf                            0x00006dc8   Section      156  dnaninf.o(x$fpl$dnaninf)
    x$fpl$dretinf                            0x00006e64   Section       12  dretinf.o(x$fpl$dretinf)
    x$fpl$drleqf                             0x00006e70   Section      108  drleqf.o(x$fpl$drleqf)
    x$fpl$drsb                               0x00006edc   Section       22  daddsub_clz.o(x$fpl$drsb)
    x$fpl$dsub                               0x00006ef4   Section      468  daddsub_clz.o(x$fpl$dsub)
    _dsub1                                   0x00006f05   Thumb Code     0  daddsub_clz.o(x$fpl$dsub)
    x$fpl$f2d                                0x000070c8   Section       86  f2d.o(x$fpl$f2d)
    x$fpl$fadd                               0x00007120   Section      196  faddsub_clz.o(x$fpl$fadd)
    _fadd1                                   0x0000712f   Thumb Code     0  faddsub_clz.o(x$fpl$fadd)
    x$fpl$fcmpinf                            0x000071e4   Section       24  fcmpi.o(x$fpl$fcmpinf)
    x$fpl$fdiv                               0x000071fc   Section      388  fdiv.o(x$fpl$fdiv)
    _fdiv1                                   0x000071fd   Thumb Code     0  fdiv.o(x$fpl$fdiv)
    x$fpl$ffix                               0x00007380   Section       54  ffix.o(x$fpl$ffix)
    x$fpl$fflt                               0x000073b8   Section       48  fflt_clz.o(x$fpl$fflt)
    x$fpl$ffltu                              0x000073e8   Section       38  fflt_clz.o(x$fpl$ffltu)
    x$fpl$fleqf                              0x00007410   Section      104  fleqf.o(x$fpl$fleqf)
    x$fpl$fmul                               0x00007478   Section      258  fmul.o(x$fpl$fmul)
    x$fpl$fnaninf                            0x0000757a   Section      140  fnaninf.o(x$fpl$fnaninf)
    x$fpl$fretinf                            0x00007606   Section       10  fretinf.o(x$fpl$fretinf)
    x$fpl$frleqf                             0x00007610   Section       98  frleqf.o(x$fpl$frleqf)
    x$fpl$frsb                               0x00007672   Section       20  faddsub_clz.o(x$fpl$frsb)
    x$fpl$fsub                               0x00007688   Section      234  faddsub_clz.o(x$fpl$fsub)
    _fsub1                                   0x00007697   Thumb Code     0  faddsub_clz.o(x$fpl$fsub)
    x$fpl$retnan                             0x00007772   Section      100  retnan.o(x$fpl$retnan)
    x$fpl$scalbn                             0x000077d6   Section       92  scalbn.o(x$fpl$scalbn)
    x$fpl$trapveneer                         0x00007832   Section       48  trapv.o(x$fpl$trapveneer)
    .constdata                               0x00007862   Section     1520  asciilib.o(.constdata)
    x$fpl$usenofp                            0x00007862   Section        0  usenofp.o(x$fpl$usenofp)
    AsciiLib                                 0x00007862   Data        1520  asciilib.o(.constdata)
    .constdata                               0x00007e58   Section       48  cos_i.o(.constdata)
    C                                        0x00007e58   Data          48  cos_i.o(.constdata)
    .constdata                               0x00007e88   Section      200  rred.o(.constdata)
    pio2s                                    0x00007e88   Data          48  rred.o(.constdata)
    twooverpi                                0x00007eb8   Data         152  rred.o(.constdata)
    .constdata                               0x00007f50   Section       40  sin_i.o(.constdata)
    S                                        0x00007f50   Data          40  sin_i.o(.constdata)
    STACK                                    0x10000000   Section      512  startup_lpc17xx.o(STACK)
    Stack_Mem                                0x10000000   Data         512  startup_lpc17xx.o(STACK)
    __initial_sp                             0x10000200   Data           0  startup_lpc17xx.o(STACK)
    .data                                    0x2007c000   Section       21  pong.o(.data)
    .data                                    0x2007c018   Section        5  system_lpc17xx.o(.data)
    .data                                    0x2007c01d   Section        1  irq_timer.o(.data)
    .data                                    0x2007c020   Section       12  irq_rit.o(.data)
    .data                                    0x2007c02c   Section        3  irq_adc.o(.data)
    .data                                    0x2007c02f   Section        1  glcd.o(.data)
    LCD_Code                                 0x2007c02f   Data           1  glcd.o(.data)
    .bss                                     0x2007c030   Section       40  pong.o(.bss)
    .bss                                     0x2007c058   Section       96  libspace.o(.bss)
    HEAP                                     0x2007c0b8   Section        0  startup_lpc17xx.o(HEAP)
    Heap_Mem                                 0x2007c0b8   Data           0  startup_lpc17xx.o(HEAP)

    Global Symbols

    Symbol Name                              Value     Ov Type        Size  Object(Section)

    BuildAttributes$$THM_ISAv4$P$D$K$B$S$PE$A:L22UL41UL21$X:L11$S22US41US21$IEEE1$IW$USESV6$~STKCKD$USESV7$~SHL$OTIME$ROPI$IEEEX$EBA8$UX$STANDARDLIB$REQ8$PRES8$EABIv2 0x00000000   Number         0  anon$$obj.o ABSOLUTE
    __ARM_use_no_argv                        0x00000000   Number         0  sample.o ABSOLUTE
    __Vectors                                0x00000000   Data           4  startup_lpc17xx.o(RESET)
    __ARM_exceptions_init                     - Undefined Weak Reference
    __alloca_initialize                       - Undefined Weak Reference
    __arm_fini_                               - Undefined Weak Reference
    __arm_preinit_                            - Undefined Weak Reference
    __cpp_initialize__aeabi_                  - Undefined Weak Reference
    __cxa_finalize                            - Undefined Weak Reference
    __rt_locale                               - Undefined Weak Reference
    __sigvec_lookup                           - Undefined Weak Reference
    _atexit_init                              - Undefined Weak Reference
    _call_atexit_fns                          - Undefined Weak Reference
    _clock_init                               - Undefined Weak Reference
    _fp_trap_init                             - Undefined Weak Reference
    _fp_trap_shutdown                         - Undefined Weak Reference
    _get_lc_collate                           - Undefined Weak Reference
    _get_lc_ctype                             - Undefined Weak Reference
    _get_lc_monetary                          - Undefined Weak Reference
    _get_lc_numeric                           - Undefined Weak Reference
    _get_lc_time                              - Undefined Weak Reference
    _getenv_init                              - Undefined Weak Reference
    _handle_redirection                       - Undefined Weak Reference
    _init_alloc                               - Undefined Weak Reference
    _init_user_alloc                          - Undefined Weak Reference
    _initio                                   - Undefined Weak Reference
    _printf_post_padding                      - Undefined Weak Reference
    _printf_pre_padding                       - Undefined Weak Reference
    _printf_truncate_signed                   - Undefined Weak Reference
    _printf_truncate_unsigned                 - Undefined Weak Reference
    _rand_init                                - Undefined Weak Reference
    _signal_finish                            - Undefined Weak Reference
    _signal_init                              - Undefined Weak Reference
    _terminate_alloc                          - Undefined Weak Reference
    _terminate_user_alloc                     - Undefined Weak Reference
    _terminateio                              - Undefined Weak Reference
    __main                                   0x000000cd   Thumb Code     8  __main.o(!!!main)
    __scatterload                            0x000000d5   Thumb Code     0  __scatter.o(!!!scatter)
    __scatterload_rt2                        0x000000d5   Thumb Code    44  __scatter.o(!!!scatter)
    __scatterload_rt2_thumb_only             0x000000d5   Thumb Code     0  __scatter.o(!!!scatter)
    __scatterload_null                       0x000000e3   Thumb Code     0  __scatter.o(!!!scatter)
    __scatterload_copy                       0x00000109   Thumb Code    26  __scatter_copy.o(!!handler_copy)
    __scatterload_zeroinit                   0x00000125   Thumb Code    28  __scatter_zi.o(!!handler_zi)
    _printf_d                                0x00000141   Thumb Code     0  _printf_d.o(.ARM.Collect$$_printf_percent$$00000009)
    _printf_percent                          0x00000141   Thumb Code     0  _printf_percent.o(.ARM.Collect$$_printf_percent$$00000000)
    _printf_percent_end                      0x00000147   Thumb Code     0  _printf_percent_end.o(.ARM.Collect$$_printf_percent$$00000017)
    __rt_lib_init                            0x0000014b   Thumb Code     0  libinit.o(.ARM.Collect$$libinit$$00000000)
    __rt_lib_init_alloca_1                   0x0000014d   Thumb Code     0  libinit2.o(.ARM.Collect$$libinit$$0000002E)
    __rt_lib_init_argv_1                     0x0000014d   Thumb Code     0  libinit2.o(.ARM.Collect$$libinit$$0000002C)
    __rt_lib_init_atexit_1                   0x0000014d   Thumb Code     0  libinit2.o(.ARM.Collect$$libinit$$0000001B)
    __rt_lib_init_clock_1                    0x0000014d   Thumb Code     0  libinit2.o(.ARM.Collect$$libinit$$00000021)
    __rt_lib_init_cpp_1                      0x0000014d   Thumb Code     0  libinit2.o(.ARM.Collect$$libinit$$00000032)
    __rt_lib_init_exceptions_1               0x0000014d   Thumb Code     0  libinit2.o(.ARM.Collect$$libinit$$00000030)
    __rt_lib_init_fp_1                       0x0000014d   Thumb Code     0  libinit2.o(.ARM.Collect$$libinit$$00000002)
    __rt_lib_init_fp_trap_1                  0x0000014d   Thumb Code     0  libinit2.o(.ARM.Collect$$libinit$$0000001F)
    __rt_lib_init_getenv_1                   0x0000014d   Thumb Code     0  libinit2.o(.ARM.Collect$$libinit$$00000023)
    __rt_lib_init_heap_1                     0x0000014d   Thumb Code     0  libinit2.o(.ARM.Collect$$libinit$$0000000A)
    __rt_lib_init_lc_collate_1               0x0000014d   Thumb Code     0  libinit2.o(.ARM.Collect$$libinit$$00000011)
    __rt_lib_init_lc_ctype_1                 0x0000014d   Thumb Code     0  libinit2.o(.ARM.Collect$$libinit$$00000013)
    __rt_lib_init_lc_monetary_1              0x0000014d   Thumb Code     0  libinit2.o(.ARM.Collect$$libinit$$00000015)
    __rt_lib_init_lc_numeric_1               0x0000014d   Thumb Code     0  libinit2.o(.ARM.Collect$$libinit$$00000017)
    __rt_lib_init_lc_time_1                  0x0000014d   Thumb Code     0  libinit2.o(.ARM.Collect$$libinit$$00000019)
    __rt_lib_init_preinit_1                  0x0000014d   Thumb Code     0  libinit2.o(.ARM.Collect$$libinit$$00000004)
    __rt_lib_init_rand_1                     0x0000014d   Thumb Code     0  libinit2.o(.ARM.Collect$$libinit$$0000000E)
    __rt_lib_init_return                     0x0000014d   Thumb Code     0  libinit2.o(.ARM.Collect$$libinit$$00000033)
    __rt_lib_init_signal_1                   0x0000014d   Thumb Code     0  libinit2.o(.ARM.Collect$$libinit$$0000001D)
    __rt_lib_init_stdio_1                    0x0000014d   Thumb Code     0  libinit2.o(.ARM.Collect$$libinit$$00000025)
    __rt_lib_init_user_alloc_1               0x0000014d   Thumb Code     0  libinit2.o(.ARM.Collect$$libinit$$0000000C)
    __rt_lib_shutdown                        0x0000014f   Thumb Code     0  libshutdown.o(.ARM.Collect$$libshutdown$$00000000)
    __rt_lib_shutdown_cpp_1                  0x00000151   Thumb Code     0  libshutdown2.o(.ARM.Collect$$libshutdown$$00000004)
    __rt_lib_shutdown_fini_1                 0x00000151   Thumb Code     0  libshutdown2.o(.ARM.Collect$$libshutdown$$00000002)
    __rt_lib_shutdown_fp_trap_1              0x00000151   Thumb Code     0  libshutdown2.o(.ARM.Collect$$libshutdown$$00000009)
    __rt_lib_shutdown_heap_1                 0x00000151   Thumb Code     0  libshutdown2.o(.ARM.Collect$$libshutdown$$00000011)
    __rt_lib_shutdown_return                 0x00000151   Thumb Code     0  libshutdown2.o(.ARM.Collect$$libshutdown$$00000012)
    __rt_lib_shutdown_signal_1               0x00000151   Thumb Code     0  libshutdown2.o(.ARM.Collect$$libshutdown$$0000000C)
    __rt_lib_shutdown_stdio_1                0x00000151   Thumb Code     0  libshutdown2.o(.ARM.Collect$$libshutdown$$00000006)
    __rt_lib_shutdown_user_alloc_1           0x00000151   Thumb Code     0  libshutdown2.o(.ARM.Collect$$libshutdown$$0000000E)
    __rt_entry                               0x00000153   Thumb Code     0  __rtentry.o(.ARM.Collect$$rtentry$$00000000)
    __rt_entry_presh_1                       0x00000153   Thumb Code     0  __rtentry2.o(.ARM.Collect$$rtentry$$00000002)
    __rt_entry_sh                            0x00000153   Thumb Code     0  __rtentry4.o(.ARM.Collect$$rtentry$$00000004)
    __rt_entry_li                            0x00000159   Thumb Code     0  __rtentry2.o(.ARM.Collect$$rtentry$$0000000A)
    __rt_entry_postsh_1                      0x00000159   Thumb Code     0  __rtentry2.o(.ARM.Collect$$rtentry$$00000009)
    __rt_entry_main                          0x0000015d   Thumb Code     0  __rtentry2.o(.ARM.Collect$$rtentry$$0000000D)
    __rt_entry_postli_1                      0x0000015d   Thumb Code     0  __rtentry2.o(.ARM.Collect$$rtentry$$0000000C)
    __rt_exit                                0x00000165   Thumb Code     0  rtexit.o(.ARM.Collect$$rtexit$$00000000)
    __rt_exit_ls                             0x00000167   Thumb Code     0  rtexit2.o(.ARM.Collect$$rtexit$$00000003)
    __rt_exit_prels_1                        0x00000167   Thumb Code     0  rtexit2.o(.ARM.Collect$$rtexit$$00000002)
    __rt_exit_exit                           0x0000016b   Thumb Code     0  rtexit2.o(.ARM.Collect$$rtexit$$00000004)
    Reset_Handler                            0x00000171   Thumb Code     4  startup_lpc17xx.o(.text)
    NMI_Handler                              0x00000175   Thumb Code     2  startup_lpc17xx.o(.text)
    HardFault_Handler                        0x00000177   Thumb Code     2  startup_lpc17xx.o(.text)
    MemManage_Handler                        0x00000179   Thumb Code     2  startup_lpc17xx.o(.text)
    BusFault_Handler                         0x0000017b   Thumb Code     2  startup_lpc17xx.o(.text)
    UsageFault_Handler                       0x0000017d   Thumb Code     2  startup_lpc17xx.o(.text)
    SVC_Handler                              0x0000017f   Thumb Code     2  startup_lpc17xx.o(.text)
    DebugMon_Handler                         0x00000181   Thumb Code     2  startup_lpc17xx.o(.text)
    PendSV_Handler                           0x00000183   Thumb Code     2  startup_lpc17xx.o(.text)
    SysTick_Handler                          0x00000185   Thumb Code     2  startup_lpc17xx.o(.text)
    BOD_IRQHandler                           0x00000187   Thumb Code     0  startup_lpc17xx.o(.text)
    CANActivity_IRQHandler                   0x00000187   Thumb Code     0  startup_lpc17xx.o(.text)
    CAN_IRQHandler                           0x00000187   Thumb Code     0  startup_lpc17xx.o(.text)
    DMA_IRQHandler                           0x00000187   Thumb Code     0  startup_lpc17xx.o(.text)
    EINT3_IRQHandler                         0x00000187   Thumb Code     0  startup_lpc17xx.o(.text)
    ENET_IRQHandler                          0x00000187   Thumb Code     0  startup_lpc17xx.o(.text)
    I2C0_IRQHandler                          0x00000187   Thumb Code     0  startup_lpc17xx.o(.text)
    I2C1_IRQHandler                          0x00000187   Thumb Code     0  startup_lpc17xx.o(.text)
    I2C2_IRQHandler                          0x00000187   Thumb Code     0  startup_lpc17xx.o(.text)
    I2S_IRQHandler                           0x00000187   Thumb Code     0  startup_lpc17xx.o(.text)
    MCPWM_IRQHandler                         0x00000187   Thumb Code     0  startup_lpc17xx.o(.text)
    PLL0_IRQHandler                          0x00000187   Thumb Code     0  startup_lpc17xx.o(.text)
    PLL1_IRQHandler                          0x00000187   Thumb Code     0  startup_lpc17xx.o(.text)
    PWM1_IRQHandler                          0x00000187   Thumb Code     0  startup_lpc17xx.o(.text)
    QEI_IRQHandler                           0x00000187   Thumb Code     0  startup_lpc17xx.o(.text)
    RTC_IRQHandler                           0x00000187   Thumb Code     0  startup_lpc17xx.o(.text)
    SPI_IRQHandler                           0x00000187   Thumb Code     0  startup_lpc17xx.o(.text)
    SSP0_IRQHandler                          0x00000187   Thumb Code     0  startup_lpc17xx.o(.text)
    SSP1_IRQHandler                          0x00000187   Thumb Code     0  startup_lpc17xx.o(.text)
    UART0_IRQHandler                         0x00000187   Thumb Code     0  startup_lpc17xx.o(.text)
    UART1_IRQHandler                         0x00000187   Thumb Code     0  startup_lpc17xx.o(.text)
    UART2_IRQHandler                         0x00000187   Thumb Code     0  startup_lpc17xx.o(.text)
    UART3_IRQHandler                         0x00000187   Thumb Code     0  startup_lpc17xx.o(.text)
    USBActivity_IRQHandler                   0x00000187   Thumb Code     0  startup_lpc17xx.o(.text)
    USB_IRQHandler                           0x00000187   Thumb Code     0  startup_lpc17xx.o(.text)
    WDT_IRQHandler                           0x00000187   Thumb Code     0  startup_lpc17xx.o(.text)
    __user_initial_stackheap                 0x00000189   Thumb Code     0  startup_lpc17xx.o(.text)
    main                                     0x000001a5   Thumb Code    82  sample.o(.text)
    EINT0_IRQHandler                         0x00000227   Thumb Code    42  irq_button.o(.text)
    EINT1_IRQHandler                         0x00000251   Thumb Code    42  irq_button.o(.text)
    EINT2_IRQHandler                         0x0000027b   Thumb Code    42  irq_button.o(.text)
    GetASCIICode                             0x000002c1   Thumb Code    26  asciilib.o(.text)
    __use_two_region_memory                  0x000002e1   Thumb Code     2  heapauxi.o(.text)
    __rt_heap_escrow$2region                 0x000002e3   Thumb Code     2  heapauxi.o(.text)
    __rt_heap_expand$2region                 0x000002e5   Thumb Code     2  heapauxi.o(.text)
    __read_errno                             0x000002e7   Thumb Code    10  _rserrno.o(.text)
    __set_errno                              0x000002f1   Thumb Code    12  _rserrno.o(.text)
    pong_init                                0x00000301   Thumb Code   304  pong.o(.text)
    clamp                                    0x00000431   Thumb Code    68  pong.o(.text)
    manage_loosing                           0x00000475   Thumb Code   374  pong.o(.text)
    update_x_hit_top                         0x000005eb   Thumb Code   182  pong.o(.text)
    normalize_dir_angle                      0x000006a1   Thumb Code   244  pong.o(.text)
    manage_bounce                            0x00000795   Thumb Code  1212  pong.o(.text)
    SystemInit                               0x00000c65   Thumb Code   552  system_lpc17xx.o(.text)
    BUTTON_init                              0x00000ef3   Thumb Code   124  lib_button.o(.text)
    TIMER0_IRQHandler                        0x00000f85   Thumb Code   758  irq_timer.o(.text)
    TIMER1_IRQHandler                        0x0000127b   Thumb Code    14  irq_timer.o(.text)
    TIMER2_IRQHandler                        0x00001289   Thumb Code     8  irq_timer.o(.text)
    TIMER3_IRQHandler                        0x00001291   Thumb Code     8  irq_timer.o(.text)
    enable_timer                             0x00001307   Thumb Code    48  lib_timer.o(.text)
    disable_timer                            0x00001337   Thumb Code    48  lib_timer.o(.text)
    reset_timer                              0x00001367   Thumb Code    66  lib_timer.o(.text)
    init_timer                               0x000013a9   Thumb Code   130  lib_timer.o(.text)
    RIT_IRQHandler                           0x00001463   Thumb Code   378  irq_rit.o(.text)
    enable_RIT                               0x00001635   Thumb Code    14  lib_rit.o(.text)
    disable_RIT                              0x00001643   Thumb Code    14  lib_rit.o(.text)
    reset_RIT                                0x00001651   Thumb Code     8  lib_rit.o(.text)
    init_RIT                                 0x00001659   Thumb Code    98  lib_rit.o(.text)
    ADC_IRQHandler                           0x000016c9   Thumb Code   280  irq_adc.o(.text)
    ADC_init                                 0x000017f1   Thumb Code   110  lib_adc.o(.text)
    ADC_start_conversion                     0x0000185f   Thumb Code    14  lib_adc.o(.text)
    LCD_Initialization                       0x00001e0b   Thumb Code 12014  glcd.o(.text)
    LCD_Clear                                0x00004cf9   Thumb Code  1520  glcd.o(.text)
    LCD_GetPoint                             0x00005303   Thumb Code   994  glcd.o(.text)
    LCD_SetPoint                             0x000056e5   Thumb Code   206  glcd.o(.text)
    LCD_DrawLine                             0x000057b3   Thumb Code   250  glcd.o(.text)
    PutChar                                  0x000058ad   Thumb Code   100  glcd.o(.text)
    PutCharReverse                           0x00005911   Thumb Code   100  glcd.o(.text)
    GUI_Text                                 0x00005975   Thumb Code    86  glcd.o(.text)
    GUI_TextReverse                          0x000059cb   Thumb Code    84  glcd.o(.text)
    LCD_DrawRect                             0x00005a1f   Thumb Code    96  glcd.o(.text)
    __2sprintf                               0x00005a81   Thumb Code    34  noretval__2sprintf.o(.text)
    __printf                                 0x00005aa9   Thumb Code   104  __printf.o(.text)
    _printf_int_dec                          0x00005b11   Thumb Code   104  _printf_dec.o(.text)
    __aeabi_memcpy                           0x00005b89   Thumb Code     0  rt_memcpy_v6.o(.text)
    __rt_memcpy                              0x00005b89   Thumb Code   138  rt_memcpy_v6.o(.text)
    _memcpy_lastbytes                        0x00005bef   Thumb Code     0  rt_memcpy_v6.o(.text)
    _printf_int_common                       0x00005c13   Thumb Code   178  _printf_intcommon.o(.text)
    _printf_char_common                      0x00005ccf   Thumb Code    32  _printf_char_common.o(.text)
    _sputc                                   0x00005cf5   Thumb Code    10  _sputc.o(.text)
    __aeabi_memcpy4                          0x00005cff   Thumb Code     0  rt_memcpy_w.o(.text)
    __aeabi_memcpy8                          0x00005cff   Thumb Code     0  rt_memcpy_w.o(.text)
    __rt_memcpy_w                            0x00005cff   Thumb Code   100  rt_memcpy_w.o(.text)
    _memcpy_lastbytes_aligned                0x00005d47   Thumb Code     0  rt_memcpy_w.o(.text)
    __aeabi_errno_addr                       0x00005d65   Thumb Code     8  rt_errno_addr_intlibspace.o(.text)
    __errno$intlibspace                      0x00005d65   Thumb Code     0  rt_errno_addr_intlibspace.o(.text)
    __rt_errno_addr$intlibspace              0x00005d65   Thumb Code     0  rt_errno_addr_intlibspace.o(.text)
    __user_libspace                          0x00005d6d   Thumb Code     8  libspace.o(.text)
    __user_perproc_libspace                  0x00005d6d   Thumb Code     0  libspace.o(.text)
    __user_perthread_libspace                0x00005d6d   Thumb Code     0  libspace.o(.text)
    __user_setup_stackheap                   0x00005d75   Thumb Code    74  sys_stackheap_outer.o(.text)
    exit                                     0x00005dbf   Thumb Code    18  exit.o(.text)
    _sys_exit                                0x00005dd1   Thumb Code     8  sys_exit.o(.text)
    __I$use$semihosting                      0x00005ddd   Thumb Code     0  use_no_semi.o(.text)
    __use_no_semihosting_swi                 0x00005ddd   Thumb Code     2  use_no_semi.o(.text)
    __ARM_fpclassify                         0x00005ddf   Thumb Code    40  fpclassify.o(i.__ARM_fpclassify)
    __semihosting_library_function           0x00005ddf   Thumb Code     0  indicate_semi.o(.text)
    __ieee754_rem_pio2                       0x00005e09   Thumb Code   828  rred.o(i.__ieee754_rem_pio2)
    __kernel_cos                             0x00006191   Thumb Code   230  cos_i.o(i.__kernel_cos)
    __kernel_poly                            0x0000628d   Thumb Code   170  poly.o(i.__kernel_poly)
    __kernel_sin                             0x00006339   Thumb Code   224  sin_i.o(i.__kernel_sin)
    __mathlib_dbl_infnan                     0x00006425   Thumb Code     6  dunder.o(i.__mathlib_dbl_infnan)
    __mathlib_dbl_invalid                    0x0000642b   Thumb Code    12  dunder.o(i.__mathlib_dbl_invalid)
    __mathlib_dbl_underflow                  0x00006439   Thumb Code    10  dunder.o(i.__mathlib_dbl_underflow)
    cos                                      0x00006449   Thumb Code   148  cos.o(i.cos)
    floor                                    0x000064e5   Thumb Code   204  floor.o(i.floor)
    sin                                      0x000065c1   Thumb Code   150  sin.o(i.sin)
    __aeabi_d2f                              0x00006661   Thumb Code     0  d2f.o(x$fpl$d2f)
    _d2f                                     0x00006661   Thumb Code    98  d2f.o(x$fpl$d2f)
    __aeabi_dadd                             0x000066c5   Thumb Code     0  daddsub_clz.o(x$fpl$dadd)
    _dadd                                    0x000066c5   Thumb Code   332  daddsub_clz.o(x$fpl$dadd)
    __fpl_dcheck_NaN1                        0x00006815   Thumb Code    10  dcheck1.o(x$fpl$dcheck1)
    __fpl_dcmp_Inf                           0x00006825   Thumb Code    24  dcmpi.o(x$fpl$dcmpinf)
    __aeabi_ddiv                             0x0000683d   Thumb Code     0  ddiv.o(x$fpl$ddiv)
    _ddiv                                    0x0000683d   Thumb Code   552  ddiv.o(x$fpl$ddiv)
    __aeabi_d2iz                             0x00006aed   Thumb Code     0  dfix.o(x$fpl$dfix)
    _dfix                                    0x00006aed   Thumb Code    94  dfix.o(x$fpl$dfix)
    __aeabi_d2uiz                            0x00006b4d   Thumb Code     0  dfixu.o(x$fpl$dfixu)
    _dfixu                                   0x00006b4d   Thumb Code    90  dfixu.o(x$fpl$dfixu)
    __aeabi_i2d                              0x00006ba7   Thumb Code     0  dflt_clz.o(x$fpl$dflt)
    _dflt                                    0x00006ba7   Thumb Code    46  dflt_clz.o(x$fpl$dflt)
    __aeabi_ui2d                             0x00006bd5   Thumb Code     0  dflt_clz.o(x$fpl$dfltu)
    _dfltu                                   0x00006bd5   Thumb Code    38  dflt_clz.o(x$fpl$dfltu)
    __aeabi_cdcmple                          0x00006bfd   Thumb Code     0  dleqf.o(x$fpl$dleqf)
    _dcmple                                  0x00006bfd   Thumb Code   120  dleqf.o(x$fpl$dleqf)
    __fpl_dcmple_InfNaN                      0x00006c5f   Thumb Code     0  dleqf.o(x$fpl$dleqf)
    __aeabi_dmul                             0x00006c75   Thumb Code     0  dmul.o(x$fpl$dmul)
    _dmul                                    0x00006c75   Thumb Code   332  dmul.o(x$fpl$dmul)
    __fpl_dnaninf                            0x00006dc9   Thumb Code   156  dnaninf.o(x$fpl$dnaninf)
    __fpl_dretinf                            0x00006e65   Thumb Code    12  dretinf.o(x$fpl$dretinf)
    __aeabi_cdrcmple                         0x00006e71   Thumb Code     0  drleqf.o(x$fpl$drleqf)
    _drcmple                                 0x00006e71   Thumb Code   108  drleqf.o(x$fpl$drleqf)
    __aeabi_drsub                            0x00006edd   Thumb Code     0  daddsub_clz.o(x$fpl$drsb)
    _drsb                                    0x00006edd   Thumb Code    22  daddsub_clz.o(x$fpl$drsb)
    __aeabi_dsub                             0x00006ef5   Thumb Code     0  daddsub_clz.o(x$fpl$dsub)
    _dsub                                    0x00006ef5   Thumb Code   464  daddsub_clz.o(x$fpl$dsub)
    __aeabi_f2d                              0x000070c9   Thumb Code     0  f2d.o(x$fpl$f2d)
    _f2d                                     0x000070c9   Thumb Code    86  f2d.o(x$fpl$f2d)
    __aeabi_fadd                             0x00007121   Thumb Code     0  faddsub_clz.o(x$fpl$fadd)
    _fadd                                    0x00007121   Thumb Code   196  faddsub_clz.o(x$fpl$fadd)
    __fpl_fcmp_Inf                           0x000071e5   Thumb Code    24  fcmpi.o(x$fpl$fcmpinf)
    __aeabi_fdiv                             0x000071fd   Thumb Code     0  fdiv.o(x$fpl$fdiv)
    _fdiv                                    0x000071fd   Thumb Code   384  fdiv.o(x$fpl$fdiv)
    __aeabi_f2iz                             0x00007381   Thumb Code     0  ffix.o(x$fpl$ffix)
    _ffix                                    0x00007381   Thumb Code    54  ffix.o(x$fpl$ffix)
    __aeabi_i2f                              0x000073b9   Thumb Code     0  fflt_clz.o(x$fpl$fflt)
    _fflt                                    0x000073b9   Thumb Code    48  fflt_clz.o(x$fpl$fflt)
    __aeabi_ui2f                             0x000073e9   Thumb Code     0  fflt_clz.o(x$fpl$ffltu)
    _ffltu                                   0x000073e9   Thumb Code    38  fflt_clz.o(x$fpl$ffltu)
    __aeabi_cfcmple                          0x00007411   Thumb Code     0  fleqf.o(x$fpl$fleqf)
    _fcmple                                  0x00007411   Thumb Code   104  fleqf.o(x$fpl$fleqf)
    __fpl_fcmple_InfNaN                      0x00007463   Thumb Code     0  fleqf.o(x$fpl$fleqf)
    __aeabi_fmul                             0x00007479   Thumb Code     0  fmul.o(x$fpl$fmul)
    _fmul                                    0x00007479   Thumb Code   258  fmul.o(x$fpl$fmul)
    __fpl_fnaninf                            0x0000757b   Thumb Code   140  fnaninf.o(x$fpl$fnaninf)
    __fpl_fretinf                            0x00007607   Thumb Code    10  fretinf.o(x$fpl$fretinf)
    __aeabi_cfrcmple                         0x00007611   Thumb Code     0  frleqf.o(x$fpl$frleqf)
    _frcmple                                 0x00007611   Thumb Code    98  frleqf.o(x$fpl$frleqf)
    __aeabi_frsub                            0x00007673   Thumb Code     0  faddsub_clz.o(x$fpl$frsb)
    _frsb                                    0x00007673   Thumb Code    20  faddsub_clz.o(x$fpl$frsb)
    __aeabi_fsub                             0x00007689   Thumb Code     0  faddsub_clz.o(x$fpl$fsub)
    _fsub                                    0x00007689   Thumb Code   234  faddsub_clz.o(x$fpl$fsub)
    __fpl_return_NaN                         0x00007773   Thumb Code   100  retnan.o(x$fpl$retnan)
    __ARM_scalbn                             0x000077d7   Thumb Code    92  scalbn.o(x$fpl$scalbn)
    __fpl_cmpreturn                          0x00007833   Thumb Code    48  trapv.o(x$fpl$trapveneer)
    __I$use$fp                               0x00007862   Number         0  usenofp.o(x$fpl$usenofp)
    Region$$Table$$Base                      0x00007f78   Number         0  anon$$obj.o(Region$$Table)
    Region$$Table$$Limit                     0x00007fa8   Number         0  anon$$obj.o(Region$$Table)
    player_top                               0x2007c000   Data           8  pong.o(.data)
    player_bottom                            0x2007c008   Data           8  pong.o(.data)
    enable_int0                              0x2007c010   Data           1  pong.o(.data)
    enable_int1                              0x2007c011   Data           1  pong.o(.data)
    enable_key2                              0x2007c012   Data           1  pong.o(.data)
    num_sin                                  0x2007c013   Data           1  pong.o(.data)
    ticks                                    0x2007c014   Data           1  pong.o(.data)
    SystemFrequency                          0x2007c018   Data           4  system_lpc17xx.o(.data)
    ScaleFlag                                0x2007c01c   Data           1  system_lpc17xx.o(.data)
    top_paddle_dir                           0x2007c01d   Data           1  irq_timer.o(.data)
    down_INT0                                0x2007c020   Data           4  irq_rit.o(.data)
    down_KEY1                                0x2007c024   Data           4  irq_rit.o(.data)
    down_KEY2                                0x2007c028   Data           4  irq_rit.o(.data)
    AD_current                               0x2007c02c   Data           2  irq_adc.o(.data)
    new_hits                                 0x2007c02e   Data           1  irq_adc.o(.data)
    ball                                     0x2007c030   Data          40  pong.o(.bss)
    __libspace_start                         0x2007c058   Data          96  libspace.o(.bss)
    __temporary_stack_top$libspace           0x2007c0b8   Data           0  libspace.o(.bss)



==============================================================================

Memory Map of the image

  Image Entry point : 0x000000cd

  Load Region LR_IROM1 (Base: 0x00000000, Size: 0x00007fd8, Max: 0x00080000, ABSOLUTE)

    Execution Region ER_IROM1 (Exec base: 0x00000000, Load base: 0x00000000, Size: 0x00007fa8, Max: 0x00080000, ABSOLUTE)

    Exec Addr    Load Addr    Size         Type   Attr      Idx    E Section Name        Object

    0x00000000   0x00000000   0x000000cc   Data   RO            3    RESET               startup_lpc17xx.o
    0x000000cc   0x000000cc   0x00000008   Code   RO          536  * !!!main             c_w.l(__main.o)
    0x000000d4   0x000000d4   0x00000034   Code   RO          846    !!!scatter          c_w.l(__scatter.o)
    0x00000108   0x00000108   0x0000001a   Code   RO          848    !!handler_copy      c_w.l(__scatter_copy.o)
    0x00000122   0x00000122   0x00000002   PAD
    0x00000124   0x00000124   0x0000001c   Code   RO          850    !!handler_zi        c_w.l(__scatter_zi.o)
    0x00000140   0x00000140   0x00000000   Code   RO          531    .ARM.Collect$$_printf_percent$$00000000  c_w.l(_printf_percent.o)
    0x00000140   0x00000140   0x00000006   Code   RO          530    .ARM.Collect$$_printf_percent$$00000009  c_w.l(_printf_d.o)
    0x00000146   0x00000146   0x00000004   Code   RO          623    .ARM.Collect$$_printf_percent$$00000017  c_w.l(_printf_percent_end.o)
    0x0000014a   0x0000014a   0x00000002   Code   RO          711    .ARM.Collect$$libinit$$00000000  c_w.l(libinit.o)
    0x0000014c   0x0000014c   0x00000000   Code   RO          717    .ARM.Collect$$libinit$$00000002  c_w.l(libinit2.o)
    0x0000014c   0x0000014c   0x00000000   Code   RO          719    .ARM.Collect$$libinit$$00000004  c_w.l(libinit2.o)
    0x0000014c   0x0000014c   0x00000000   Code   RO          722    .ARM.Collect$$libinit$$0000000A  c_w.l(libinit2.o)
    0x0000014c   0x0000014c   0x00000000   Code   RO          724    .ARM.Collect$$libinit$$0000000C  c_w.l(libinit2.o)
    0x0000014c   0x0000014c   0x00000000   Code   RO          726    .ARM.Collect$$libinit$$0000000E  c_w.l(libinit2.o)
    0x0000014c   0x0000014c   0x00000000   Code   RO          729    .ARM.Collect$$libinit$$00000011  c_w.l(libinit2.o)
    0x0000014c   0x0000014c   0x00000000   Code   RO          731    .ARM.Collect$$libinit$$00000013  c_w.l(libinit2.o)
    0x0000014c   0x0000014c   0x00000000   Code   RO          733    .ARM.Collect$$libinit$$00000015  c_w.l(libinit2.o)
    0x0000014c   0x0000014c   0x00000000   Code   RO          735    .ARM.Collect$$libinit$$00000017  c_w.l(libinit2.o)
    0x0000014c   0x0000014c   0x00000000   Code   RO          737    .ARM.Collect$$libinit$$00000019  c_w.l(libinit2.o)
    0x0000014c   0x0000014c   0x00000000   Code   RO          739    .ARM.Collect$$libinit$$0000001B  c_w.l(libinit2.o)
    0x0000014c   0x0000014c   0x00000000   Code   RO          741    .ARM.Collect$$libinit$$0000001D  c_w.l(libinit2.o)
    0x0000014c   0x0000014c   0x00000000   Code   RO          743    .ARM.Collect$$libinit$$0000001F  c_w.l(libinit2.o)
    0x0000014c   0x0000014c   0x00000000   Code   RO          745    .ARM.Collect$$libinit$$00000021  c_w.l(libinit2.o)
    0x0000014c   0x0000014c   0x00000000   Code   RO          747    .ARM.Collect$$libinit$$00000023  c_w.l(libinit2.o)
    0x0000014c   0x0000014c   0x00000000   Code   RO          749    .ARM.Collect$$libinit$$00000025  c_w.l(libinit2.o)
    0x0000014c   0x0000014c   0x00000000   Code   RO          753    .ARM.Collect$$libinit$$0000002C  c_w.l(libinit2.o)
    0x0000014c   0x0000014c   0x00000000   Code   RO          755    .ARM.Collect$$libinit$$0000002E  c_w.l(libinit2.o)
    0x0000014c   0x0000014c   0x00000000   Code   RO          757    .ARM.Collect$$libinit$$00000030  c_w.l(libinit2.o)
    0x0000014c   0x0000014c   0x00000000   Code   RO          759    .ARM.Collect$$libinit$$00000032  c_w.l(libinit2.o)
    0x0000014c   0x0000014c   0x00000002   Code   RO          760    .ARM.Collect$$libinit$$00000033  c_w.l(libinit2.o)
    0x0000014e   0x0000014e   0x00000002   Code   RO          784    .ARM.Collect$$libshutdown$$00000000  c_w.l(libshutdown.o)
    0x00000150   0x00000150   0x00000000   Code   RO          797    .ARM.Collect$$libshutdown$$00000002  c_w.l(libshutdown2.o)
    0x00000150   0x00000150   0x00000000   Code   RO          799    .ARM.Collect$$libshutdown$$00000004  c_w.l(libshutdown2.o)
    0x00000150   0x00000150   0x00000000   Code   RO          801    .ARM.Collect$$libshutdown$$00000006  c_w.l(libshutdown2.o)
    0x00000150   0x00000150   0x00000000   Code   RO          804    .ARM.Collect$$libshutdown$$00000009  c_w.l(libshutdown2.o)
    0x00000150   0x00000150   0x00000000   Code   RO          807    .ARM.Collect$$libshutdown$$0000000C  c_w.l(libshutdown2.o)
    0x00000150   0x00000150   0x00000000   Code   RO          809    .ARM.Collect$$libshutdown$$0000000E  c_w.l(libshutdown2.o)
    0x00000150   0x00000150   0x00000000   Code   RO          812    .ARM.Collect$$libshutdown$$00000011  c_w.l(libshutdown2.o)
    0x00000150   0x00000150   0x00000002   Code   RO          813    .ARM.Collect$$libshutdown$$00000012  c_w.l(libshutdown2.o)
    0x00000152   0x00000152   0x00000000   Code   RO          614    .ARM.Collect$$rtentry$$00000000  c_w.l(__rtentry.o)
    0x00000152   0x00000152   0x00000000   Code   RO          668    .ARM.Collect$$rtentry$$00000002  c_w.l(__rtentry2.o)
    0x00000152   0x00000152   0x00000006   Code   RO          680    .ARM.Collect$$rtentry$$00000004  c_w.l(__rtentry4.o)
    0x00000158   0x00000158   0x00000000   Code   RO          670    .ARM.Collect$$rtentry$$00000009  c_w.l(__rtentry2.o)
    0x00000158   0x00000158   0x00000004   Code   RO          671    .ARM.Collect$$rtentry$$0000000A  c_w.l(__rtentry2.o)
    0x0000015c   0x0000015c   0x00000000   Code   RO          673    .ARM.Collect$$rtentry$$0000000C  c_w.l(__rtentry2.o)
    0x0000015c   0x0000015c   0x00000008   Code   RO          674    .ARM.Collect$$rtentry$$0000000D  c_w.l(__rtentry2.o)
    0x00000164   0x00000164   0x00000002   Code   RO          714    .ARM.Collect$$rtexit$$00000000  c_w.l(rtexit.o)
    0x00000166   0x00000166   0x00000000   Code   RO          764    .ARM.Collect$$rtexit$$00000002  c_w.l(rtexit2.o)
    0x00000166   0x00000166   0x00000004   Code   RO          765    .ARM.Collect$$rtexit$$00000003  c_w.l(rtexit2.o)
    0x0000016a   0x0000016a   0x00000006   Code   RO          766    .ARM.Collect$$rtexit$$00000004  c_w.l(rtexit2.o)
    0x00000170   0x00000170   0x00000034   Code   RO            5    .text               startup_lpc17xx.o
    0x000001a4   0x000001a4   0x00000064   Code   RO           94    .text               sample.o
    0x00000208   0x00000208   0x000000b8   Code   RO          175    .text               irq_button.o
    0x000002c0   0x000002c0   0x00000020   Code   RO          434    .text               asciilib.o
    0x000002e0   0x000002e0   0x00000006   Code   RO          534    .text               c_w.l(heapauxi.o)
    0x000002e6   0x000002e6   0x00000016   Code   RO          615    .text               c_w.l(_rserrno.o)
    0x000002fc   0x000002fc   0x00000004   Code   RO            4    .ARM.__at_0x02FC    startup_lpc17xx.o
    0x00000300   0x00000300   0x00000964   Code   RO           16    .text               pong.o
    0x00000c64   0x00000c64   0x0000024c   Code   RO          148    .text               system_lpc17xx.o
    0x00000eb0   0x00000eb0   0x000000d4   Code   RO          207    .text               lib_button.o
    0x00000f84   0x00000f84   0x00000340   Code   RO          235    .text               irq_timer.o
    0x000012c4   0x000012c4   0x0000017c   Code   RO          277    .text               lib_timer.o
    0x00001440   0x00001440   0x000001f4   Code   RO          301    .text               irq_rit.o
    0x00001634   0x00001634   0x00000094   Code   RO          342    .text               lib_rit.o
    0x000016c8   0x000016c8   0x00000128   Code   RO          370    .text               irq_adc.o
    0x000017f0   0x000017f0   0x00000090   Code   RO          413    .text               lib_adc.o
    0x00001880   0x00001880   0x000041fe   Code   RO          457    .text               glcd.o
    0x00005a7e   0x00005a7e   0x00000002   PAD
    0x00005a80   0x00005a80   0x00000028   Code   RO          504    .text               c_w.l(noretval__2sprintf.o)
    0x00005aa8   0x00005aa8   0x00000068   Code   RO          506    .text               c_w.l(__printf.o)
    0x00005b10   0x00005b10   0x00000078   Code   RO          508    .text               c_w.l(_printf_dec.o)
    0x00005b88   0x00005b88   0x0000008a   Code   RO          532    .text               c_w.l(rt_memcpy_v6.o)
    0x00005c12   0x00005c12   0x000000b2   Code   RO          617    .text               c_w.l(_printf_intcommon.o)
    0x00005cc4   0x00005cc4   0x00000030   Code   RO          619    .text               c_w.l(_printf_char_common.o)
    0x00005cf4   0x00005cf4   0x0000000a   Code   RO          621    .text               c_w.l(_sputc.o)
    0x00005cfe   0x00005cfe   0x00000064   Code   RO          624    .text               c_w.l(rt_memcpy_w.o)
    0x00005d62   0x00005d62   0x00000002   PAD
    0x00005d64   0x00005d64   0x00000008   Code   RO          685    .text               c_w.l(rt_errno_addr_intlibspace.o)
    0x00005d6c   0x00005d6c   0x00000008   Code   RO          699    .text               c_w.l(libspace.o)
    0x00005d74   0x00005d74   0x0000004a   Code   RO          702    .text               c_w.l(sys_stackheap_outer.o)
    0x00005dbe   0x00005dbe   0x00000012   Code   RO          704    .text               c_w.l(exit.o)
    0x00005dd0   0x00005dd0   0x0000000c   Code   RO          776    .text               c_w.l(sys_exit.o)
    0x00005ddc   0x00005ddc   0x00000002   Code   RO          787    .text               c_w.l(use_no_semi.o)
    0x00005dde   0x00005dde   0x00000000   Code   RO          789    .text               c_w.l(indicate_semi.o)
    0x00005dde   0x00005dde   0x00000028   Code   RO          695    i.__ARM_fpclassify  m_ws.l(fpclassify.o)
    0x00005e06   0x00005e06   0x00000002   PAD
    0x00005e08   0x00005e08   0x00000388   Code   RO          656    i.__ieee754_rem_pio2  m_ws.l(rred.o)
    0x00006190   0x00006190   0x000000fc   Code   RO          639    i.__kernel_cos      m_ws.l(cos_i.o)
    0x0000628c   0x0000628c   0x000000aa   Code   RO          697    i.__kernel_poly     m_ws.l(poly.o)
    0x00006336   0x00006336   0x00000002   PAD
    0x00006338   0x00006338   0x000000ec   Code   RO          661    i.__kernel_sin      m_ws.l(sin_i.o)
    0x00006424   0x00006424   0x00000006   Code   RO          643    i.__mathlib_dbl_infnan  m_ws.l(dunder.o)
    0x0000642a   0x0000642a   0x0000000c   Code   RO          645    i.__mathlib_dbl_invalid  m_ws.l(dunder.o)
    0x00006436   0x00006436   0x00000002   PAD
    0x00006438   0x00006438   0x00000010   Code   RO          648    i.__mathlib_dbl_underflow  m_ws.l(dunder.o)
    0x00006448   0x00006448   0x0000009c   Code   RO          595    i.cos               m_ws.l(cos.o)
    0x000064e4   0x000064e4   0x000000dc   Code   RO          603    i.floor             m_ws.l(floor.o)
    0x000065c0   0x000065c0   0x000000a0   Code   RO          607    i.sin               m_ws.l(sin.o)
    0x00006660   0x00006660   0x00000062   Code   RO          538    x$fpl$d2f           fz_ws.l(d2f.o)
    0x000066c2   0x000066c2   0x00000002   PAD
    0x000066c4   0x000066c4   0x00000150   Code   RO          540    x$fpl$dadd          fz_ws.l(daddsub_clz.o)
    0x00006814   0x00006814   0x00000010   Code   RO          712    x$fpl$dcheck1       fz_ws.l(dcheck1.o)
    0x00006824   0x00006824   0x00000018   Code   RO          626    x$fpl$dcmpinf       fz_ws.l(dcmpi.o)
    0x0000683c   0x0000683c   0x000002b0   Code   RO          547    x$fpl$ddiv          fz_ws.l(ddiv.o)
    0x00006aec   0x00006aec   0x0000005e   Code   RO          689    x$fpl$dfix          fz_ws.l(dfix.o)
    0x00006b4a   0x00006b4a   0x00000002   PAD
    0x00006b4c   0x00006b4c   0x0000005a   Code   RO          550    x$fpl$dfixu         fz_ws.l(dfixu.o)
    0x00006ba6   0x00006ba6   0x0000002e   Code   RO          555    x$fpl$dflt          fz_ws.l(dflt_clz.o)
    0x00006bd4   0x00006bd4   0x00000026   Code   RO          554    x$fpl$dfltu         fz_ws.l(dflt_clz.o)
    0x00006bfa   0x00006bfa   0x00000002   PAD
    0x00006bfc   0x00006bfc   0x00000078   Code   RO          560    x$fpl$dleqf         fz_ws.l(dleqf.o)
    0x00006c74   0x00006c74   0x00000154   Code   RO          562    x$fpl$dmul          fz_ws.l(dmul.o)
    0x00006dc8   0x00006dc8   0x0000009c   Code   RO          628    x$fpl$dnaninf       fz_ws.l(dnaninf.o)
    0x00006e64   0x00006e64   0x0000000c   Code   RO          630    x$fpl$dretinf       fz_ws.l(dretinf.o)
    0x00006e70   0x00006e70   0x0000006c   Code   RO          564    x$fpl$drleqf        fz_ws.l(drleqf.o)
    0x00006edc   0x00006edc   0x00000016   Code   RO          541    x$fpl$drsb          fz_ws.l(daddsub_clz.o)
    0x00006ef2   0x00006ef2   0x00000002   PAD
    0x00006ef4   0x00006ef4   0x000001d4   Code   RO          542    x$fpl$dsub          fz_ws.l(daddsub_clz.o)
    0x000070c8   0x000070c8   0x00000056   Code   RO          566    x$fpl$f2d           fz_ws.l(f2d.o)
    0x0000711e   0x0000711e   0x00000002   PAD
    0x00007120   0x00007120   0x000000c4   Code   RO          568    x$fpl$fadd          fz_ws.l(faddsub_clz.o)
    0x000071e4   0x000071e4   0x00000018   Code   RO          632    x$fpl$fcmpinf       fz_ws.l(fcmpi.o)
    0x000071fc   0x000071fc   0x00000184   Code   RO          575    x$fpl$fdiv          fz_ws.l(fdiv.o)
    0x00007380   0x00007380   0x00000036   Code   RO          578    x$fpl$ffix          fz_ws.l(ffix.o)
    0x000073b6   0x000073b6   0x00000002   PAD
    0x000073b8   0x000073b8   0x00000030   Code   RO          583    x$fpl$fflt          fz_ws.l(fflt_clz.o)
    0x000073e8   0x000073e8   0x00000026   Code   RO          582    x$fpl$ffltu         fz_ws.l(fflt_clz.o)
    0x0000740e   0x0000740e   0x00000002   PAD
    0x00007410   0x00007410   0x00000068   Code   RO          588    x$fpl$fleqf         fz_ws.l(fleqf.o)
    0x00007478   0x00007478   0x00000102   Code   RO          590    x$fpl$fmul          fz_ws.l(fmul.o)
    0x0000757a   0x0000757a   0x0000008c   Code   RO          634    x$fpl$fnaninf       fz_ws.l(fnaninf.o)
    0x00007606   0x00007606   0x0000000a   Code   RO          636    x$fpl$fretinf       fz_ws.l(fretinf.o)
    0x00007610   0x00007610   0x00000062   Code   RO          592    x$fpl$frleqf        fz_ws.l(frleqf.o)
    0x00007672   0x00007672   0x00000014   Code   RO          569    x$fpl$frsb          fz_ws.l(faddsub_clz.o)
    0x00007686   0x00007686   0x00000002   PAD
    0x00007688   0x00007688   0x000000ea   Code   RO          570    x$fpl$fsub          fz_ws.l(faddsub_clz.o)
    0x00007772   0x00007772   0x00000064   Code   RO          761    x$fpl$retnan        fz_ws.l(retnan.o)
    0x000077d6   0x000077d6   0x0000005c   Code   RO          693    x$fpl$scalbn        fz_ws.l(scalbn.o)
    0x00007832   0x00007832   0x00000030   Code   RO          774    x$fpl$trapveneer    fz_ws.l(trapv.o)
    0x00007862   0x00007862   0x00000000   Code   RO          638    x$fpl$usenofp       fz_ws.l(usenofp.o)
    0x00007862   0x00007862   0x000005f0   Data   RO          435    .constdata          asciilib.o
    0x00007e52   0x00007e52   0x00000006   PAD
    0x00007e58   0x00007e58   0x00000030   Data   RO          640    .constdata          m_ws.l(cos_i.o)
    0x00007e88   0x00007e88   0x000000c8   Data   RO          658    .constdata          m_ws.l(rred.o)
    0x00007f50   0x00007f50   0x00000028   Data   RO          662    .constdata          m_ws.l(sin_i.o)
    0x00007f78   0x00007f78   0x00000030   Data   RO          844    Region$$Table       anon$$obj.o


    Execution Region RW_IRAM1 (Exec base: 0x10000000, Load base: 0x00007fa8, Size: 0x00000200, Max: 0x00008000, ABSOLUTE)

    Exec Addr    Load Addr    Size         Type   Attr      Idx    E Section Name        Object

    0x10000000        -       0x00000200   Zero   RW            1    STACK               startup_lpc17xx.o


    Execution Region RW_IRAM2 (Exec base: 0x2007c000, Load base: 0x00007fa8, Size: 0x000000b8, Max: 0x00008000, ABSOLUTE)

    Exec Addr    Load Addr    Size         Type   Attr      Idx    E Section Name        Object

    0x2007c000   0x00007fa8   0x00000015   Data   RW           18    .data               pong.o
    0x2007c015   0x00007fbd   0x00000003   PAD
    0x2007c018   0x00007fc0   0x00000005   Data   RW          149    .data               system_lpc17xx.o
    0x2007c01d   0x00007fc5   0x00000001   Data   RW          237    .data               irq_timer.o
    0x2007c01e   0x00007fc6   0x00000002   PAD
    0x2007c020   0x00007fc8   0x0000000c   Data   RW          302    .data               irq_rit.o
    0x2007c02c   0x00007fd4   0x00000003   Data   RW          371    .data               irq_adc.o
    0x2007c02f   0x00007fd7   0x00000001   Data   RW          458    .data               glcd.o
    0x2007c030        -       0x00000028   Zero   RW           17    .bss                pong.o
    0x2007c058        -       0x00000060   Zero   RW          700    .bss                c_w.l(libspace.o)
    0x2007c0b8        -       0x00000000   Zero   RW            2    HEAP                startup_lpc17xx.o


==============================================================================

Image component sizes


      Code (inc. data)   RO Data    RW Data    ZI Data      Debug   Object Name

        32          6       1520          0          0       1019   asciilib.o
     16894        106          0          1          0      41451   glcd.o
       296         16          0          3          0        883   irq_adc.o
       184         28          0          0          0      17861   irq_button.o
       500         88          0         12          0       1177   irq_rit.o
       832         44          0          1          0       4220   irq_timer.o
       144         20          0          0          0        748   lib_adc.o
       212         22          0          0          0        922   lib_button.o
       148         14          0          0          0      27455   lib_rit.o
       380         22          0          0          0       1756   lib_timer.o
      2404        236          0         21         40       9322   pong.o
       100         18          0          0          0        451   sample.o
        56         22        204          0        512       1004   startup_lpc17xx.o
       588         36          0          5          0        901   system_lpc17xx.o

    ----------------------------------------------------------------------
     22772        678       1778         48        552     109170   Object Totals
         0          0         48          0          0          0   (incl. Generated)
         2          0          6          5          0          0   (incl. Padding)

    ----------------------------------------------------------------------

      Code (inc. data)   RO Data    RW Data    ZI Data      Debug   Library Member Name

         8          0          0          0          0         68   __main.o
       104          0          0          0          0         84   __printf.o
         0          0          0          0          0          0   __rtentry.o
        12          0          0          0          0          0   __rtentry2.o
         6          0          0          0          0          0   __rtentry4.o
        52          8          0          0          0          0   __scatter.o
        26          0          0          0          0          0   __scatter_copy.o
        28          0          0          0          0          0   __scatter_zi.o
        48          6          0          0          0         96   _printf_char_common.o
         6          0          0          0          0          0   _printf_d.o
       120         16          0          0          0         92   _printf_dec.o
       178          0          0          0          0         88   _printf_intcommon.o
         0          0          0          0          0          0   _printf_percent.o
         4          0          0          0          0          0   _printf_percent_end.o
        22          0          0          0          0        100   _rserrno.o
        10          0          0          0          0         68   _sputc.o
        18          0          0          0          0         80   exit.o
         6          0          0          0          0        152   heapauxi.o
         0          0          0          0          0          0   indicate_semi.o
         2          0          0          0          0          0   libinit.o
         2          0          0          0          0          0   libinit2.o
         2          0          0          0          0          0   libshutdown.o
         2          0          0          0          0          0   libshutdown2.o
         8          4          0          0         96         68   libspace.o
        40          6          0          0          0         84   noretval__2sprintf.o
         8          4          0          0          0         68   rt_errno_addr_intlibspace.o
       138          0          0          0          0         68   rt_memcpy_v6.o
       100          0          0          0          0         80   rt_memcpy_w.o
         2          0          0          0          0          0   rtexit.o
        10          0          0          0          0          0   rtexit2.o
        12          4          0          0          0         68   sys_exit.o
        74          0          0          0          0         80   sys_stackheap_outer.o
         2          0          0          0          0         68   use_no_semi.o
        98          4          0          0          0         92   d2f.o
       826         16          0          0          0        348   daddsub_clz.o
        16          4          0          0          0         68   dcheck1.o
        24          0          0          0          0         68   dcmpi.o
       688        140          0          0          0        208   ddiv.o
        94          4          0          0          0         92   dfix.o
        90          4          0          0          0         92   dfixu.o
        84          0          0          0          0        136   dflt_clz.o
       120          4          0          0          0         92   dleqf.o
       340         12          0          0          0        104   dmul.o
       156          4          0          0          0         92   dnaninf.o
        12          0          0          0          0         68   dretinf.o
       108          0          0          0          0         80   drleqf.o
        86          4          0          0          0         84   f2d.o
       450          8          0          0          0        236   faddsub_clz.o
        24          0          0          0          0         68   fcmpi.o
       388         76          0          0          0         96   fdiv.o
        54          4          0          0          0         84   ffix.o
        86          0          0          0          0        136   fflt_clz.o
       104          4          0          0          0         84   fleqf.o
       258          4          0          0          0         84   fmul.o
       140          4          0          0          0         84   fnaninf.o
        10          0          0          0          0         68   fretinf.o
        98          0          0          0          0         68   frleqf.o
       100          0          0          0          0         68   retnan.o
        92          0          0          0          0         68   scalbn.o
        48          0          0          0          0         68   trapv.o
         0          0          0          0          0          0   usenofp.o
       156          8          0          0          0        104   cos.o
       252         22         48          0          0        124   cos_i.o
        34          6          0          0          0        204   dunder.o
       220         16          0          0          0         84   floor.o
        40          0          0          0          0         68   fpclassify.o
       170          0          0          0          0         96   poly.o
       904         76        200          0          0        140   rred.o
       160         10          0          0          0        108   sin.o
       236         12         40          0          0        128   sin_i.o

    ----------------------------------------------------------------------
      7842        494        288          0         96       5304   Library Totals
        26          0          0          0          0          0   (incl. Padding)

    ----------------------------------------------------------------------

      Code (inc. data)   RO Data    RW Data    ZI Data      Debug   Library Name

      1050         48          0          0         96       1412   c_w.l
      4594        296          0          0          0       2836   fz_ws.l
      2172        150        288          0          0       1056   m_ws.l

    ----------------------------------------------------------------------
      7842        494        288          0         96       5304   Library Totals

    ----------------------------------------------------------------------

==============================================================================


      Code (inc. data)   RO Data    RW Data    ZI Data      Debug   

     30614       1172       2066         48        648     110778   Grand Totals
     30614       1172       2066         48        648     110778   ELF Image Totals
     30614       1172       2066         48          0          0   ROM Totals

==============================================================================

    Total RO  Size (Code + RO Data)                32680 (  31.91kB)
    Total RW  Size (RW Data + ZI Data)               696 (   0.68kB)
    Total ROM Size (Code + RO Data + RW Data)      32728 (  31.96kB)

==============================================================================

